mode: set
github.com/frosado/onecloudriver/internal/fs/cache.go:54.76,56.36 2 1
github.com/frosado/onecloudriver/internal/fs/cache.go:56.36,58.3 1 1
github.com/frosado/onecloudriver/internal/fs/cache.go:59.2,59.53 1 1
github.com/frosado/onecloudriver/internal/fs/cache.go:154.34,163.2 1 1
github.com/frosado/onecloudriver/internal/fs/cache.go:178.83,182.47 3 1
github.com/frosado/onecloudriver/internal/fs/cache.go:182.47,183.44 1 1
github.com/frosado/onecloudriver/internal/fs/cache.go:183.44,185.4 1 1
github.com/frosado/onecloudriver/internal/fs/cache.go:187.2,187.16 1 1
github.com/frosado/onecloudriver/internal/fs/cache.go:187.16,189.3 1 1
github.com/frosado/onecloudriver/internal/fs/cache.go:194.66,199.37 4 1
github.com/frosado/onecloudriver/internal/fs/cache.go:199.37,200.20 1 1
github.com/frosado/onecloudriver/internal/fs/cache.go:200.20,202.4 1 1
github.com/frosado/onecloudriver/internal/fs/cache.go:204.2,205.37 2 1
github.com/frosado/onecloudriver/internal/fs/cache.go:205.37,207.3 1 1
github.com/frosado/onecloudriver/internal/fs/cache.go:211.47,212.32 1 1
github.com/frosado/onecloudriver/internal/fs/cache.go:212.32,213.22 1 1
github.com/frosado/onecloudriver/internal/fs/cache.go:213.22,215.4 1 1
github.com/frosado/onecloudriver/internal/fs/cache.go:217.2,217.14 1 1
github.com/frosado/onecloudriver/internal/fs/cache.go:223.44,224.38 1 1
github.com/frosado/onecloudriver/internal/fs/cache.go:224.38,227.3 2 1
github.com/frosado/onecloudriver/internal/fs/cache.go:228.2,228.12 1 1
github.com/frosado/onecloudriver/internal/fs/cache.go:233.43,234.18 1 1
github.com/frosado/onecloudriver/internal/fs/cache.go:234.18,236.3 1 1
github.com/frosado/onecloudriver/internal/fs/cache.go:237.2,242.20 4 1
github.com/frosado/onecloudriver/internal/fs/cache.go:242.20,243.47 1 1
github.com/frosado/onecloudriver/internal/fs/cache.go:243.47,249.49 3 1
github.com/frosado/onecloudriver/internal/fs/cache.go:249.49,253.5 3 1
github.com/frosado/onecloudriver/internal/fs/cache.go:254.4,254.25 1 1
github.com/frosado/onecloudriver/internal/fs/cache.go:260.40,262.18 2 1
github.com/frosado/onecloudriver/internal/fs/cache.go:262.18,264.3 1 1
github.com/frosado/onecloudriver/internal/fs/cache.go:267.2,268.20 2 1
github.com/frosado/onecloudriver/internal/fs/cache.go:268.20,269.47 1 1
github.com/frosado/onecloudriver/internal/fs/cache.go:269.47,271.4 1 1
github.com/frosado/onecloudriver/internal/fs/cache.go:274.2,274.31 1 1
github.com/frosado/onecloudriver/internal/fs/cache.go:274.31,276.3 1 1
github.com/frosado/onecloudriver/internal/fs/cache.go:277.2,279.20 3 1
github.com/frosado/onecloudriver/internal/fs/cache.go:279.20,281.3 1 1
github.com/frosado/onecloudriver/internal/fs/cache.go:297.30,299.2 1 1
github.com/frosado/onecloudriver/internal/fs/cache.go:311.30,313.2 1 1
github.com/frosado/onecloudriver/internal/fs/cache.go:323.30,326.78 2 1
github.com/frosado/onecloudriver/internal/fs/cache.go:326.78,333.3 6 1
github.com/frosado/onecloudriver/internal/fs/cache.go:335.2,336.49 2 1
github.com/frosado/onecloudriver/internal/fs/cache.go:336.49,342.3 1 1
github.com/frosado/onecloudriver/internal/fs/cache.go:343.2,346.18 2 1
github.com/frosado/onecloudriver/internal/fs/cache.go:346.18,348.3 1 1
github.com/frosado/onecloudriver/internal/fs/cache.go:351.2,352.16 2 1
github.com/frosado/onecloudriver/internal/fs/cache.go:352.16,354.3 1 1
github.com/frosado/onecloudriver/internal/fs/cache.go:357.2,360.23 3 1
github.com/frosado/onecloudriver/internal/fs/cache.go:360.23,370.29 3 1
github.com/frosado/onecloudriver/internal/fs/cache.go:370.29,374.4 3 1
github.com/frosado/onecloudriver/internal/fs/cache.go:375.3,376.16 2 1
github.com/frosado/onecloudriver/internal/fs/cache.go:376.16,378.4 1 1
github.com/frosado/onecloudriver/internal/fs/cache.go:379.3,380.33 2 1
github.com/frosado/onecloudriver/internal/fs/cache.go:384.2,384.19 1 1
github.com/frosado/onecloudriver/internal/fs/cache.go:384.19,388.3 2 1
github.com/frosado/onecloudriver/internal/fs/cache.go:389.2,393.17 5 1
github.com/frosado/onecloudriver/internal/fs/cache.go:393.17,395.3 1 1
github.com/frosado/onecloudriver/internal/fs/cache.go:397.2,397.15 1 1
github.com/frosado/onecloudriver/internal/fs/cache.go:397.15,399.3 1 1
github.com/frosado/onecloudriver/internal/fs/cache.go:402.2,403.33 2 1
github.com/frosado/onecloudriver/internal/fs/cache.go:403.33,404.20 1 1
github.com/frosado/onecloudriver/internal/fs/cache.go:404.20,406.4 1 1
github.com/frosado/onecloudriver/internal/fs/cache.go:408.2,410.22 2 1
github.com/frosado/onecloudriver/internal/fs/cache.go:414.114,416.16 2 1
github.com/frosado/onecloudriver/internal/fs/cache.go:416.16,418.3 1 0
github.com/frosado/onecloudriver/internal/fs/cache.go:419.2,419.28 1 1
github.com/frosado/onecloudriver/internal/fs/cache.go:435.57,438.2 2 1
github.com/frosado/onecloudriver/internal/fs/cache.go:444.71,446.49 2 1
github.com/frosado/onecloudriver/internal/fs/cache.go:446.49,448.35 2 1
github.com/frosado/onecloudriver/internal/fs/cache.go:448.35,452.4 3 1
github.com/frosado/onecloudriver/internal/fs/cache.go:453.3,453.14 1 1
github.com/frosado/onecloudriver/internal/fs/cache.go:455.2,455.14 1 1
github.com/frosado/onecloudriver/internal/fs/cache.go:459.68,461.25 2 1
github.com/frosado/onecloudriver/internal/fs/cache.go:461.25,462.39 1 1
github.com/frosado/onecloudriver/internal/fs/cache.go:462.39,464.4 1 1
github.com/frosado/onecloudriver/internal/fs/cache.go:466.2,466.15 1 1
github.com/frosado/onecloudriver/internal/fs/cache.go:482.103,485.31 2 1
github.com/frosado/onecloudriver/internal/fs/cache.go:485.31,487.3 1 1
github.com/frosado/onecloudriver/internal/fs/cache.go:489.2,492.34 3 1
github.com/frosado/onecloudriver/internal/fs/cache.go:492.34,493.32 1 1
github.com/frosado/onecloudriver/internal/fs/cache.go:493.32,494.12 1 0
github.com/frosado/onecloudriver/internal/fs/cache.go:496.3,497.17 2 1
github.com/frosado/onecloudriver/internal/fs/cache.go:497.17,499.4 1 1
github.com/frosado/onecloudriver/internal/fs/cache.go:500.3,501.14 2 1
github.com/frosado/onecloudriver/internal/fs/cache.go:501.14,503.4 1 1
github.com/frosado/onecloudriver/internal/fs/cache.go:505.3,505.29 1 1
github.com/frosado/onecloudriver/internal/fs/cache.go:505.29,507.4 1 1
github.com/frosado/onecloudriver/internal/fs/cache.go:509.3,509.21 1 1
github.com/frosado/onecloudriver/internal/fs/cache.go:509.21,511.4 1 1
github.com/frosado/onecloudriver/internal/fs/cache.go:512.3,512.25 1 1
github.com/frosado/onecloudriver/internal/fs/cache.go:515.2,515.73 1 0
github.com/frosado/onecloudriver/internal/fs/cache.go:527.35,531.21 3 1
github.com/frosado/onecloudriver/internal/fs/cache.go:531.21,533.3 1 1
github.com/frosado/onecloudriver/internal/fs/cache.go:534.2,536.12 3 1
github.com/frosado/onecloudriver/internal/fs/cache.go:536.12,541.7 5 1
github.com/frosado/onecloudriver/internal/fs/cache.go:541.7,542.11 1 1
github.com/frosado/onecloudriver/internal/fs/cache.go:543.20,545.11 2 1
github.com/frosado/onecloudriver/internal/fs/cache.go:546.20,547.14 1 0
github.com/frosado/onecloudriver/internal/fs/cache.go:554.30,560.2 4 1
github.com/frosado/onecloudriver/internal/fs/cache.go:564.35,566.2 1 1
github.com/frosado/onecloudriver/internal/fs/cache.go:572.53,575.49 2 1
github.com/frosado/onecloudriver/internal/fs/cache.go:575.49,577.33 2 1
github.com/frosado/onecloudriver/internal/fs/cache.go:577.33,579.4 1 1
github.com/frosado/onecloudriver/internal/fs/cache.go:582.3,589.24 5 1
github.com/frosado/onecloudriver/internal/fs/cache.go:589.24,599.4 4 1
github.com/frosado/onecloudriver/internal/fs/cache.go:600.3,600.14 1 1
github.com/frosado/onecloudriver/internal/fs/cache.go:621.33,621.50 1 1
github.com/frosado/onecloudriver/internal/fs/cache.go:624.43,624.70 1 1
github.com/frosado/onecloudriver/internal/fs/cache.go:627.38,627.65 1 1
github.com/frosado/onecloudriver/internal/fs/cache.go:630.36,630.74 1 1
github.com/frosado/onecloudriver/internal/fs/cache.go:633.34,639.2 5 1
github.com/frosado/onecloudriver/internal/fs/cache.go:643.36,644.24 1 1
github.com/frosado/onecloudriver/internal/fs/cache.go:644.24,646.3 1 1
github.com/frosado/onecloudriver/internal/fs/cache.go:647.2,647.26 1 1
github.com/frosado/onecloudriver/internal/fs/cache.go:652.69,656.2 3 1
github.com/frosado/onecloudriver/internal/fs/cache.go:661.71,662.48 1 1
github.com/frosado/onecloudriver/internal/fs/cache.go:662.48,664.3 1 1
github.com/frosado/onecloudriver/internal/fs/cache.go:666.2,668.33 3 1
github.com/frosado/onecloudriver/internal/fs/cache.go:668.33,670.3 1 1
github.com/frosado/onecloudriver/internal/fs/cache.go:671.2,679.4 3 1
github.com/frosado/onecloudriver/internal/fs/cache.go:686.81,690.31 3 1
github.com/frosado/onecloudriver/internal/fs/cache.go:690.31,692.57 2 1
github.com/frosado/onecloudriver/internal/fs/cache.go:692.57,693.12 1 1
github.com/frosado/onecloudriver/internal/fs/cache.go:695.3,696.49 2 1
github.com/frosado/onecloudriver/internal/fs/cache.go:696.49,697.12 1 1
github.com/frosado/onecloudriver/internal/fs/cache.go:699.3,699.37 1 1
github.com/frosado/onecloudriver/internal/fs/cache.go:701.2,701.21 1 1
github.com/frosado/onecloudriver/internal/fs/cache.go:713.49,714.23 1 1
github.com/frosado/onecloudriver/internal/fs/cache.go:714.23,716.3 1 1
github.com/frosado/onecloudriver/internal/fs/cache.go:718.2,719.34 2 1
github.com/frosado/onecloudriver/internal/fs/cache.go:719.34,721.3 1 1
github.com/frosado/onecloudriver/internal/fs/cache.go:723.2,724.39 2 1
github.com/frosado/onecloudriver/internal/fs/cache.go:724.39,726.10 2 1
github.com/frosado/onecloudriver/internal/fs/cache.go:726.10,727.9 1 0
github.com/frosado/onecloudriver/internal/fs/cache.go:729.3,730.19 2 1
github.com/frosado/onecloudriver/internal/fs/cache.go:730.19,731.12 1 0
github.com/frosado/onecloudriver/internal/fs/cache.go:733.3,740.26 4 1
github.com/frosado/onecloudriver/internal/fs/cache.go:751.50,752.46 1 1
github.com/frosado/onecloudriver/internal/fs/cache.go:752.46,753.33 1 1
github.com/frosado/onecloudriver/internal/fs/cache.go:753.33,755.4 1 1
github.com/frosado/onecloudriver/internal/fs/cache.go:756.3,758.89 3 1
github.com/frosado/onecloudriver/internal/fs/cache.go:764.38,765.49 1 1
github.com/frosado/onecloudriver/internal/fs/cache.go:765.49,767.26 2 1
github.com/frosado/onecloudriver/internal/fs/cache.go:767.26,771.4 3 1
github.com/frosado/onecloudriver/internal/fs/cache.go:772.3,772.14 1 1
github.com/frosado/onecloudriver/internal/fs/cache.go:774.2,774.53 1 1
github.com/frosado/onecloudriver/internal/fs/cache.go:788.46,790.45 2 1
github.com/frosado/onecloudriver/internal/fs/cache.go:790.45,793.3 2 1
github.com/frosado/onecloudriver/internal/fs/cache.go:794.2,799.3 1 1
github.com/frosado/onecloudriver/internal/fs/cache.go:806.73,807.23 1 1
github.com/frosado/onecloudriver/internal/fs/cache.go:807.23,809.3 1 0
github.com/frosado/onecloudriver/internal/fs/cache.go:810.2,824.46 5 1
github.com/frosado/onecloudriver/internal/fs/cache.go:824.46,827.3 2 1
github.com/frosado/onecloudriver/internal/fs/cache.go:828.2,828.30 1 1
github.com/frosado/onecloudriver/internal/fs/cache.go:837.60,839.18 2 1
github.com/frosado/onecloudriver/internal/fs/cache.go:839.18,841.3 1 0
github.com/frosado/onecloudriver/internal/fs/cache.go:844.2,844.46 1 1
github.com/frosado/onecloudriver/internal/fs/cache.go:844.46,846.3 1 1
github.com/frosado/onecloudriver/internal/fs/cache.go:848.2,850.20 3 1
github.com/frosado/onecloudriver/internal/fs/cache.go:850.20,852.3 1 1
github.com/frosado/onecloudriver/internal/fs/cache.go:866.50,868.9 2 1
github.com/frosado/onecloudriver/internal/fs/cache.go:868.9,870.3 1 1
github.com/frosado/onecloudriver/internal/fs/cache.go:871.2,880.20 7 1
github.com/frosado/onecloudriver/internal/fs/cache.go:880.20,882.3 1 1
github.com/frosado/onecloudriver/internal/fs/cache.go:883.2,887.20 3 1
github.com/frosado/onecloudriver/internal/fs/cache.go:887.20,888.47 1 1
github.com/frosado/onecloudriver/internal/fs/cache.go:888.47,890.39 2 1
github.com/frosado/onecloudriver/internal/fs/cache.go:890.39,891.20 1 1
github.com/frosado/onecloudriver/internal/fs/cache.go:891.20,893.11 2 1
github.com/frosado/onecloudriver/internal/fs/cache.go:896.4,897.25 2 1
github.com/frosado/onecloudriver/internal/fs/cache.go:903.74,905.18 2 1
github.com/frosado/onecloudriver/internal/fs/cache.go:905.18,907.3 1 0
github.com/frosado/onecloudriver/internal/fs/cache.go:910.2,910.55 1 1
github.com/frosado/onecloudriver/internal/fs/cache.go:910.55,912.3 1 1
github.com/frosado/onecloudriver/internal/fs/cache.go:915.2,915.55 1 1
github.com/frosado/onecloudriver/internal/fs/cache.go:915.55,920.51 3 1
github.com/frosado/onecloudriver/internal/fs/cache.go:920.51,924.4 3 1
github.com/frosado/onecloudriver/internal/fs/cache.go:925.3,925.27 1 1
github.com/frosado/onecloudriver/internal/fs/cache.go:927.2,927.22 1 1
github.com/frosado/onecloudriver/internal/fs/cache.go:935.43,939.2 3 1
github.com/frosado/onecloudriver/internal/fs/cache.go:943.45,947.2 3 1
github.com/frosado/onecloudriver/internal/fs/cache.go:952.83,953.16 1 1
github.com/frosado/onecloudriver/internal/fs/cache.go:953.16,955.3 1 0
github.com/frosado/onecloudriver/internal/fs/cache.go:956.2,958.12 3 1
github.com/frosado/onecloudriver/internal/fs/cache.go:963.51,965.21 2 1
github.com/frosado/onecloudriver/internal/fs/cache.go:965.21,967.3 1 1
github.com/frosado/onecloudriver/internal/fs/cache.go:968.2,969.13 2 1
github.com/frosado/onecloudriver/internal/fs/cache.go:990.54,992.2 1 1
github.com/frosado/onecloudriver/internal/fs/cache.go:997.77,1002.16 2 1
github.com/frosado/onecloudriver/internal/fs/cache.go:1002.16,1003.44 1 1
github.com/frosado/onecloudriver/internal/fs/cache.go:1003.44,1005.4 1 1
github.com/frosado/onecloudriver/internal/fs/cache.go:1006.3,1006.67 1 1
github.com/frosado/onecloudriver/internal/fs/cache.go:1010.2,1010.46 1 1
github.com/frosado/onecloudriver/internal/fs/cache.go:1010.46,1011.75 1 1
github.com/frosado/onecloudriver/internal/fs/cache.go:1011.75,1013.4 1 0
github.com/frosado/onecloudriver/internal/fs/cache.go:1014.3,1014.72 1 1
github.com/frosado/onecloudriver/internal/fs/cache.go:1014.72,1016.4 1 0
github.com/frosado/onecloudriver/internal/fs/cache.go:1017.3,1017.74 1 1
github.com/frosado/onecloudriver/internal/fs/cache.go:1017.74,1019.4 1 0
github.com/frosado/onecloudriver/internal/fs/cache.go:1020.3,1020.13 1 1
github.com/frosado/onecloudriver/internal/fs/cache.go:1021.17,1024.3 2 0
github.com/frosado/onecloudriver/internal/fs/cache.go:1026.2,1030.48 3 1
github.com/frosado/onecloudriver/internal/fs/cache.go:1030.48,1032.3 1 0
github.com/frosado/onecloudriver/internal/fs/cache.go:1034.2,1035.12 2 1
github.com/frosado/onecloudriver/internal/fs/cache.go:1051.43,1052.17 1 1
github.com/frosado/onecloudriver/internal/fs/cache.go:1052.17,1054.3 1 1
github.com/frosado/onecloudriver/internal/fs/cache.go:1056.2,1056.45 1 1
github.com/frosado/onecloudriver/internal/fs/cache.go:1056.45,1058.20 2 1
github.com/frosado/onecloudriver/internal/fs/cache.go:1058.20,1060.4 1 0
github.com/frosado/onecloudriver/internal/fs/cache.go:1064.3,1067.50 3 1
github.com/frosado/onecloudriver/internal/fs/cache.go:1067.50,1069.34 2 1
github.com/frosado/onecloudriver/internal/fs/cache.go:1069.34,1072.31 1 1
github.com/frosado/onecloudriver/internal/fs/cache.go:1072.31,1074.6 1 1
github.com/frosado/onecloudriver/internal/fs/cache.go:1075.5,1075.16 1 1
github.com/frosado/onecloudriver/internal/fs/cache.go:1077.4,1079.15 3 1
github.com/frosado/onecloudriver/internal/fs/cache.go:1084.3,1084.31 1 1
github.com/frosado/onecloudriver/internal/fs/cache.go:1084.31,1085.40 1 1
github.com/frosado/onecloudriver/internal/fs/cache.go:1085.40,1087.5 1 1
github.com/frosado/onecloudriver/internal/fs/cache.go:1091.3,1091.29 1 1
github.com/frosado/onecloudriver/internal/fs/cache.go:1091.29,1092.40 1 1
github.com/frosado/onecloudriver/internal/fs/cache.go:1092.40,1094.56 2 1
github.com/frosado/onecloudriver/internal/fs/cache.go:1094.56,1096.14 2 0
github.com/frosado/onecloudriver/internal/fs/cache.go:1098.5,1098.45 1 1
github.com/frosado/onecloudriver/internal/fs/cache.go:1101.3,1101.13 1 1
github.com/frosado/onecloudriver/internal/fs/cache.go:1103.2,1103.16 1 1
github.com/frosado/onecloudriver/internal/fs/cache.go:1103.16,1105.3 1 0
github.com/frosado/onecloudriver/internal/fs/cache.go:1109.2,1114.12 5 1
github.com/frosado/onecloudriver/internal/fs/cache.go:1130.45,1131.17 1 1
github.com/frosado/onecloudriver/internal/fs/cache.go:1131.17,1133.3 1 1
github.com/frosado/onecloudriver/internal/fs/cache.go:1138.2,1145.42 7 1
github.com/frosado/onecloudriver/internal/fs/cache.go:1145.42,1147.3 1 1
github.com/frosado/onecloudriver/internal/fs/cache.go:1149.2,1159.62 5 1
github.com/frosado/onecloudriver/internal/fs/cache.go:1159.62,1161.26 2 1
github.com/frosado/onecloudriver/internal/fs/cache.go:1161.26,1163.4 1 1
github.com/frosado/onecloudriver/internal/fs/cache.go:1164.3,1165.49 2 1
github.com/frosado/onecloudriver/internal/fs/cache.go:1165.49,1167.21 2 1
github.com/frosado/onecloudriver/internal/fs/cache.go:1167.21,1169.5 1 0
github.com/frosado/onecloudriver/internal/fs/cache.go:1170.4,1170.29 1 1
github.com/frosado/onecloudriver/internal/fs/cache.go:1170.29,1172.21 2 1
github.com/frosado/onecloudriver/internal/fs/cache.go:1172.21,1175.54 1 1
github.com/frosado/onecloudriver/internal/fs/cache.go:1175.54,1177.7 1 0
github.com/frosado/onecloudriver/internal/fs/cache.go:1178.6,1178.14 1 1
github.com/frosado/onecloudriver/internal/fs/cache.go:1183.5,1183.61 1 1
github.com/frosado/onecloudriver/internal/fs/cache.go:1183.61,1184.14 1 1
github.com/frosado/onecloudriver/internal/fs/cache.go:1186.5,1187.56 2 1
github.com/frosado/onecloudriver/internal/fs/cache.go:1187.56,1189.6 1 0
github.com/frosado/onecloudriver/internal/fs/cache.go:1190.5,1190.45 1 1
github.com/frosado/onecloudriver/internal/fs/cache.go:1192.4,1192.14 1 1
github.com/frosado/onecloudriver/internal/fs/cache.go:1193.18,1195.29 1 0
github.com/frosado/onecloudriver/internal/fs/cache.go:1195.29,1197.5 1 0
github.com/frosado/onecloudriver/internal/fs/cache.go:1198.4,1198.23 1 0
github.com/frosado/onecloudriver/internal/fs/cache.go:1198.23,1200.5 1 0
github.com/frosado/onecloudriver/internal/fs/cache.go:1205.2,1205.64 1 1
github.com/frosado/onecloudriver/internal/fs/cache.go:1205.64,1207.28 2 1
github.com/frosado/onecloudriver/internal/fs/cache.go:1207.28,1209.4 1 1
github.com/frosado/onecloudriver/internal/fs/cache.go:1210.3,1211.49 2 1
github.com/frosado/onecloudriver/internal/fs/cache.go:1211.49,1213.21 2 1
github.com/frosado/onecloudriver/internal/fs/cache.go:1213.21,1215.5 1 0
github.com/frosado/onecloudriver/internal/fs/cache.go:1216.4,1216.29 1 1
github.com/frosado/onecloudriver/internal/fs/cache.go:1216.29,1217.53 1 1
github.com/frosado/onecloudriver/internal/fs/cache.go:1217.53,1219.6 1 0
github.com/frosado/onecloudriver/internal/fs/cache.go:1221.4,1221.14 1 1
github.com/frosado/onecloudriver/internal/fs/cache.go:1222.18,1223.29 1 0
github.com/frosado/onecloudriver/internal/fs/cache.go:1223.29,1225.5 1 0
github.com/frosado/onecloudriver/internal/fs/cache.go:1226.4,1226.23 1 0
github.com/frosado/onecloudriver/internal/fs/cache.go:1226.23,1228.5 1 0
github.com/frosado/onecloudriver/internal/fs/cache.go:1232.2,1232.21 1 1
github.com/frosado/onecloudriver/internal/fs/cache.go:1232.21,1234.3 1 0
github.com/frosado/onecloudriver/internal/fs/cache.go:1235.2,1235.17 1 1
github.com/frosado/onecloudriver/internal/fs/cache.go:1239.50,1240.17 1 1
github.com/frosado/onecloudriver/internal/fs/cache.go:1240.17,1242.3 1 0
github.com/frosado/onecloudriver/internal/fs/cache.go:1244.2,1245.43 2 1
github.com/frosado/onecloudriver/internal/fs/cache.go:1245.43,1247.20 2 1
github.com/frosado/onecloudriver/internal/fs/cache.go:1247.20,1249.4 1 0
github.com/frosado/onecloudriver/internal/fs/cache.go:1251.3,1251.49 1 1
github.com/frosado/onecloudriver/internal/fs/cache.go:1251.49,1253.18 2 1
github.com/frosado/onecloudriver/internal/fs/cache.go:1253.18,1256.5 2 0
github.com/frosado/onecloudriver/internal/fs/cache.go:1258.4,1258.68 1 1
github.com/frosado/onecloudriver/internal/fs/cache.go:1258.68,1266.34 4 1
github.com/frosado/onecloudriver/internal/fs/cache.go:1266.34,1268.6 1 1
github.com/frosado/onecloudriver/internal/fs/cache.go:1270.4,1270.14 1 1
github.com/frosado/onecloudriver/internal/fs/cache.go:1273.2,1273.16 1 1
github.com/frosado/onecloudriver/internal/fs/cache.go:1273.16,1275.3 1 0
github.com/frosado/onecloudriver/internal/fs/cache.go:1277.2,1277.15 1 1
github.com/frosado/onecloudriver/internal/fs/cache.go:1277.15,1279.3 1 1
github.com/frosado/onecloudriver/internal/fs/cache.go:1280.2,1280.12 1 1
github.com/frosado/onecloudriver/internal/fs/cache.go:1287.44,1288.17 1 1
github.com/frosado/onecloudriver/internal/fs/cache.go:1288.17,1290.3 1 1
github.com/frosado/onecloudriver/internal/fs/cache.go:1292.2,1293.43 2 1
github.com/frosado/onecloudriver/internal/fs/cache.go:1293.43,1295.20 2 1
github.com/frosado/onecloudriver/internal/fs/cache.go:1295.20,1297.4 1 0
github.com/frosado/onecloudriver/internal/fs/cache.go:1298.3,1298.54 1 1
github.com/frosado/onecloudriver/internal/fs/cache.go:1298.54,1300.4 1 1
github.com/frosado/onecloudriver/internal/fs/cache.go:1301.3,1301.13 1 1
github.com/frosado/onecloudriver/internal/fs/cache.go:1303.2,1303.16 1 1
github.com/frosado/onecloudriver/internal/fs/cache.go:1303.16,1305.3 1 0
github.com/frosado/onecloudriver/internal/fs/cache.go:1306.2,1306.13 1 1
github.com/frosado/onecloudriver/internal/fs/cache.go:1313.48,1314.17 1 1
github.com/frosado/onecloudriver/internal/fs/cache.go:1314.17,1316.3 1 1
github.com/frosado/onecloudriver/internal/fs/cache.go:1318.2,1318.45 1 1
github.com/frosado/onecloudriver/internal/fs/cache.go:1318.45,1320.20 2 1
github.com/frosado/onecloudriver/internal/fs/cache.go:1320.20,1322.4 1 0
github.com/frosado/onecloudriver/internal/fs/cache.go:1323.3,1323.50 1 1
github.com/frosado/onecloudriver/internal/fs/cache.go:1325.2,1325.16 1 1
github.com/frosado/onecloudriver/internal/fs/cache.go:1325.16,1327.3 1 0
github.com/frosado/onecloudriver/internal/fs/cache.go:1334.44,1336.2 1 0
github.com/frosado/onecloudriver/internal/fs/cache.go:1345.64,1346.17 1 1
github.com/frosado/onecloudriver/internal/fs/cache.go:1346.17,1348.3 1 1
github.com/frosado/onecloudriver/internal/fs/cache.go:1349.2,1349.45 1 1
github.com/frosado/onecloudriver/internal/fs/cache.go:1349.45,1351.20 2 1
github.com/frosado/onecloudriver/internal/fs/cache.go:1351.20,1353.4 1 0
github.com/frosado/onecloudriver/internal/fs/cache.go:1354.3,1354.38 1 1
github.com/frosado/onecloudriver/internal/fs/cache.go:1356.2,1356.16 1 1
github.com/frosado/onecloudriver/internal/fs/cache.go:1356.16,1358.3 1 0
github.com/frosado/onecloudriver/internal/fs/cache.go:1364.61,1365.17 1 1
github.com/frosado/onecloudriver/internal/fs/cache.go:1365.17,1367.3 1 1
github.com/frosado/onecloudriver/internal/fs/cache.go:1368.2,1369.43 2 1
github.com/frosado/onecloudriver/internal/fs/cache.go:1369.43,1371.20 2 1
github.com/frosado/onecloudriver/internal/fs/cache.go:1371.20,1373.4 1 0
github.com/frosado/onecloudriver/internal/fs/cache.go:1374.3,1374.49 1 1
github.com/frosado/onecloudriver/internal/fs/cache.go:1374.49,1377.4 2 1
github.com/frosado/onecloudriver/internal/fs/cache.go:1379.2,1379.16 1 1
github.com/frosado/onecloudriver/internal/fs/cache.go:1379.16,1383.3 1 0
github.com/frosado/onecloudriver/internal/fs/cache.go:1384.2,1384.15 1 1
github.com/frosado/onecloudriver/internal/fs/cache.go:1390.53,1391.17 1 1
github.com/frosado/onecloudriver/internal/fs/cache.go:1391.17,1393.3 1 1
github.com/frosado/onecloudriver/internal/fs/cache.go:1394.2,1394.45 1 1
github.com/frosado/onecloudriver/internal/fs/cache.go:1394.45,1396.20 2 1
github.com/frosado/onecloudriver/internal/fs/cache.go:1396.20,1398.4 1 0
github.com/frosado/onecloudriver/internal/fs/cache.go:1399.3,1399.35 1 1
github.com/frosado/onecloudriver/internal/fs/cache.go:1401.2,1401.16 1 1
github.com/frosado/onecloudriver/internal/fs/cache.go:1401.16,1403.3 1 0
github.com/frosado/onecloudriver/internal/fs/cache.go:1409.39,1411.2 1 1
github.com/frosado/onecloudriver/internal/fs/cache.go:1414.41,1416.15 2 1
github.com/frosado/onecloudriver/internal/fs/cache.go:1416.15,1417.8 1 1
github.com/frosado/onecloudriver/internal/fs/cache.go:1417.8,1419.4 1 1
github.com/frosado/onecloudriver/internal/fs/cache.go:1419.9,1421.4 1 1
github.com/frosado/onecloudriver/internal/fs/cache.go:1428.36,1433.21 3 1
github.com/frosado/onecloudriver/internal/fs/cache.go:1433.21,1437.3 3 1
github.com/frosado/onecloudriver/internal/fs/cache.go:1440.2,1440.17 1 1
github.com/frosado/onecloudriver/internal/fs/cache.go:1440.17,1441.42 1 1
github.com/frosado/onecloudriver/internal/fs/cache.go:1441.42,1443.4 1 0
github.com/frosado/onecloudriver/internal/fs/cache.go:1444.3,1444.38 1 1
github.com/frosado/onecloudriver/internal/fs/cache.go:1444.38,1446.4 1 0
github.com/frosado/onecloudriver/internal/fs/cache.go:1447.3,1448.47 2 1
github.com/frosado/onecloudriver/internal/fs/cache.go:1450.2,1450.12 1 1
github.com/frosado/onecloudriver/internal/fs/cache.go:1457.52,1460.2 2 1
github.com/frosado/onecloudriver/internal/fs/cache.go:1463.46,1465.2 1 1
github.com/frosado/onecloudriver/internal/fs/cache.go:1469.43,1472.2 2 1
github.com/frosado/onecloudriver/internal/fs/cache.go:1475.39,1477.2 1 1
github.com/frosado/onecloudriver/internal/fs/cache.go:1479.46,1480.18 1 1
github.com/frosado/onecloudriver/internal/fs/cache.go:1480.18,1482.3 1 0
github.com/frosado/onecloudriver/internal/fs/cache.go:1483.2,1483.16 1 1
github.com/frosado/onecloudriver/internal/fs/cache.go:1489.43,1492.15 3 1
github.com/frosado/onecloudriver/internal/fs/cache.go:1492.15,1494.3 1 0
github.com/frosado/onecloudriver/internal/fs/cache.go:1495.2,1495.19 1 1
github.com/frosado/onecloudriver/internal/fs/cache.go:1511.48,1512.48 1 1
github.com/frosado/onecloudriver/internal/fs/cache.go:1512.48,1514.3 1 1
github.com/frosado/onecloudriver/internal/fs/cache.go:1516.2,1527.18 7 1
github.com/frosado/onecloudriver/internal/fs/cache.go:1532.56,1534.2 1 1
github.com/frosado/onecloudriver/internal/fs/cache.go:1538.91,1544.32 5 1
github.com/frosado/onecloudriver/internal/fs/cache.go:1544.32,1546.3 1 1
github.com/frosado/onecloudriver/internal/fs/cache.go:1551.100,1553.48 2 1
github.com/frosado/onecloudriver/internal/fs/cache.go:1553.48,1555.3 1 1
github.com/frosado/onecloudriver/internal/fs/cache.go:1556.2,1556.47 1 1
github.com/frosado/onecloudriver/internal/fs/cache.go:1556.47,1558.3 1 1
github.com/frosado/onecloudriver/internal/fs/cache.go:1559.2,1567.24 6 1
github.com/frosado/onecloudriver/internal/fs/cache.go:1567.24,1571.3 2 1
github.com/frosado/onecloudriver/internal/fs/cache.go:1573.2,1581.25 4 1
github.com/frosado/onecloudriver/internal/fs/cache.go:1589.57,1593.20 3 1
github.com/frosado/onecloudriver/internal/fs/cache.go:1593.20,1595.3 1 1
github.com/frosado/onecloudriver/internal/fs/cache.go:1597.2,1597.67 1 1
github.com/frosado/onecloudriver/internal/fs/cache.go:1597.67,1599.39 1 1
github.com/frosado/onecloudriver/internal/fs/cache.go:1599.39,1601.4 1 1
github.com/frosado/onecloudriver/internal/fs/cache.go:1602.8,1603.80 1 1
github.com/frosado/onecloudriver/internal/fs/cache.go:1603.80,1605.4 1 1
github.com/frosado/onecloudriver/internal/fs/cache.go:1608.2,1608.19 1 1
github.com/frosado/onecloudriver/internal/fs/content_cache.go:80.63,81.53 1 1
github.com/frosado/onecloudriver/internal/fs/content_cache.go:81.53,83.3 1 1
github.com/frosado/onecloudriver/internal/fs/content_cache.go:84.2,88.56 2 1
github.com/frosado/onecloudriver/internal/fs/content_cache.go:88.56,90.3 1 0
github.com/frosado/onecloudriver/internal/fs/content_cache.go:91.2,91.19 1 1
github.com/frosado/onecloudriver/internal/fs/content_cache.go:97.55,101.2 3 1
github.com/frosado/onecloudriver/internal/fs/content_cache.go:111.54,117.38 2 1
github.com/frosado/onecloudriver/internal/fs/content_cache.go:117.38,120.3 2 1
github.com/frosado/onecloudriver/internal/fs/content_cache.go:126.2,126.29 1 1
github.com/frosado/onecloudriver/internal/fs/content_cache.go:126.29,129.3 2 1
github.com/frosado/onecloudriver/internal/fs/content_cache.go:131.2,131.41 1 1
github.com/frosado/onecloudriver/internal/fs/content_cache.go:141.58,142.34 1 1
github.com/frosado/onecloudriver/internal/fs/content_cache.go:142.34,145.3 2 1
github.com/frosado/onecloudriver/internal/fs/content_cache.go:150.2,153.16 4 1
github.com/frosado/onecloudriver/internal/fs/content_cache.go:153.16,156.3 2 0
github.com/frosado/onecloudriver/internal/fs/content_cache.go:157.2,159.60 3 1
github.com/frosado/onecloudriver/internal/fs/content_cache.go:159.60,161.46 2 0
github.com/frosado/onecloudriver/internal/fs/content_cache.go:161.46,164.4 2 0
github.com/frosado/onecloudriver/internal/fs/content_cache.go:165.3,166.18 2 0
github.com/frosado/onecloudriver/internal/fs/content_cache.go:168.2,170.16 2 1
github.com/frosado/onecloudriver/internal/fs/content_cache.go:175.64,176.21 1 1
github.com/frosado/onecloudriver/internal/fs/content_cache.go:176.21,178.3 1 1
github.com/frosado/onecloudriver/internal/fs/content_cache.go:179.2,185.16 6 1
github.com/frosado/onecloudriver/internal/fs/content_cache.go:185.16,187.3 1 1
github.com/frosado/onecloudriver/internal/fs/content_cache.go:188.2,189.16 2 1
github.com/frosado/onecloudriver/internal/fs/content_cache.go:189.16,191.3 1 0
github.com/frosado/onecloudriver/internal/fs/content_cache.go:192.2,193.12 2 1
github.com/frosado/onecloudriver/internal/fs/content_cache.go:208.81,209.21 1 1
github.com/frosado/onecloudriver/internal/fs/content_cache.go:209.21,211.3 1 1
github.com/frosado/onecloudriver/internal/fs/content_cache.go:212.2,217.16 5 1
github.com/frosado/onecloudriver/internal/fs/content_cache.go:217.16,219.3 1 0
github.com/frosado/onecloudriver/internal/fs/content_cache.go:220.2,220.41 1 1
github.com/frosado/onecloudriver/internal/fs/content_cache.go:220.41,222.3 1 0
github.com/frosado/onecloudriver/internal/fs/content_cache.go:223.2,223.39 1 1
github.com/frosado/onecloudriver/internal/fs/content_cache.go:223.39,225.3 1 0
github.com/frosado/onecloudriver/internal/fs/content_cache.go:226.2,227.16 2 1
github.com/frosado/onecloudriver/internal/fs/content_cache.go:227.16,229.3 1 0
github.com/frosado/onecloudriver/internal/fs/content_cache.go:230.2,233.16 4 1
github.com/frosado/onecloudriver/internal/fs/content_cache.go:233.16,235.3 1 0
github.com/frosado/onecloudriver/internal/fs/content_cache.go:236.2,237.15 2 1
github.com/frosado/onecloudriver/internal/fs/content_cache.go:243.41,249.17 5 1
github.com/frosado/onecloudriver/internal/fs/content_cache.go:249.17,251.3 1 1
github.com/frosado/onecloudriver/internal/fs/content_cache.go:256.52,259.14 3 1
github.com/frosado/onecloudriver/internal/fs/content_cache.go:259.14,262.3 2 1
github.com/frosado/onecloudriver/internal/fs/content_cache.go:263.2,264.9 2 1
github.com/frosado/onecloudriver/internal/fs/content_cache.go:264.9,267.3 2 0
github.com/frosado/onecloudriver/internal/fs/content_cache.go:272.2,273.42 2 1
github.com/frosado/onecloudriver/internal/fs/content_cache.go:273.42,275.3 1 0
github.com/frosado/onecloudriver/internal/fs/content_cache.go:275.8,277.3 1 1
github.com/frosado/onecloudriver/internal/fs/content_cache.go:279.2,283.20 4 1
github.com/frosado/onecloudriver/internal/fs/content_cache.go:283.20,285.3 1 0
github.com/frosado/onecloudriver/internal/fs/content_cache.go:286.2,286.21 1 1
github.com/frosado/onecloudriver/internal/fs/content_cache.go:286.21,288.3 1 0
github.com/frosado/onecloudriver/internal/fs/content_cache.go:289.2,289.56 1 1
github.com/frosado/onecloudriver/internal/fs/content_cache.go:293.48,294.21 1 1
github.com/frosado/onecloudriver/internal/fs/content_cache.go:294.21,296.3 1 1
github.com/frosado/onecloudriver/internal/fs/content_cache.go:297.2,308.9 10 1
github.com/frosado/onecloudriver/internal/fs/content_cache.go:309.18,311.14 2 1
github.com/frosado/onecloudriver/internal/fs/content_cache.go:311.14,313.4 1 1
github.com/frosado/onecloudriver/internal/fs/content_cache.go:314.3,315.32 2 1
github.com/frosado/onecloudriver/internal/fs/content_cache.go:316.37,318.39 2 1
github.com/frosado/onecloudriver/internal/fs/content_cache.go:320.2,321.12 2 1
github.com/frosado/onecloudriver/internal/fs/content_cache.go:325.51,326.33 1 1
github.com/frosado/onecloudriver/internal/fs/content_cache.go:326.33,328.3 1 1
github.com/frosado/onecloudriver/internal/fs/content_cache.go:329.2,330.19 2 1
github.com/frosado/onecloudriver/internal/fs/content_cache.go:336.80,337.21 1 1
github.com/frosado/onecloudriver/internal/fs/content_cache.go:337.21,339.3 1 1
github.com/frosado/onecloudriver/internal/fs/content_cache.go:340.2,346.16 6 1
github.com/frosado/onecloudriver/internal/fs/content_cache.go:346.16,348.3 1 0
github.com/frosado/onecloudriver/internal/fs/content_cache.go:349.2,350.16 2 1
github.com/frosado/onecloudriver/internal/fs/content_cache.go:350.16,352.3 1 0
github.com/frosado/onecloudriver/internal/fs/content_cache.go:353.2,356.16 4 1
github.com/frosado/onecloudriver/internal/fs/content_cache.go:356.16,358.3 1 0
github.com/frosado/onecloudriver/internal/fs/content_cache.go:359.2,359.29 1 1
github.com/frosado/onecloudriver/internal/fs/content_cache.go:359.29,361.3 1 1
github.com/frosado/onecloudriver/internal/fs/content_cache.go:362.2,362.15 1 1
github.com/frosado/onecloudriver/internal/fs/content_cache.go:367.46,368.34 1 1
github.com/frosado/onecloudriver/internal/fs/content_cache.go:368.34,371.17 3 1
github.com/frosado/onecloudriver/internal/fs/content_cache.go:371.17,373.4 1 1
github.com/frosado/onecloudriver/internal/fs/content_cache.go:375.2,376.16 2 1
github.com/frosado/onecloudriver/internal/fs/content_cache.go:376.16,378.3 1 1
github.com/frosado/onecloudriver/internal/fs/content_cache.go:379.2,379.18 1 1
github.com/frosado/onecloudriver/internal/fs/content_cache.go:389.50,395.16 5 1
github.com/frosado/onecloudriver/internal/fs/content_cache.go:395.16,398.3 2 0
github.com/frosado/onecloudriver/internal/fs/content_cache.go:399.2,399.41 1 1
github.com/frosado/onecloudriver/internal/fs/content_cache.go:399.41,402.3 2 0
github.com/frosado/onecloudriver/internal/fs/content_cache.go:403.2,404.16 2 1
github.com/frosado/onecloudriver/internal/fs/content_cache.go:404.16,407.3 2 0
github.com/frosado/onecloudriver/internal/fs/content_cache.go:408.2,408.13 1 1
github.com/frosado/onecloudriver/internal/fs/content_cache.go:420.46,422.2 1 1
github.com/frosado/onecloudriver/internal/fs/content_cache.go:439.67,440.23 1 1
github.com/frosado/onecloudriver/internal/fs/content_cache.go:440.23,442.3 1 1
github.com/frosado/onecloudriver/internal/fs/content_cache.go:444.2,449.16 5 1
github.com/frosado/onecloudriver/internal/fs/content_cache.go:449.16,451.3 1 0
github.com/frosado/onecloudriver/internal/fs/content_cache.go:452.2,452.41 1 1
github.com/frosado/onecloudriver/internal/fs/content_cache.go:452.41,454.3 1 0
github.com/frosado/onecloudriver/internal/fs/content_cache.go:456.2,457.47 2 1
github.com/frosado/onecloudriver/internal/fs/content_cache.go:457.47,459.3 1 0
github.com/frosado/onecloudriver/internal/fs/content_cache.go:462.2,463.16 2 1
github.com/frosado/onecloudriver/internal/fs/content_cache.go:463.16,465.3 1 0
github.com/frosado/onecloudriver/internal/fs/content_cache.go:466.2,470.20 4 1
github.com/frosado/onecloudriver/internal/fs/content_cache.go:470.20,473.3 2 0
github.com/frosado/onecloudriver/internal/fs/content_cache.go:474.2,474.21 1 1
github.com/frosado/onecloudriver/internal/fs/content_cache.go:474.21,477.3 2 0
github.com/frosado/onecloudriver/internal/fs/content_cache.go:478.2,478.12 1 1
github.com/frosado/onecloudriver/internal/fs/content_cache.go:478.12,481.3 2 1
github.com/frosado/onecloudriver/internal/fs/content_cache.go:483.2,483.21 1 1
github.com/frosado/onecloudriver/internal/fs/content_cache.go:487.47,490.2 2 1
github.com/frosado/onecloudriver/internal/fs/content_cache.go:496.66,497.23 1 1
github.com/frosado/onecloudriver/internal/fs/content_cache.go:497.23,499.3 1 0
github.com/frosado/onecloudriver/internal/fs/content_cache.go:500.2,505.16 5 1
github.com/frosado/onecloudriver/internal/fs/content_cache.go:505.16,508.3 2 0
github.com/frosado/onecloudriver/internal/fs/content_cache.go:509.2,509.41 1 1
github.com/frosado/onecloudriver/internal/fs/content_cache.go:509.41,512.3 2 0
github.com/frosado/onecloudriver/internal/fs/content_cache.go:513.2,514.42 2 1
github.com/frosado/onecloudriver/internal/fs/content_cache.go:514.42,517.3 2 0
github.com/frosado/onecloudriver/internal/fs/content_cache.go:518.2,518.60 1 1
github.com/frosado/onecloudriver/internal/fs/content_cache.go:526.51,528.18 2 1
github.com/frosado/onecloudriver/internal/fs/content_cache.go:528.18,530.3 1 1
github.com/frosado/onecloudriver/internal/fs/content_cache.go:534.40,536.2 1 1
github.com/frosado/onecloudriver/internal/fs/content_cache.go:539.42,541.2 1 1
github.com/frosado/onecloudriver/internal/fs/content_cache.go:546.47,549.16 3 1
github.com/frosado/onecloudriver/internal/fs/content_cache.go:549.16,551.3 1 0
github.com/frosado/onecloudriver/internal/fs/content_cache.go:552.2,552.32 1 1
github.com/frosado/onecloudriver/internal/fs/content_cache.go:552.32,553.20 1 1
github.com/frosado/onecloudriver/internal/fs/content_cache.go:553.20,554.12 1 0
github.com/frosado/onecloudriver/internal/fs/content_cache.go:556.3,557.17 2 1
github.com/frosado/onecloudriver/internal/fs/content_cache.go:557.17,558.12 1 0
github.com/frosado/onecloudriver/internal/fs/content_cache.go:560.3,560.23 1 1
github.com/frosado/onecloudriver/internal/fs/content_cache.go:562.2,562.14 1 1
github.com/frosado/onecloudriver/internal/fs/content_cache.go:575.37,576.20 1 1
github.com/frosado/onecloudriver/internal/fs/content_cache.go:576.20,578.3 1 1
github.com/frosado/onecloudriver/internal/fs/content_cache.go:579.2,579.27 1 1
github.com/frosado/onecloudriver/internal/fs/content_cache.go:579.27,581.3 1 1
github.com/frosado/onecloudriver/internal/fs/content_cache.go:582.2,582.12 1 1
github.com/frosado/onecloudriver/internal/fs/content_cache.go:582.12,585.3 2 1
github.com/frosado/onecloudriver/internal/fs/content_cache.go:589.37,591.2 1 1
github.com/frosado/onecloudriver/internal/fs/content_cache.go:595.35,597.48 2 1
github.com/frosado/onecloudriver/internal/fs/content_cache.go:597.48,598.37 1 1
github.com/frosado/onecloudriver/internal/fs/content_cache.go:598.37,601.36 1 1
github.com/frosado/onecloudriver/internal/fs/content_cache.go:601.36,603.5 1 0
github.com/frosado/onecloudriver/internal/fs/content_cache.go:604.4,604.37 1 1
github.com/frosado/onecloudriver/internal/fs/content_cache.go:604.37,606.5 1 0
github.com/frosado/onecloudriver/internal/fs/content_cache.go:608.3,609.14 2 1
github.com/frosado/onecloudriver/internal/fs/content_cache.go:611.2,611.55 1 1
github.com/frosado/onecloudriver/internal/fs/content_eviction.go:28.30,28.47 1 1
github.com/frosado/onecloudriver/internal/fs/content_eviction.go:30.40,31.38 1 1
github.com/frosado/onecloudriver/internal/fs/content_eviction.go:31.38,33.3 1 1
github.com/frosado/onecloudriver/internal/fs/content_eviction.go:34.2,34.42 1 1
github.com/frosado/onecloudriver/internal/fs/content_eviction.go:37.35,41.2 3 1
github.com/frosado/onecloudriver/internal/fs/content_eviction.go:43.37,45.9 2 1
github.com/frosado/onecloudriver/internal/fs/content_eviction.go:45.9,47.3 1 0
github.com/frosado/onecloudriver/internal/fs/content_eviction.go:48.2,49.24 2 1
github.com/frosado/onecloudriver/internal/fs/content_eviction.go:52.31,60.2 7 1
github.com/frosado/onecloudriver/internal/fs/content_eviction.go:65.56,70.16 4 1
github.com/frosado/onecloudriver/internal/fs/content_eviction.go:70.16,72.3 1 0
github.com/frosado/onecloudriver/internal/fs/content_eviction.go:74.2,77.32 4 1
github.com/frosado/onecloudriver/internal/fs/content_eviction.go:77.32,78.20 1 1
github.com/frosado/onecloudriver/internal/fs/content_eviction.go:78.20,79.12 1 0
github.com/frosado/onecloudriver/internal/fs/content_eviction.go:81.3,82.17 2 1
github.com/frosado/onecloudriver/internal/fs/content_eviction.go:82.17,85.12 2 0
github.com/frosado/onecloudriver/internal/fs/content_eviction.go:88.3,98.23 5 1
github.com/frosado/onecloudriver/internal/fs/content_eviction.go:100.2,101.12 2 1
github.com/frosado/onecloudriver/internal/fs/content_eviction.go:107.79,108.27 1 1
github.com/frosado/onecloudriver/internal/fs/content_eviction.go:108.27,110.3 1 0
github.com/frosado/onecloudriver/internal/fs/content_eviction.go:112.2,113.13 2 1
github.com/frosado/onecloudriver/internal/fs/content_eviction.go:113.13,125.3 5 1
github.com/frosado/onecloudriver/internal/fs/content_eviction.go:127.2,131.22 5 1
github.com/frosado/onecloudriver/internal/fs/content_eviction.go:131.22,133.3 1 1
github.com/frosado/onecloudriver/internal/fs/content_eviction.go:133.8,135.3 1 0
github.com/frosado/onecloudriver/internal/fs/content_eviction.go:140.57,143.16 3 1
github.com/frosado/onecloudriver/internal/fs/content_eviction.go:143.16,145.3 1 0
github.com/frosado/onecloudriver/internal/fs/content_eviction.go:146.2,147.12 2 1
github.com/frosado/onecloudriver/internal/fs/content_eviction.go:152.82,153.27 1 1
github.com/frosado/onecloudriver/internal/fs/content_eviction.go:153.27,154.48 1 1
github.com/frosado/onecloudriver/internal/fs/content_eviction.go:154.48,156.4 1 1
github.com/frosado/onecloudriver/internal/fs/content_eviction.go:158.2,159.16 2 1
github.com/frosado/onecloudriver/internal/fs/content_eviction.go:159.16,161.3 1 0
github.com/frosado/onecloudriver/internal/fs/content_eviction.go:162.2,163.12 2 1
github.com/frosado/onecloudriver/internal/fs/content_eviction.go:168.63,170.13 2 1
github.com/frosado/onecloudriver/internal/fs/content_eviction.go:170.13,172.3 1 0
github.com/frosado/onecloudriver/internal/fs/content_eviction.go:173.2,173.22 1 1
github.com/frosado/onecloudriver/internal/fs/content_eviction.go:173.22,175.3 1 1
github.com/frosado/onecloudriver/internal/fs/content_eviction.go:176.2,176.30 1 1
github.com/frosado/onecloudriver/internal/fs/content_eviction.go:182.65,183.42 1 1
github.com/frosado/onecloudriver/internal/fs/content_eviction.go:183.42,185.3 1 1
github.com/frosado/onecloudriver/internal/fs/content_eviction.go:187.2,188.36 2 1
github.com/frosado/onecloudriver/internal/fs/content_eviction.go:188.36,190.10 2 1
github.com/frosado/onecloudriver/internal/fs/content_eviction.go:190.10,192.4 1 0
github.com/frosado/onecloudriver/internal/fs/content_eviction.go:193.3,193.38 1 1
github.com/frosado/onecloudriver/internal/fs/content_eviction.go:193.38,196.4 2 0
github.com/frosado/onecloudriver/internal/fs/content_eviction.go:197.3,197.14 1 1
github.com/frosado/onecloudriver/internal/fs/content_eviction.go:199.2,199.13 1 1
github.com/frosado/onecloudriver/internal/fs/content_eviction.go:205.38,209.83 3 1
github.com/frosado/onecloudriver/internal/fs/content_eviction.go:209.83,211.3 1 1
github.com/frosado/onecloudriver/internal/fs/content_eviction.go:213.2,214.64 2 1
github.com/frosado/onecloudriver/internal/fs/content_eviction.go:214.64,216.10 2 1
github.com/frosado/onecloudriver/internal/fs/content_eviction.go:216.10,217.12 1 0
github.com/frosado/onecloudriver/internal/fs/content_eviction.go:220.3,221.34 2 1
github.com/frosado/onecloudriver/internal/fs/content_eviction.go:221.34,222.12 1 0
github.com/frosado/onecloudriver/internal/fs/content_eviction.go:224.3,224.32 1 1
github.com/frosado/onecloudriver/internal/fs/content_eviction.go:224.32,226.12 2 1
github.com/frosado/onecloudriver/internal/fs/content_eviction.go:229.3,229.47 1 1
github.com/frosado/onecloudriver/internal/fs/content_eviction.go:229.47,230.26 1 0
github.com/frosado/onecloudriver/internal/fs/content_eviction.go:230.26,233.13 3 0
github.com/frosado/onecloudriver/internal/fs/content_eviction.go:235.4,238.12 3 0
github.com/frosado/onecloudriver/internal/fs/content_eviction.go:241.3,247.55 3 1
github.com/frosado/onecloudriver/internal/fs/content_eviction.go:250.2,250.33 1 1
github.com/frosado/onecloudriver/internal/fs/content_eviction.go:250.33,252.3 1 1
github.com/frosado/onecloudriver/internal/fs/content_eviction.go:254.2,257.47 1 1
github.com/frosado/onecloudriver/internal/fs/delta.go:70.51,72.2 1 1
github.com/frosado/onecloudriver/internal/fs/delta.go:80.14,88.2 1 1
github.com/frosado/onecloudriver/internal/fs/delta.go:92.72,94.12 2 1
github.com/frosado/onecloudriver/internal/fs/delta.go:94.12,98.3 3 1
github.com/frosado/onecloudriver/internal/fs/delta.go:108.64,110.16 2 1
github.com/frosado/onecloudriver/internal/fs/delta.go:110.16,114.3 1 0
github.com/frosado/onecloudriver/internal/fs/delta.go:115.2,116.54 2 1
github.com/frosado/onecloudriver/internal/fs/delta.go:116.54,118.3 1 0
github.com/frosado/onecloudriver/internal/fs/delta.go:119.2,120.21 2 1
github.com/frosado/onecloudriver/internal/fs/delta.go:127.56,129.2 1 0
github.com/frosado/onecloudriver/internal/fs/delta.go:132.28,133.9 1 1
github.com/frosado/onecloudriver/internal/fs/delta.go:134.18,134.18 0 0
github.com/frosado/onecloudriver/internal/fs/delta.go:136.10,137.18 1 1
github.com/frosado/onecloudriver/internal/fs/delta.go:139.2,140.38 2 1
github.com/frosado/onecloudriver/internal/fs/delta.go:145.76,148.6 2 1
github.com/frosado/onecloudriver/internal/fs/delta.go:148.6,149.10 1 1
github.com/frosado/onecloudriver/internal/fs/delta.go:150.19,151.10 1 0
github.com/frosado/onecloudriver/internal/fs/delta.go:152.21,153.10 1 0
github.com/frosado/onecloudriver/internal/fs/delta.go:154.11,154.11 0 1
github.com/frosado/onecloudriver/internal/fs/delta.go:157.3,158.17 2 1
github.com/frosado/onecloudriver/internal/fs/delta.go:158.17,167.65 4 1
github.com/frosado/onecloudriver/internal/fs/delta.go:167.65,169.5 1 1
github.com/frosado/onecloudriver/internal/fs/delta.go:172.4,172.11 1 1
github.com/frosado/onecloudriver/internal/fs/delta.go:173.20,174.11 1 0
github.com/frosado/onecloudriver/internal/fs/delta.go:175.22,176.11 1 0
github.com/frosado/onecloudriver/internal/fs/delta.go:177.39,177.39 0 1
github.com/frosado/onecloudriver/internal/fs/delta.go:179.4,179.12 1 1
github.com/frosado/onecloudriver/internal/fs/delta.go:183.3,183.31 1 1
github.com/frosado/onecloudriver/internal/fs/delta.go:183.31,186.4 2 1
github.com/frosado/onecloudriver/internal/fs/delta.go:187.3,192.55 3 1
github.com/frosado/onecloudriver/internal/fs/delta.go:192.55,194.4 1 0
github.com/frosado/onecloudriver/internal/fs/delta.go:195.3,198.10 2 1
github.com/frosado/onecloudriver/internal/fs/delta.go:199.19,200.10 1 0
github.com/frosado/onecloudriver/internal/fs/delta.go:201.21,202.10 1 1
github.com/frosado/onecloudriver/internal/fs/delta.go:203.31,203.31 0 1
github.com/frosado/onecloudriver/internal/fs/delta.go:217.89,224.6 3 1
github.com/frosado/onecloudriver/internal/fs/delta.go:224.6,226.17 2 1
github.com/frosado/onecloudriver/internal/fs/delta.go:226.17,228.27 1 1
github.com/frosado/onecloudriver/internal/fs/delta.go:228.27,230.5 1 0
github.com/frosado/onecloudriver/internal/fs/delta.go:231.4,231.27 1 1
github.com/frosado/onecloudriver/internal/fs/delta.go:236.3,243.12 4 1
github.com/frosado/onecloudriver/internal/fs/delta.go:243.12,248.34 1 1
github.com/frosado/onecloudriver/internal/fs/delta.go:248.34,249.60 1 0
github.com/frosado/onecloudriver/internal/fs/delta.go:249.60,254.6 1 0
github.com/frosado/onecloudriver/internal/fs/delta.go:256.4,257.31 2 1
github.com/frosado/onecloudriver/internal/fs/delta.go:259.3,259.18 1 1
github.com/frosado/onecloudriver/internal/fs/delta.go:271.101,274.23 2 1
github.com/frosado/onecloudriver/internal/fs/delta.go:274.23,275.33 1 1
github.com/frosado/onecloudriver/internal/fs/delta.go:275.33,277.4 1 1
github.com/frosado/onecloudriver/internal/fs/delta.go:281.2,282.25 2 1
github.com/frosado/onecloudriver/internal/fs/delta.go:282.25,283.35 1 1
github.com/frosado/onecloudriver/internal/fs/delta.go:283.35,285.4 1 1
github.com/frosado/onecloudriver/internal/fs/delta.go:291.2,292.25 2 1
github.com/frosado/onecloudriver/internal/fs/delta.go:292.25,293.35 1 0
github.com/frosado/onecloudriver/internal/fs/delta.go:293.35,295.4 1 0
github.com/frosado/onecloudriver/internal/fs/delta.go:297.2,297.40 1 1
github.com/frosado/onecloudriver/internal/fs/delta.go:304.75,306.9 2 1
github.com/frosado/onecloudriver/internal/fs/delta.go:307.18,308.15 1 1
github.com/frosado/onecloudriver/internal/fs/delta.go:309.38,310.14 1 1
github.com/frosado/onecloudriver/internal/fs/delta.go:311.10,317.15 3 0
github.com/frosado/onecloudriver/internal/fs/delta.go:325.73,326.45 1 1
github.com/frosado/onecloudriver/internal/fs/delta.go:326.45,328.3 1 1
github.com/frosado/onecloudriver/internal/fs/delta.go:329.2,330.9 2 1
github.com/frosado/onecloudriver/internal/fs/delta.go:330.9,332.3 1 0
github.com/frosado/onecloudriver/internal/fs/delta.go:333.2,333.54 1 1
github.com/frosado/onecloudriver/internal/fs/delta.go:349.85,353.64 1 1
github.com/frosado/onecloudriver/internal/fs/delta.go:353.64,356.3 2 1
github.com/frosado/onecloudriver/internal/fs/delta.go:357.2,357.56 1 1
github.com/frosado/onecloudriver/internal/fs/delta.go:357.56,359.3 1 1
github.com/frosado/onecloudriver/internal/fs/delta.go:360.2,360.30 1 1
github.com/frosado/onecloudriver/internal/fs/delta.go:360.30,362.3 1 1
github.com/frosado/onecloudriver/internal/fs/delta.go:365.2,365.63 1 1
github.com/frosado/onecloudriver/internal/fs/delta.go:365.63,366.26 1 1
github.com/frosado/onecloudriver/internal/fs/delta.go:366.26,368.50 2 1
github.com/frosado/onecloudriver/internal/fs/delta.go:368.50,370.5 1 1
github.com/frosado/onecloudriver/internal/fs/delta.go:373.2,373.30 1 1
github.com/frosado/onecloudriver/internal/fs/delta.go:373.30,375.3 1 1
github.com/frosado/onecloudriver/internal/fs/delta.go:376.2,376.17 1 1
github.com/frosado/onecloudriver/internal/fs/delta.go:387.62,391.25 4 1
github.com/frosado/onecloudriver/internal/fs/delta.go:391.25,393.3 1 1
github.com/frosado/onecloudriver/internal/fs/delta.go:395.2,406.87 3 1
github.com/frosado/onecloudriver/internal/fs/delta.go:406.87,407.66 1 1
github.com/frosado/onecloudriver/internal/fs/delta.go:407.66,413.4 5 1
github.com/frosado/onecloudriver/internal/fs/delta.go:414.3,414.13 1 1
github.com/frosado/onecloudriver/internal/fs/delta.go:418.2,418.57 1 1
github.com/frosado/onecloudriver/internal/fs/delta.go:418.57,421.3 2 1
github.com/frosado/onecloudriver/internal/fs/delta.go:423.2,426.26 2 1
github.com/frosado/onecloudriver/internal/fs/delta.go:426.26,427.62 1 1
github.com/frosado/onecloudriver/internal/fs/delta.go:427.62,430.4 2 1
github.com/frosado/onecloudriver/internal/fs/delta.go:431.3,433.51 3 1
github.com/frosado/onecloudriver/internal/fs/delta.go:433.51,435.4 1 1
github.com/frosado/onecloudriver/internal/fs/delta.go:436.3,436.13 1 1
github.com/frosado/onecloudriver/internal/fs/delta.go:440.2,440.18 1 1
github.com/frosado/onecloudriver/internal/fs/delta.go:440.18,443.50 2 1
github.com/frosado/onecloudriver/internal/fs/delta.go:443.50,447.4 3 0
github.com/frosado/onecloudriver/internal/fs/delta.go:449.3,452.13 4 1
github.com/frosado/onecloudriver/internal/fs/delta.go:456.2,457.58 2 1
github.com/frosado/onecloudriver/internal/fs/delta.go:457.58,467.26 6 1
github.com/frosado/onecloudriver/internal/fs/delta.go:467.26,469.4 1 1
github.com/frosado/onecloudriver/internal/fs/delta.go:470.3,470.17 1 1
github.com/frosado/onecloudriver/internal/fs/delta.go:475.2,475.67 1 1
github.com/frosado/onecloudriver/internal/fs/delta.go:475.67,480.25 1 1
github.com/frosado/onecloudriver/internal/fs/delta.go:480.25,483.4 2 1
github.com/frosado/onecloudriver/internal/fs/delta.go:484.3,484.57 1 1
github.com/frosado/onecloudriver/internal/fs/delta.go:484.57,487.4 2 1
github.com/frosado/onecloudriver/internal/fs/delta.go:489.3,491.33 3 1
github.com/frosado/onecloudriver/internal/fs/delta.go:491.33,493.4 1 1
github.com/frosado/onecloudriver/internal/fs/delta.go:494.3,496.30 2 1
github.com/frosado/onecloudriver/internal/fs/delta.go:496.30,502.25 6 1
github.com/frosado/onecloudriver/internal/fs/delta.go:502.25,504.5 1 1
github.com/frosado/onecloudriver/internal/fs/delta.go:505.4,512.46 3 1
github.com/frosado/onecloudriver/internal/fs/delta.go:512.46,514.5 1 1
github.com/frosado/onecloudriver/internal/fs/delta.go:514.10,514.59 1 1
github.com/frosado/onecloudriver/internal/fs/delta.go:514.59,516.5 1 0
github.com/frosado/onecloudriver/internal/fs/delta.go:520.2,520.12 1 1
github.com/frosado/onecloudriver/internal/fs/drive_item_node.go:47.102,59.2 11 1
github.com/frosado/onecloudriver/internal/fs/drive_item_node.go:64.84,65.22 1 1
github.com/frosado/onecloudriver/internal/fs/drive_item_node.go:65.22,67.3 1 1
github.com/frosado/onecloudriver/internal/fs/drive_item_node.go:68.2,68.74 1 1
github.com/frosado/onecloudriver/internal/fs/drive_item_node.go:72.113,73.22 1 1
github.com/frosado/onecloudriver/internal/fs/drive_item_node.go:73.22,75.3 1 1
github.com/frosado/onecloudriver/internal/fs/drive_item_node.go:76.2,76.63 1 1
github.com/frosado/onecloudriver/internal/fs/drive_item_node.go:80.125,81.22 1 1
github.com/frosado/onecloudriver/internal/fs/drive_item_node.go:81.22,83.3 1 1
github.com/frosado/onecloudriver/internal/fs/drive_item_node.go:84.2,84.68 1 0
github.com/frosado/onecloudriver/internal/fs/drive_item_node.go:88.79,89.22 1 1
github.com/frosado/onecloudriver/internal/fs/drive_item_node.go:89.22,91.3 1 1
github.com/frosado/onecloudriver/internal/fs/drive_item_node.go:92.2,92.54 1 1
github.com/frosado/onecloudriver/internal/fs/drive_item_node.go:96.80,97.22 1 1
github.com/frosado/onecloudriver/internal/fs/drive_item_node.go:97.22,99.3 1 1
github.com/frosado/onecloudriver/internal/fs/drive_item_node.go:100.2,100.55 1 1
github.com/frosado/onecloudriver/internal/fs/drive_item_node.go:104.138,105.22 1 1
github.com/frosado/onecloudriver/internal/fs/drive_item_node.go:105.22,107.3 1 1
github.com/frosado/onecloudriver/internal/fs/drive_item_node.go:108.2,108.82 1 1
github.com/frosado/onecloudriver/internal/fs/drive_item_node.go:112.46,114.2 1 1
github.com/frosado/onecloudriver/internal/fs/drive_item_node.go:119.163,120.22 1 1
github.com/frosado/onecloudriver/internal/fs/drive_item_node.go:120.22,122.3 1 1
github.com/frosado/onecloudriver/internal/fs/drive_item_node.go:123.2,123.76 1 0
github.com/frosado/onecloudriver/internal/fs/drive_item_node.go:129.104,130.21 1 1
github.com/frosado/onecloudriver/internal/fs/drive_item_node.go:130.21,132.3 1 1
github.com/frosado/onecloudriver/internal/fs/drive_item_node.go:134.2,139.16 4 1
github.com/frosado/onecloudriver/internal/fs/drive_item_node.go:139.16,142.3 2 0
github.com/frosado/onecloudriver/internal/fs/drive_item_node.go:148.2,148.33 1 1
github.com/frosado/onecloudriver/internal/fs/drive_item_node.go:148.33,149.21 1 1
github.com/frosado/onecloudriver/internal/fs/drive_item_node.go:149.21,150.30 1 1
github.com/frosado/onecloudriver/internal/fs/drive_item_node.go:150.30,151.35 1 1
github.com/frosado/onecloudriver/internal/fs/drive_item_node.go:151.35,153.54 2 1
github.com/frosado/onecloudriver/internal/fs/drive_item_node.go:153.54,155.7 1 0
github.com/frosado/onecloudriver/internal/fs/drive_item_node.go:156.6,156.57 1 1
github.com/frosado/onecloudriver/internal/fs/drive_item_node.go:156.57,158.7 1 0
github.com/frosado/onecloudriver/internal/fs/drive_item_node.go:160.10,162.56 2 1
github.com/frosado/onecloudriver/internal/fs/drive_item_node.go:162.56,164.6 1 0
github.com/frosado/onecloudriver/internal/fs/drive_item_node.go:167.3,167.37 1 1
github.com/frosado/onecloudriver/internal/fs/drive_item_node.go:171.2,171.47 1 1
github.com/frosado/onecloudriver/internal/fs/drive_item_node.go:171.47,173.54 2 0
github.com/frosado/onecloudriver/internal/fs/drive_item_node.go:173.54,176.4 2 0
github.com/frosado/onecloudriver/internal/fs/drive_item_node.go:180.2,180.32 1 1
github.com/frosado/onecloudriver/internal/fs/drive_item_node.go:180.32,181.40 1 1
github.com/frosado/onecloudriver/internal/fs/drive_item_node.go:181.40,184.4 2 0
github.com/frosado/onecloudriver/internal/fs/drive_item_node.go:185.3,188.19 4 1
github.com/frosado/onecloudriver/internal/fs/drive_item_node.go:191.2,191.36 1 1
github.com/frosado/onecloudriver/internal/fs/drive_item_node.go:195.123,197.16 2 1
github.com/frosado/onecloudriver/internal/fs/drive_item_node.go:197.16,200.3 2 0
github.com/frosado/onecloudriver/internal/fs/drive_item_node.go:201.2,201.54 1 1
github.com/frosado/onecloudriver/internal/fs/drive_item_node.go:206.115,208.16 2 1
github.com/frosado/onecloudriver/internal/fs/drive_item_node.go:208.16,211.3 2 0
github.com/frosado/onecloudriver/internal/fs/drive_item_node.go:214.2,216.16 3 1
github.com/frosado/onecloudriver/internal/fs/drive_item_node.go:216.16,219.3 2 0
github.com/frosado/onecloudriver/internal/fs/drive_item_node.go:220.2,220.45 1 1
github.com/frosado/onecloudriver/internal/fs/drive_item_node.go:220.45,222.3 1 1
github.com/frosado/onecloudriver/internal/fs/drive_item_node.go:223.2,226.47 3 1
github.com/frosado/onecloudriver/internal/fs/drive_item_node.go:226.47,228.3 1 0
github.com/frosado/onecloudriver/internal/fs/drive_item_node.go:229.2,229.28 1 1
github.com/frosado/onecloudriver/internal/fs/drive_item_node.go:233.84,237.2 3 1
github.com/frosado/onecloudriver/internal/fs/drive_item_node.go:250.91,251.27 1 1
github.com/frosado/onecloudriver/internal/fs/drive_item_node.go:251.27,253.3 1 1
github.com/frosado/onecloudriver/internal/fs/drive_item_node.go:261.2,261.28 1 1
github.com/frosado/onecloudriver/internal/fs/drive_item_node.go:261.28,263.57 2 1
github.com/frosado/onecloudriver/internal/fs/drive_item_node.go:263.57,265.4 1 1
github.com/frosado/onecloudriver/internal/fs/drive_item_node.go:266.3,266.11 1 1
github.com/frosado/onecloudriver/internal/fs/drive_item_node.go:270.2,271.10 2 1
github.com/frosado/onecloudriver/internal/fs/drive_item_node.go:278.122,280.40 1 1
github.com/frosado/onecloudriver/internal/fs/drive_item_node.go:280.40,281.22 1 1
github.com/frosado/onecloudriver/internal/fs/drive_item_node.go:281.22,283.4 1 1
github.com/frosado/onecloudriver/internal/fs/drive_item_node.go:283.9,285.4 1 1
github.com/frosado/onecloudriver/internal/fs/drive_item_node.go:289.2,289.42 1 1
github.com/frosado/onecloudriver/internal/fs/drive_item_node.go:289.42,293.3 3 1
github.com/frosado/onecloudriver/internal/fs/drive_item_node.go:296.2,296.40 1 1
github.com/frosado/onecloudriver/internal/fs/drive_item_node.go:296.40,298.17 2 1
github.com/frosado/onecloudriver/internal/fs/drive_item_node.go:298.17,301.4 2 0
github.com/frosado/onecloudriver/internal/fs/drive_item_node.go:302.3,302.27 1 1
github.com/frosado/onecloudriver/internal/fs/drive_item_node.go:302.27,304.4 1 0
github.com/frosado/onecloudriver/internal/fs/drive_item_node.go:305.3,305.50 1 1
github.com/frosado/onecloudriver/internal/fs/drive_item_node.go:305.50,308.4 2 0
github.com/frosado/onecloudriver/internal/fs/drive_item_node.go:309.3,312.19 4 1
github.com/frosado/onecloudriver/internal/fs/drive_item_node.go:315.2,326.10 11 1
github.com/frosado/onecloudriver/internal/fs/drive_item_node.go:332.58,334.2 1 1
github.com/frosado/onecloudriver/internal/fs/drive_item_node.go:339.61,342.35 3 1
github.com/frosado/onecloudriver/internal/fs/drive_item_node.go:342.35,344.3 1 1
github.com/frosado/onecloudriver/internal/fs/drive_item_node.go:345.2,346.20 2 1
github.com/frosado/onecloudriver/internal/fs/drive_item_node.go:346.20,348.3 1 1
github.com/frosado/onecloudriver/internal/fs/drive_item_node.go:349.2,350.9 2 1
github.com/frosado/onecloudriver/internal/fs/drive_item_node.go:350.9,352.3 1 0
github.com/frosado/onecloudriver/internal/fs/drive_item_node.go:353.2,353.41 1 1
github.com/frosado/onecloudriver/internal/fs/drive_item_node.go:360.52,361.9 1 1
github.com/frosado/onecloudriver/internal/fs/drive_item_node.go:362.23,363.18 1 1
github.com/frosado/onecloudriver/internal/fs/drive_item_node.go:364.23,365.18 1 1
github.com/frosado/onecloudriver/internal/fs/drive_item_node.go:366.10,367.41 1 1
github.com/frosado/onecloudriver/internal/fs/drive_item_node.go:372.87,375.12 3 1
github.com/frosado/onecloudriver/internal/fs/drive_item_node.go:375.12,379.3 3 1
github.com/frosado/onecloudriver/internal/fs/drive_item_node.go:380.2,382.57 3 1
github.com/frosado/onecloudriver/internal/fs/drive_item_node.go:382.57,385.3 2 1
github.com/frosado/onecloudriver/internal/fs/drive_item_node.go:386.2,386.10 1 1
github.com/frosado/onecloudriver/internal/fs/drive_item_node.go:399.86,413.2 12 1
github.com/frosado/onecloudriver/internal/fs/drive_item_node.go:421.104,423.2 1 1
github.com/frosado/onecloudriver/internal/fs/eviction.go:42.86,44.2 1 1
github.com/frosado/onecloudriver/internal/fs/eviction.go:49.38,50.39 1 1
github.com/frosado/onecloudriver/internal/fs/eviction.go:50.39,52.3 1 0
github.com/frosado/onecloudriver/internal/fs/eviction.go:53.2,53.21 1 1
github.com/frosado/onecloudriver/internal/fs/eviction.go:53.21,55.3 1 1
github.com/frosado/onecloudriver/internal/fs/eviction.go:56.2,58.12 3 1
github.com/frosado/onecloudriver/internal/fs/eviction.go:58.12,62.7 4 1
github.com/frosado/onecloudriver/internal/fs/eviction.go:62.7,63.11 1 1
github.com/frosado/onecloudriver/internal/fs/eviction.go:64.20,65.11 1 1
github.com/frosado/onecloudriver/internal/fs/eviction.go:66.20,68.23 1 1
github.com/frosado/onecloudriver/internal/fs/eviction.go:75.37,76.21 1 1
github.com/frosado/onecloudriver/internal/fs/eviction.go:76.21,78.3 1 1
github.com/frosado/onecloudriver/internal/fs/eviction.go:79.2,81.16 3 1
github.com/frosado/onecloudriver/internal/fs/eviction.go:87.55,91.2 3 1
github.com/frosado/onecloudriver/internal/fs/eviction.go:95.37,97.2 1 0
github.com/frosado/onecloudriver/internal/fs/eviction.go:100.39,102.2 1 0
github.com/frosado/onecloudriver/internal/fs/eviction.go:107.54,108.26 1 1
github.com/frosado/onecloudriver/internal/fs/eviction.go:108.26,110.3 1 1
github.com/frosado/onecloudriver/internal/fs/eviction.go:111.2,111.12 1 1
github.com/frosado/onecloudriver/internal/fs/eviction.go:111.12,114.3 2 1
github.com/frosado/onecloudriver/internal/fs/eviction.go:115.2,115.13 1 1
github.com/frosado/onecloudriver/internal/fs/fs_ops.go:26.41,27.36 1 1
github.com/frosado/onecloudriver/internal/fs/fs_ops.go:27.36,29.3 1 1
github.com/frosado/onecloudriver/internal/fs/fs_ops.go:30.2,30.36 1 1
github.com/frosado/onecloudriver/internal/fs/fs_ops.go:30.36,32.3 1 1
github.com/frosado/onecloudriver/internal/fs/fs_ops.go:33.2,33.36 1 1
github.com/frosado/onecloudriver/internal/fs/fs_ops.go:33.36,35.3 1 1
github.com/frosado/onecloudriver/internal/fs/fs_ops.go:36.2,36.36 1 1
github.com/frosado/onecloudriver/internal/fs/fs_ops.go:36.36,38.3 1 1
github.com/frosado/onecloudriver/internal/fs/fs_ops.go:39.2,39.38 1 1
github.com/frosado/onecloudriver/internal/fs/fs_ops.go:39.38,41.3 1 1
github.com/frosado/onecloudriver/internal/fs/fs_ops.go:42.2,42.44 1 1
github.com/frosado/onecloudriver/internal/fs/fs_ops.go:42.44,44.3 1 1
github.com/frosado/onecloudriver/internal/fs/fs_ops.go:45.2,45.52 1 1
github.com/frosado/onecloudriver/internal/fs/fs_ops.go:63.66,68.2 1 1
github.com/frosado/onecloudriver/internal/fs/fs_ops.go:85.110,87.16 2 1
github.com/frosado/onecloudriver/internal/fs/fs_ops.go:87.16,88.26 1 1
github.com/frosado/onecloudriver/internal/fs/fs_ops.go:88.26,90.89 2 1
github.com/frosado/onecloudriver/internal/fs/fs_ops.go:90.89,93.47 3 1
github.com/frosado/onecloudriver/internal/fs/fs_ops.go:93.47,94.58 1 1
github.com/frosado/onecloudriver/internal/fs/fs_ops.go:94.58,98.7 3 1
github.com/frosado/onecloudriver/internal/fs/fs_ops.go:100.5,100.28 1 1
github.com/frosado/onecloudriver/internal/fs/fs_ops.go:108.4,108.75 1 0
github.com/frosado/onecloudriver/internal/fs/fs_ops.go:108.75,112.5 2 0
github.com/frosado/onecloudriver/internal/fs/fs_ops.go:113.4,113.19 1 0
github.com/frosado/onecloudriver/internal/fs/fs_ops.go:115.3,115.18 1 0
github.com/frosado/onecloudriver/internal/fs/fs_ops.go:117.2,117.30 1 1
github.com/frosado/onecloudriver/internal/fs/fs_ops.go:117.30,119.3 1 0
github.com/frosado/onecloudriver/internal/fs/fs_ops.go:120.2,120.19 1 1
github.com/frosado/onecloudriver/internal/fs/fs_ops.go:125.132,127.16 2 1
github.com/frosado/onecloudriver/internal/fs/fs_ops.go:127.16,130.3 2 0
github.com/frosado/onecloudriver/internal/fs/fs_ops.go:132.2,133.36 2 1
github.com/frosado/onecloudriver/internal/fs/fs_ops.go:133.36,138.3 1 1
github.com/frosado/onecloudriver/internal/fs/fs_ops.go:139.2,139.40 1 1
github.com/frosado/onecloudriver/internal/fs/fs_ops.go:151.117,153.16 2 1
github.com/frosado/onecloudriver/internal/fs/fs_ops.go:153.16,156.3 2 0
github.com/frosado/onecloudriver/internal/fs/fs_ops.go:158.2,159.13 2 1
github.com/frosado/onecloudriver/internal/fs/fs_ops.go:159.13,161.3 1 1
github.com/frosado/onecloudriver/internal/fs/fs_ops.go:162.2,162.45 1 1
github.com/frosado/onecloudriver/internal/fs/fs_ops.go:168.135,169.28 1 1
github.com/frosado/onecloudriver/internal/fs/fs_ops.go:169.28,171.3 1 1
github.com/frosado/onecloudriver/internal/fs/fs_ops.go:173.2,174.24 2 1
github.com/frosado/onecloudriver/internal/fs/fs_ops.go:174.24,176.3 1 1
github.com/frosado/onecloudriver/internal/fs/fs_ops.go:176.8,178.3 1 1
github.com/frosado/onecloudriver/internal/fs/fs_ops.go:180.2,181.16 2 1
github.com/frosado/onecloudriver/internal/fs/fs_ops.go:181.16,184.3 2 1
github.com/frosado/onecloudriver/internal/fs/fs_ops.go:186.2,189.22 4 1
github.com/frosado/onecloudriver/internal/fs/fs_ops.go:193.109,195.20 2 1
github.com/frosado/onecloudriver/internal/fs/fs_ops.go:195.20,197.3 1 0
github.com/frosado/onecloudriver/internal/fs/fs_ops.go:198.2,200.20 2 1
github.com/frosado/onecloudriver/internal/fs/fs_ops.go:200.20,202.3 1 0
github.com/frosado/onecloudriver/internal/fs/fs_ops.go:203.2,203.25 1 1
github.com/frosado/onecloudriver/internal/fs/fs_ops.go:203.25,205.3 1 1
github.com/frosado/onecloudriver/internal/fs/fs_ops.go:212.2,212.74 1 1
github.com/frosado/onecloudriver/internal/fs/fs_ops.go:212.74,214.3 1 0
github.com/frosado/onecloudriver/internal/fs/fs_ops.go:216.2,217.10 2 1
github.com/frosado/onecloudriver/internal/fs/fs_ops.go:224.95,225.23 1 1
github.com/frosado/onecloudriver/internal/fs/fs_ops.go:225.23,227.3 1 1
github.com/frosado/onecloudriver/internal/fs/fs_ops.go:228.2,228.97 1 1
github.com/frosado/onecloudriver/internal/fs/fs_ops.go:228.97,231.3 2 0
github.com/frosado/onecloudriver/internal/fs/fs_ops.go:232.2,232.10 1 1
github.com/frosado/onecloudriver/internal/fs/fs_ops.go:236.110,238.20 2 1
github.com/frosado/onecloudriver/internal/fs/fs_ops.go:238.20,240.3 1 0
github.com/frosado/onecloudriver/internal/fs/fs_ops.go:241.2,244.72 2 1
github.com/frosado/onecloudriver/internal/fs/fs_ops.go:244.72,246.3 1 0
github.com/frosado/onecloudriver/internal/fs/fs_ops.go:248.2,249.58 2 1
github.com/frosado/onecloudriver/internal/fs/fs_ops.go:249.58,251.3 1 1
github.com/frosado/onecloudriver/internal/fs/fs_ops.go:252.2,252.10 1 1
github.com/frosado/onecloudriver/internal/fs/fs_ops.go:256.146,257.31 1 1
github.com/frosado/onecloudriver/internal/fs/fs_ops.go:257.31,259.3 1 1
github.com/frosado/onecloudriver/internal/fs/fs_ops.go:261.2,262.20 2 1
github.com/frosado/onecloudriver/internal/fs/fs_ops.go:262.20,264.3 1 1
github.com/frosado/onecloudriver/internal/fs/fs_ops.go:265.2,271.27 2 1
github.com/frosado/onecloudriver/internal/fs/fs_ops.go:271.27,272.29 1 1
github.com/frosado/onecloudriver/internal/fs/fs_ops.go:272.29,274.4 1 1
github.com/frosado/onecloudriver/internal/fs/fs_ops.go:276.3,281.11 6 1
github.com/frosado/onecloudriver/internal/fs/fs_ops.go:285.2,286.16 2 1
github.com/frosado/onecloudriver/internal/fs/fs_ops.go:286.16,289.3 2 0
github.com/frosado/onecloudriver/internal/fs/fs_ops.go:292.2,292.29 1 1
github.com/frosado/onecloudriver/internal/fs/fs_ops.go:292.29,294.17 2 1
github.com/frosado/onecloudriver/internal/fs/fs_ops.go:294.17,297.4 2 0
github.com/frosado/onecloudriver/internal/fs/fs_ops.go:301.2,306.10 5 1
github.com/frosado/onecloudriver/internal/fs/fs_ops.go:317.149,319.20 2 1
github.com/frosado/onecloudriver/internal/fs/fs_ops.go:319.20,321.3 1 1
github.com/frosado/onecloudriver/internal/fs/fs_ops.go:322.2,324.105 3 0
github.com/frosado/onecloudriver/internal/fs/fs_ops.go:328.158,330.16 2 0
github.com/frosado/onecloudriver/internal/fs/fs_ops.go:330.16,332.3 1 0
github.com/frosado/onecloudriver/internal/fs/fs_ops.go:333.2,334.101 2 0
github.com/frosado/onecloudriver/internal/fs/fs_ops.go:338.199,340.16 2 0
github.com/frosado/onecloudriver/internal/fs/fs_ops.go:340.16,342.3 1 0
github.com/frosado/onecloudriver/internal/fs/fs_ops.go:343.2,344.35 2 0
github.com/frosado/onecloudriver/internal/fs/fs_ops.go:348.88,350.2 1 1
github.com/frosado/onecloudriver/internal/fs/fs_ops.go:353.89,355.2 1 1
github.com/frosado/onecloudriver/internal/fs/fs_ops.go:358.143,360.23 2 1
github.com/frosado/onecloudriver/internal/fs/fs_ops.go:360.23,362.3 1 0
github.com/frosado/onecloudriver/internal/fs/fs_ops.go:363.2,363.90 1 1
github.com/frosado/onecloudriver/internal/fs/fs_ops.go:367.171,368.28 1 1
github.com/frosado/onecloudriver/internal/fs/fs_ops.go:368.28,370.3 1 1
github.com/frosado/onecloudriver/internal/fs/fs_ops.go:372.2,373.16 2 1
github.com/frosado/onecloudriver/internal/fs/fs_ops.go:373.16,375.3 1 1
github.com/frosado/onecloudriver/internal/fs/fs_ops.go:378.2,378.51 1 1
github.com/frosado/onecloudriver/internal/fs/fs_ops.go:378.51,379.62 1 1
github.com/frosado/onecloudriver/internal/fs/fs_ops.go:379.62,381.4 1 0
github.com/frosado/onecloudriver/internal/fs/fs_ops.go:382.3,382.63 1 1
github.com/frosado/onecloudriver/internal/fs/fs_ops.go:382.63,384.4 1 0
github.com/frosado/onecloudriver/internal/fs/fs_ops.go:385.3,392.22 7 1
github.com/frosado/onecloudriver/internal/fs/fs_ops.go:396.2,399.64 3 1
github.com/frosado/onecloudriver/internal/fs/fs_ops.go:399.64,401.3 1 0
github.com/frosado/onecloudriver/internal/fs/fs_ops.go:403.2,405.21 3 1
github.com/frosado/onecloudriver/internal/fs/inode.go:62.32,64.2 1 1
github.com/frosado/onecloudriver/internal/fs/inode.go:67.26,69.40 2 1
github.com/frosado/onecloudriver/internal/fs/inode.go:69.40,72.3 1 0
github.com/frosado/onecloudriver/internal/fs/inode.go:73.2,73.46 1 1
github.com/frosado/onecloudriver/internal/fs/inode.go:90.54,91.17 1 1
github.com/frosado/onecloudriver/internal/fs/inode.go:91.17,93.3 1 1
github.com/frosado/onecloudriver/internal/fs/inode.go:94.2,96.3 1 1
github.com/frosado/onecloudriver/internal/fs/inode.go:102.68,107.31 2 1
github.com/frosado/onecloudriver/internal/fs/inode.go:107.31,109.3 1 1
github.com/frosado/onecloudriver/internal/fs/inode.go:110.2,110.19 1 1
github.com/frosado/onecloudriver/internal/fs/inode.go:110.19,112.3 1 1
github.com/frosado/onecloudriver/internal/fs/inode.go:113.2,116.3 1 1
github.com/frosado/onecloudriver/internal/fs/inode.go:120.35,124.2 3 1
github.com/frosado/onecloudriver/internal/fs/inode.go:127.39,131.2 3 1
github.com/frosado/onecloudriver/internal/fs/inode.go:134.29,138.2 3 1
github.com/frosado/onecloudriver/internal/fs/inode.go:141.31,145.2 3 1
github.com/frosado/onecloudriver/internal/fs/inode.go:148.30,152.2 3 1
github.com/frosado/onecloudriver/internal/fs/inode.go:157.31,161.21 4 1
github.com/frosado/onecloudriver/internal/fs/inode.go:161.21,163.3 1 1
github.com/frosado/onecloudriver/internal/fs/inode.go:164.2,164.15 1 1
github.com/frosado/onecloudriver/internal/fs/inode.go:164.15,166.3 1 1
github.com/frosado/onecloudriver/internal/fs/inode.go:167.2,167.31 1 1
github.com/frosado/onecloudriver/internal/fs/inode.go:171.35,175.2 3 1
github.com/frosado/onecloudriver/internal/fs/inode.go:178.34,182.2 3 1
github.com/frosado/onecloudriver/internal/fs/inode.go:185.31,186.15 1 1
github.com/frosado/onecloudriver/internal/fs/inode.go:186.15,188.3 1 1
github.com/frosado/onecloudriver/internal/fs/inode.go:189.2,191.25 3 1
github.com/frosado/onecloudriver/internal/fs/inode.go:196.32,197.15 1 1
github.com/frosado/onecloudriver/internal/fs/inode.go:197.15,201.3 3 1
github.com/frosado/onecloudriver/internal/fs/inode.go:202.2,202.10 1 1
github.com/frosado/onecloudriver/internal/fs/inode.go:206.35,209.31 3 1
github.com/frosado/onecloudriver/internal/fs/inode.go:209.31,211.3 1 1
github.com/frosado/onecloudriver/internal/fs/inode.go:212.2,212.30 1 1
github.com/frosado/onecloudriver/internal/fs/inode.go:216.31,218.42 2 1
github.com/frosado/onecloudriver/internal/fs/inode.go:218.42,220.3 1 1
github.com/frosado/onecloudriver/internal/fs/inode.go:221.2,221.13 1 1
github.com/frosado/onecloudriver/internal/fs/inode.go:225.37,229.2 3 1
github.com/frosado/onecloudriver/internal/fs/inode.go:237.36,245.23 3 1
github.com/frosado/onecloudriver/internal/fs/inode.go:245.23,247.3 1 1
github.com/frosado/onecloudriver/internal/fs/inode.go:249.2,249.68 1 1
github.com/frosado/onecloudriver/internal/fs/inode.go:249.68,251.3 1 1
github.com/frosado/onecloudriver/internal/fs/inode.go:252.2,252.14 1 1
github.com/frosado/onecloudriver/internal/fs/inode.go:258.42,262.2 3 1
github.com/frosado/onecloudriver/internal/fs/inode.go:267.43,280.2 6 1
github.com/frosado/onecloudriver/internal/fs/inode.go:285.46,289.2 3 1
github.com/frosado/onecloudriver/internal/fs/inode.go:292.48,296.2 3 1
github.com/frosado/onecloudriver/internal/fs/inode.go:299.46,303.2 3 1
github.com/frosado/onecloudriver/internal/fs/inode.go:307.38,312.2 4 1
github.com/frosado/onecloudriver/internal/fs/inode.go:316.39,320.2 3 1
github.com/frosado/onecloudriver/internal/fs/inode.go:324.33,328.2 3 1
github.com/frosado/onecloudriver/internal/fs/inode.go:331.33,335.2 3 1
github.com/frosado/onecloudriver/internal/fs/inode.go:338.37,342.2 3 1
github.com/frosado/onecloudriver/internal/fs/inode.go:346.49,348.2 1 1
github.com/frosado/onecloudriver/internal/fs/inode.go:352.38,367.2 2 1
github.com/frosado/onecloudriver/internal/fs/inode.go:371.33,385.2 4 1
github.com/frosado/onecloudriver/internal/fs/inode.go:389.62,390.21 1 1
github.com/frosado/onecloudriver/internal/fs/inode.go:390.21,394.3 3 1
github.com/frosado/onecloudriver/internal/fs/inode.go:394.8,398.3 3 1
github.com/frosado/onecloudriver/internal/fs/inode.go:399.2,402.25 3 1
github.com/frosado/onecloudriver/internal/fs/inode.go:402.25,406.3 3 1
github.com/frosado/onecloudriver/internal/fs/inode.go:406.8,412.3 5 1
github.com/frosado/onecloudriver/internal/fs/inode.go:413.2,416.37 4 1
github.com/frosado/onecloudriver/internal/fs/inode.go:420.48,422.51 2 1
github.com/frosado/onecloudriver/internal/fs/inode.go:422.51,424.3 1 1
github.com/frosado/onecloudriver/internal/fs/inode.go:425.2,434.8 1 1
github.com/frosado/onecloudriver/internal/fs/mount.go:89.97,105.22 3 1
github.com/frosado/onecloudriver/internal/fs/mount.go:105.22,106.31 1 1
github.com/frosado/onecloudriver/internal/fs/mount.go:106.31,108.4 1 1
github.com/frosado/onecloudriver/internal/fs/mount.go:109.3,109.29 1 1
github.com/frosado/onecloudriver/internal/fs/mount.go:109.29,111.4 1 1
github.com/frosado/onecloudriver/internal/fs/mount.go:112.3,112.36 1 1
github.com/frosado/onecloudriver/internal/fs/mount.go:112.36,114.4 1 1
github.com/frosado/onecloudriver/internal/fs/mount.go:115.3,115.33 1 1
github.com/frosado/onecloudriver/internal/fs/mount.go:115.33,117.4 1 1
github.com/frosado/onecloudriver/internal/fs/mount.go:118.3,118.34 1 1
github.com/frosado/onecloudriver/internal/fs/mount.go:118.34,120.4 1 1
github.com/frosado/onecloudriver/internal/fs/mount.go:121.3,121.39 1 1
github.com/frosado/onecloudriver/internal/fs/mount.go:121.39,123.4 1 1
github.com/frosado/onecloudriver/internal/fs/mount.go:124.3,124.37 1 1
github.com/frosado/onecloudriver/internal/fs/mount.go:124.37,126.4 1 1
github.com/frosado/onecloudriver/internal/fs/mount.go:127.3,127.33 1 1
github.com/frosado/onecloudriver/internal/fs/mount.go:127.33,129.4 1 1
github.com/frosado/onecloudriver/internal/fs/mount.go:130.3,130.32 1 1
github.com/frosado/onecloudriver/internal/fs/mount.go:130.32,132.4 1 1
github.com/frosado/onecloudriver/internal/fs/mount.go:133.3,133.36 1 1
github.com/frosado/onecloudriver/internal/fs/mount.go:133.36,135.4 1 1
github.com/frosado/onecloudriver/internal/fs/mount.go:138.2,138.12 1 1
github.com/frosado/onecloudriver/internal/fs/mount.go:171.101,172.16 1 1
github.com/frosado/onecloudriver/internal/fs/mount.go:172.16,174.3 1 1
github.com/frosado/onecloudriver/internal/fs/mount.go:175.2,175.29 1 1
github.com/frosado/onecloudriver/internal/fs/mount.go:175.29,177.3 1 1
github.com/frosado/onecloudriver/internal/fs/mount.go:179.2,189.21 4 1
github.com/frosado/onecloudriver/internal/fs/mount.go:189.21,191.10 1 1
github.com/frosado/onecloudriver/internal/fs/mount.go:192.21,193.20 1 1
github.com/frosado/onecloudriver/internal/fs/mount.go:194.11,194.11 0 1
github.com/frosado/onecloudriver/internal/fs/mount.go:198.3,202.23 3 1
github.com/frosado/onecloudriver/internal/fs/mount.go:202.23,203.12 1 1
github.com/frosado/onecloudriver/internal/fs/mount.go:205.3,211.17 3 1
github.com/frosado/onecloudriver/internal/fs/mount.go:211.17,216.12 2 1
github.com/frosado/onecloudriver/internal/fs/mount.go:220.3,220.25 1 1
github.com/frosado/onecloudriver/internal/fs/mount.go:220.25,223.40 1 1
github.com/frosado/onecloudriver/internal/fs/mount.go:223.40,224.27 1 1
github.com/frosado/onecloudriver/internal/fs/mount.go:224.27,226.6 1 1
github.com/frosado/onecloudriver/internal/fs/mount.go:231.2,231.12 1 1
github.com/frosado/onecloudriver/internal/fs/mount.go:236.95,239.16 2 1
github.com/frosado/onecloudriver/internal/fs/mount.go:239.16,241.26 1 1
github.com/frosado/onecloudriver/internal/fs/mount.go:241.26,244.4 2 0
github.com/frosado/onecloudriver/internal/fs/mount.go:245.3,245.62 1 1
github.com/frosado/onecloudriver/internal/fs/mount.go:247.2,253.16 3 1
github.com/frosado/onecloudriver/internal/fs/mount.go:253.16,254.26 1 1
github.com/frosado/onecloudriver/internal/fs/mount.go:254.26,257.4 2 1
github.com/frosado/onecloudriver/internal/fs/mount.go:259.3,271.4 1 1
github.com/frosado/onecloudriver/internal/fs/mount.go:274.2,274.12 1 1
github.com/frosado/onecloudriver/internal/fs/mount.go:283.41,285.2 1 0
github.com/frosado/onecloudriver/internal/fs/mount.go:290.68,299.2 5 1
github.com/frosado/onecloudriver/internal/fs/mount.go:303.97,305.50 1 0
github.com/frosado/onecloudriver/internal/fs/mount.go:305.50,307.3 1 0
github.com/frosado/onecloudriver/internal/fs/mount.go:307.8,307.26 1 0
github.com/frosado/onecloudriver/internal/fs/mount.go:307.26,309.3 1 0
github.com/frosado/onecloudriver/internal/fs/mount.go:312.2,313.28 2 0
github.com/frosado/onecloudriver/internal/fs/mount.go:313.28,315.3 1 0
github.com/frosado/onecloudriver/internal/fs/mount.go:316.2,318.29 2 0
github.com/frosado/onecloudriver/internal/fs/mount.go:318.29,320.3 1 0
github.com/frosado/onecloudriver/internal/fs/mount.go:324.2,324.80 1 0
github.com/frosado/onecloudriver/internal/fs/mount.go:324.80,326.3 1 0
github.com/frosado/onecloudriver/internal/fs/mount.go:328.2,329.16 2 0
github.com/frosado/onecloudriver/internal/fs/mount.go:329.16,331.3 1 0
github.com/frosado/onecloudriver/internal/fs/mount.go:334.2,345.58 7 0
github.com/frosado/onecloudriver/internal/fs/mount.go:345.58,347.3 1 0
github.com/frosado/onecloudriver/internal/fs/mount.go:349.2,349.15 1 0
github.com/frosado/onecloudriver/internal/fs/mount.go:349.15,350.44 1 0
github.com/frosado/onecloudriver/internal/fs/mount.go:350.44,352.4 1 0
github.com/frosado/onecloudriver/internal/fs/mount.go:356.2,360.24 3 0
github.com/frosado/onecloudriver/internal/fs/mount.go:360.24,362.3 1 0
github.com/frosado/onecloudriver/internal/fs/mount.go:363.2,375.28 6 0
github.com/frosado/onecloudriver/internal/fs/mount.go:375.28,376.41 1 0
github.com/frosado/onecloudriver/internal/fs/mount.go:376.41,376.75 1 0
github.com/frosado/onecloudriver/internal/fs/mount.go:377.3,377.43 1 0
github.com/frosado/onecloudriver/internal/fs/mount.go:377.43,377.79 1 0
github.com/frosado/onecloudriver/internal/fs/mount.go:378.3,378.46 1 0
github.com/frosado/onecloudriver/internal/fs/mount.go:378.46,378.85 1 0
github.com/frosado/onecloudriver/internal/fs/mount.go:379.3,379.42 1 0
github.com/frosado/onecloudriver/internal/fs/mount.go:379.42,379.82 1 0
github.com/frosado/onecloudriver/internal/fs/mount.go:380.3,380.55 1 0
github.com/frosado/onecloudriver/internal/fs/mount.go:380.55,380.90 1 0
github.com/frosado/onecloudriver/internal/fs/mount.go:381.3,381.48 1 0
github.com/frosado/onecloudriver/internal/fs/mount.go:381.48,381.83 1 0
github.com/frosado/onecloudriver/internal/fs/mount.go:382.3,382.48 1 0
github.com/frosado/onecloudriver/internal/fs/mount.go:382.48,382.93 2 0
github.com/frosado/onecloudriver/internal/fs/mount.go:383.3,383.45 1 0
github.com/frosado/onecloudriver/internal/fs/mount.go:383.45,383.90 2 0
github.com/frosado/onecloudriver/internal/fs/mount.go:384.3,384.47 1 0
github.com/frosado/onecloudriver/internal/fs/mount.go:384.47,384.89 2 0
github.com/frosado/onecloudriver/internal/fs/mount.go:385.3,385.48 1 0
github.com/frosado/onecloudriver/internal/fs/mount.go:385.48,385.90 2 0
github.com/frosado/onecloudriver/internal/fs/mount.go:386.3,386.70 1 0
github.com/frosado/onecloudriver/internal/fs/mount.go:386.70,388.4 1 0
github.com/frosado/onecloudriver/internal/fs/mount.go:395.2,395.29 1 0
github.com/frosado/onecloudriver/internal/fs/mount.go:395.29,396.13 1 0
github.com/frosado/onecloudriver/internal/fs/mount.go:396.13,402.85 3 0
github.com/frosado/onecloudriver/internal/fs/mount.go:402.85,403.45 1 0
github.com/frosado/onecloudriver/internal/fs/mount.go:403.45,405.6 1 0
github.com/frosado/onecloudriver/internal/fs/mount.go:406.5,406.74 1 0
github.com/frosado/onecloudriver/internal/fs/mount.go:409.4,409.88 1 0
github.com/frosado/onecloudriver/internal/fs/mount.go:409.88,412.5 1 0
github.com/frosado/onecloudriver/internal/fs/mount.go:412.10,415.5 1 0
github.com/frosado/onecloudriver/internal/fs/mount.go:419.2,438.16 4 0
github.com/frosado/onecloudriver/internal/fs/mount.go:438.16,442.3 3 0
github.com/frosado/onecloudriver/internal/fs/mount.go:444.2,450.12 5 0
github.com/frosado/onecloudriver/internal/fs/mount.go:450.12,461.53 6 0
github.com/frosado/onecloudriver/internal/fs/mount.go:461.53,463.4 1 0
github.com/frosado/onecloudriver/internal/fs/mount.go:464.3,464.51 1 0
github.com/frosado/onecloudriver/internal/fs/mount.go:464.51,466.4 1 0
github.com/frosado/onecloudriver/internal/fs/mount.go:468.3,469.42 2 0
github.com/frosado/onecloudriver/internal/fs/mount.go:469.42,472.4 2 0
github.com/frosado/onecloudriver/internal/fs/mount.go:472.9,474.84 2 0
github.com/frosado/onecloudriver/internal/fs/mount.go:474.84,476.5 1 0
github.com/frosado/onecloudriver/internal/fs/mount.go:476.10,479.5 2 0
github.com/frosado/onecloudriver/internal/fs/mount.go:482.3,484.44 2 0
github.com/frosado/onecloudriver/internal/fs/mount.go:484.44,486.4 1 0
github.com/frosado/onecloudriver/internal/fs/mount.go:488.3,488.16 1 0
github.com/frosado/onecloudriver/internal/fs/mount.go:488.16,490.4 1 0
github.com/frosado/onecloudriver/internal/fs/mount.go:492.3,493.13 2 0
github.com/frosado/onecloudriver/internal/fs/mount.go:496.2,498.114 2 0
github.com/frosado/onecloudriver/internal/fs/root.go:30.15,40.2 1 1
github.com/frosado/onecloudriver/internal/fs/root.go:52.99,66.2 12 1
github.com/frosado/onecloudriver/internal/fs/root.go:70.83,88.2 10 1
github.com/frosado/onecloudriver/internal/fs/root.go:91.81,93.2 1 1
github.com/frosado/onecloudriver/internal/fs/root.go:96.110,98.2 1 1
github.com/frosado/onecloudriver/internal/fs/root.go:101.101,103.2 1 1
github.com/frosado/onecloudriver/internal/fs/root.go:117.37,118.16 1 1
github.com/frosado/onecloudriver/internal/fs/root.go:118.16,120.3 1 1
github.com/frosado/onecloudriver/internal/fs/root.go:123.2,127.73 2 1
github.com/frosado/onecloudriver/internal/fs/root.go:127.73,129.3 1 1
github.com/frosado/onecloudriver/internal/fs/root.go:133.2,139.4 1 1
github.com/frosado/onecloudriver/internal/fs/root.go:139.4,140.29 1 1
github.com/frosado/onecloudriver/internal/fs/root.go:140.29,142.4 1 1
github.com/frosado/onecloudriver/internal/fs/root.go:144.2,144.14 1 1
github.com/frosado/onecloudriver/internal/fs/root.go:148.122,150.2 1 0
github.com/frosado/onecloudriver/internal/fs/root.go:153.76,155.2 1 1
github.com/frosado/onecloudriver/internal/fs/root.go:158.77,160.2 1 1
github.com/frosado/onecloudriver/internal/fs/root.go:163.135,165.2 1 0
github.com/frosado/onecloudriver/internal/fs/root.go:168.160,170.2 1 0
github.com/frosado/onecloudriver/internal/fs/root.go:173.43,175.2 1 1
github.com/frosado/onecloudriver/internal/fs/root.go:179.52,180.23 1 1
github.com/frosado/onecloudriver/internal/fs/root.go:181.22,182.25 1 1
github.com/frosado/onecloudriver/internal/fs/root.go:183.19,184.16 1 1
github.com/frosado/onecloudriver/internal/fs/root.go:185.10,186.12 1 1
github.com/frosado/onecloudriver/internal/fs/root.go:193.140,194.42 1 1
github.com/frosado/onecloudriver/internal/fs/root.go:194.42,196.3 1 1
github.com/frosado/onecloudriver/internal/fs/root.go:197.2,197.61 1 1
github.com/frosado/onecloudriver/internal/fs/upload_manager.go:86.18,87.29 1 1
github.com/frosado/onecloudriver/internal/fs/upload_manager.go:87.29,89.3 1 1
github.com/frosado/onecloudriver/internal/fs/upload_manager.go:90.2,90.27 1 1
github.com/frosado/onecloudriver/internal/fs/upload_manager.go:90.27,92.3 1 1
github.com/frosado/onecloudriver/internal/fs/upload_manager.go:94.2,110.11 3 1
github.com/frosado/onecloudriver/internal/fs/upload_manager.go:114.34,117.2 2 1
github.com/frosado/onecloudriver/internal/fs/upload_manager.go:121.33,124.2 2 1
github.com/frosado/onecloudriver/internal/fs/upload_manager.go:134.70,138.16 2 1
github.com/frosado/onecloudriver/internal/fs/upload_manager.go:138.16,141.38 1 1
github.com/frosado/onecloudriver/internal/fs/upload_manager.go:141.38,143.4 1 0
github.com/frosado/onecloudriver/internal/fs/upload_manager.go:144.3,144.15 1 1
github.com/frosado/onecloudriver/internal/fs/upload_manager.go:146.2,146.15 1 1
github.com/frosado/onecloudriver/internal/fs/upload_manager.go:146.15,149.3 1 1
github.com/frosado/onecloudriver/internal/fs/upload_manager.go:151.2,152.16 2 1
github.com/frosado/onecloudriver/internal/fs/upload_manager.go:152.16,154.45 2 0
github.com/frosado/onecloudriver/internal/fs/upload_manager.go:154.45,156.4 1 0
github.com/frosado/onecloudriver/internal/fs/upload_manager.go:157.3,157.15 1 0
github.com/frosado/onecloudriver/internal/fs/upload_manager.go:160.2,161.13 2 1
github.com/frosado/onecloudriver/internal/fs/upload_manager.go:166.50,168.2 1 1
github.com/frosado/onecloudriver/internal/fs/upload_manager.go:173.59,178.2 4 0
github.com/frosado/onecloudriver/internal/fs/upload_manager.go:189.73,193.13 4 1
github.com/frosado/onecloudriver/internal/fs/upload_manager.go:193.13,195.3 1 1
github.com/frosado/onecloudriver/internal/fs/upload_manager.go:197.2,199.23 3 1
github.com/frosado/onecloudriver/internal/fs/upload_manager.go:199.23,201.3 1 1
github.com/frosado/onecloudriver/internal/fs/upload_manager.go:202.2,205.32 2 1
github.com/frosado/onecloudriver/internal/fs/upload_manager.go:213.39,221.6 5 1
github.com/frosado/onecloudriver/internal/fs/upload_manager.go:221.6,222.10 1 1
github.com/frosado/onecloudriver/internal/fs/upload_manager.go:223.20,225.10 2 1
github.com/frosado/onecloudriver/internal/fs/upload_manager.go:227.30,229.30 1 1
github.com/frosado/onecloudriver/internal/fs/upload_manager.go:231.39,233.30 1 1
github.com/frosado/onecloudriver/internal/fs/upload_manager.go:235.19,238.24 1 0
github.com/frosado/onecloudriver/internal/fs/upload_manager.go:245.65,250.52 3 1
github.com/frosado/onecloudriver/internal/fs/upload_manager.go:250.52,254.3 3 1
github.com/frosado/onecloudriver/internal/fs/upload_manager.go:256.2,259.40 2 1
github.com/frosado/onecloudriver/internal/fs/upload_manager.go:266.76,268.16 2 1
github.com/frosado/onecloudriver/internal/fs/upload_manager.go:268.16,272.3 2 0
github.com/frosado/onecloudriver/internal/fs/upload_manager.go:273.2,273.43 1 1
github.com/frosado/onecloudriver/internal/fs/upload_manager.go:278.44,282.33 3 1
github.com/frosado/onecloudriver/internal/fs/upload_manager.go:282.33,284.3 1 1
github.com/frosado/onecloudriver/internal/fs/upload_manager.go:285.2,287.35 2 1
github.com/frosado/onecloudriver/internal/fs/upload_manager.go:287.35,288.29 1 1
github.com/frosado/onecloudriver/internal/fs/upload_manager.go:289.22,290.32 1 1
github.com/frosado/onecloudriver/internal/fs/upload_manager.go:292.22,294.51 1 1
github.com/frosado/onecloudriver/internal/fs/upload_manager.go:294.51,295.13 1 0
github.com/frosado/onecloudriver/internal/fs/upload_manager.go:298.4,299.29 2 1
github.com/frosado/onecloudriver/internal/fs/upload_manager.go:299.29,313.5 4 1
github.com/frosado/onecloudriver/internal/fs/upload_manager.go:313.10,313.46 1 1
github.com/frosado/onecloudriver/internal/fs/upload_manager.go:313.46,321.5 2 1
github.com/frosado/onecloudriver/internal/fs/upload_manager.go:321.10,329.5 3 1
github.com/frosado/onecloudriver/internal/fs/upload_manager.go:331.23,332.32 1 1
github.com/frosado/onecloudriver/internal/fs/upload_manager.go:340.67,342.37 2 1
github.com/frosado/onecloudriver/internal/fs/upload_manager.go:342.37,345.3 2 1
github.com/frosado/onecloudriver/internal/fs/upload_manager.go:346.2,349.30 3 1
github.com/frosado/onecloudriver/internal/fs/upload_manager.go:354.44,355.32 1 1
github.com/frosado/onecloudriver/internal/fs/upload_manager.go:355.32,357.3 1 1
github.com/frosado/onecloudriver/internal/fs/upload_manager.go:358.2,358.30 1 1
github.com/frosado/onecloudriver/internal/fs/upload_manager.go:363.41,364.30 1 1
github.com/frosado/onecloudriver/internal/fs/upload_manager.go:364.30,366.3 1 1
github.com/frosado/onecloudriver/internal/fs/upload_manager.go:367.2,367.28 1 1
github.com/frosado/onecloudriver/internal/fs/upload_manager.go:372.64,374.54 2 1
github.com/frosado/onecloudriver/internal/fs/upload_manager.go:374.54,376.26 2 1
github.com/frosado/onecloudriver/internal/fs/upload_manager.go:376.26,378.4 1 1
github.com/frosado/onecloudriver/internal/fs/upload_manager.go:380.2,380.10 1 1
github.com/frosado/onecloudriver/internal/fs/upload_manager.go:389.64,405.14 9 1
github.com/frosado/onecloudriver/internal/fs/upload_manager.go:405.14,406.51 1 1
github.com/frosado/onecloudriver/internal/fs/upload_manager.go:406.51,410.4 3 1
github.com/frosado/onecloudriver/internal/fs/upload_manager.go:413.2,414.16 2 1
github.com/frosado/onecloudriver/internal/fs/upload_manager.go:414.16,419.3 4 1
github.com/frosado/onecloudriver/internal/fs/upload_manager.go:422.2,422.16 1 1
github.com/frosado/onecloudriver/internal/fs/upload_manager.go:422.16,426.54 2 1
github.com/frosado/onecloudriver/internal/fs/upload_manager.go:426.54,433.4 6 1
github.com/frosado/onecloudriver/internal/fs/upload_manager.go:434.3,434.39 1 1
github.com/frosado/onecloudriver/internal/fs/upload_manager.go:435.8,437.51 1 1
github.com/frosado/onecloudriver/internal/fs/upload_manager.go:437.51,443.4 5 0
github.com/frosado/onecloudriver/internal/fs/upload_manager.go:446.2,464.46 7 1
github.com/frosado/onecloudriver/internal/fs/upload_manager.go:464.46,465.104 1 1
github.com/frosado/onecloudriver/internal/fs/upload_manager.go:465.104,471.4 1 0
github.com/frosado/onecloudriver/internal/fs/upload_manager.go:471.9,477.4 1 1
github.com/frosado/onecloudriver/internal/fs/upload_manager.go:480.2,481.21 2 1
github.com/frosado/onecloudriver/internal/fs/upload_manager.go:486.41,490.2 3 1
github.com/frosado/onecloudriver/internal/fs/upload_manager.go:494.63,496.2 1 1
github.com/frosado/onecloudriver/internal/fs/upload_manager.go:503.193,505.16 2 1
github.com/frosado/onecloudriver/internal/fs/upload_manager.go:505.16,507.3 1 0
github.com/frosado/onecloudriver/internal/fs/upload_manager.go:508.2,511.16 3 1
github.com/frosado/onecloudriver/internal/fs/upload_manager.go:511.16,513.3 1 1
github.com/frosado/onecloudriver/internal/fs/upload_manager.go:517.2,517.61 1 1
github.com/frosado/onecloudriver/internal/fs/upload_manager.go:517.61,519.3 1 1
github.com/frosado/onecloudriver/internal/fs/upload_manager.go:521.2,521.24 1 1
github.com/frosado/onecloudriver/internal/fs/upload_manager.go:528.172,531.110 2 1
github.com/frosado/onecloudriver/internal/fs/upload_manager.go:531.110,536.3 1 0
github.com/frosado/onecloudriver/internal/fs/upload_manager.go:536.8,541.3 1 1
github.com/frosado/onecloudriver/internal/fs/upload_manager.go:543.2,544.16 2 1
github.com/frosado/onecloudriver/internal/fs/upload_manager.go:544.16,546.3 1 0
github.com/frosado/onecloudriver/internal/fs/upload_manager.go:547.2,550.16 3 1
github.com/frosado/onecloudriver/internal/fs/upload_manager.go:550.16,552.3 1 0
github.com/frosado/onecloudriver/internal/fs/upload_manager.go:553.2,553.24 1 1
github.com/frosado/onecloudriver/internal/fs/upload_manager.go:560.173,561.14 1 1
github.com/frosado/onecloudriver/internal/fs/upload_manager.go:561.14,562.26 1 1
github.com/frosado/onecloudriver/internal/fs/upload_manager.go:562.26,564.4 1 1
github.com/frosado/onecloudriver/internal/fs/upload_manager.go:565.3,565.91 1 0
github.com/frosado/onecloudriver/internal/fs/upload_manager.go:568.2,569.25 2 1
github.com/frosado/onecloudriver/internal/fs/upload_manager.go:569.25,571.3 1 1
github.com/frosado/onecloudriver/internal/fs/upload_manager.go:572.2,572.99 1 0
github.com/frosado/onecloudriver/internal/fs/upload_manager.go:578.38,579.31 1 1
github.com/frosado/onecloudriver/internal/fs/upload_manager.go:579.31,580.35 1 1
github.com/frosado/onecloudriver/internal/fs/upload_manager.go:580.35,582.4 1 1
github.com/frosado/onecloudriver/internal/fs/upload_manager.go:588.53,589.42 1 1
github.com/frosado/onecloudriver/internal/fs/upload_manager.go:589.42,591.3 1 1
github.com/frosado/onecloudriver/internal/fs/upload_manager.go:592.2,592.31 1 0
github.com/frosado/onecloudriver/internal/fs/upload_manager.go:598.52,601.46 3 1
github.com/frosado/onecloudriver/internal/fs/upload_manager.go:601.46,604.3 2 1
github.com/frosado/onecloudriver/internal/fs/upload_manager.go:605.2,605.68 1 1
github.com/frosado/onecloudriver/internal/fs/upload_manager.go:612.140,613.29 1 1
github.com/frosado/onecloudriver/internal/fs/upload_manager.go:613.29,614.108 1 1
github.com/frosado/onecloudriver/internal/fs/upload_manager.go:614.108,616.4 1 0
github.com/frosado/onecloudriver/internal/fs/upload_manager.go:618.2,618.33 1 1
github.com/frosado/onecloudriver/internal/fs/upload_manager.go:618.33,619.122 1 0
github.com/frosado/onecloudriver/internal/fs/upload_manager.go:619.122,621.4 1 0
github.com/frosado/onecloudriver/internal/fs/upload_manager.go:623.2,623.12 1 1
github.com/frosado/onecloudriver/internal/fs/upload_manager.go:631.44,633.21 2 1
github.com/frosado/onecloudriver/internal/fs/upload_manager.go:633.21,635.3 1 1
github.com/frosado/onecloudriver/internal/fs/upload_manager.go:636.2,636.16 1 1
github.com/frosado/onecloudriver/internal/fs/upload_manager.go:640.51,645.13 4 1
github.com/frosado/onecloudriver/internal/fs/upload_manager.go:645.13,647.3 1 0
github.com/frosado/onecloudriver/internal/fs/upload_manager.go:649.2,650.20 2 1
github.com/frosado/onecloudriver/internal/fs/upload_manager.go:650.20,653.3 1 1
github.com/frosado/onecloudriver/internal/fs/upload_manager.go:656.2,656.39 1 1
github.com/frosado/onecloudriver/internal/fs/upload_manager.go:662.54,664.19 2 1
github.com/frosado/onecloudriver/internal/fs/upload_manager.go:664.19,666.3 1 1
github.com/frosado/onecloudriver/internal/fs/upload_manager.go:668.2,670.28 2 0
github.com/frosado/onecloudriver/internal/fs/upload_manager.go:670.28,672.17 2 0
github.com/frosado/onecloudriver/internal/fs/upload_manager.go:672.17,675.12 3 0
github.com/frosado/onecloudriver/internal/fs/upload_manager.go:679.3,680.30 2 0
github.com/frosado/onecloudriver/internal/fs/upload_manager.go:680.30,686.4 5 0
github.com/frosado/onecloudriver/internal/fs/upload_manager.go:686.9,690.4 2 0
github.com/frosado/onecloudriver/internal/fs/upload_manager.go:702.50,703.26 1 1
github.com/frosado/onecloudriver/internal/fs/upload_manager.go:703.26,705.3 1 1
github.com/frosado/onecloudriver/internal/fs/upload_manager.go:706.2,708.15 3 1
github.com/frosado/onecloudriver/internal/fs/upload_session.go:65.49,69.2 3 1
github.com/frosado/onecloudriver/internal/fs/upload_session.go:72.65,75.16 3 1
github.com/frosado/onecloudriver/internal/fs/upload_session.go:75.16,77.3 1 1
github.com/frosado/onecloudriver/internal/fs/upload_session.go:78.2,78.16 1 1
github.com/frosado/onecloudriver/internal/fs/upload_session.go:82.45,86.2 3 1
github.com/frosado/onecloudriver/internal/fs/upload_session.go:90.47,94.2 3 1
github.com/frosado/onecloudriver/internal/fs/upload_session.go:97.53,101.2 3 1
github.com/frosado/onecloudriver/internal/fs/upload_session.go:104.54,108.2 3 1
github.com/frosado/onecloudriver/internal/fs/upload_session.go:113.87,114.20 1 1
github.com/frosado/onecloudriver/internal/fs/upload_session.go:114.20,116.3 1 1
github.com/frosado/onecloudriver/internal/fs/upload_session.go:117.2,123.8 1 1
github.com/frosado/onecloudriver/internal/fs/upload_session.go:130.108,131.24 1 1
github.com/frosado/onecloudriver/internal/fs/upload_session.go:131.24,133.3 1 1
github.com/frosado/onecloudriver/internal/fs/upload_session.go:134.2,134.15 1 1
github.com/frosado/onecloudriver/internal/fs/upload_session.go:134.15,136.3 1 1
github.com/frosado/onecloudriver/internal/fs/upload_session.go:137.2,144.8 1 1
github.com/frosado/onecloudriver/internal/fs/upload_session.go:155.66,162.16 6 1
github.com/frosado/onecloudriver/internal/fs/upload_session.go:162.16,164.17 2 1
github.com/frosado/onecloudriver/internal/fs/upload_session.go:164.17,166.4 1 0
github.com/frosado/onecloudriver/internal/fs/upload_session.go:167.3,167.22 1 1
github.com/frosado/onecloudriver/internal/fs/upload_session.go:169.2,169.55 1 1
github.com/frosado/onecloudriver/internal/fs/upload_session.go:174.44,180.16 5 1
github.com/frosado/onecloudriver/internal/fs/upload_session.go:180.16,182.3 1 1
github.com/frosado/onecloudriver/internal/fs/upload_session.go:183.2,183.63 1 1
github.com/frosado/onecloudriver/internal/fs/upload_session.go:183.63,185.3 1 0
github.com/frosado/onecloudriver/internal/fs/upload_session.go:189.51,194.2 4 1
github.com/frosado/onecloudriver/internal/fs/upload_session.go:197.64,199.50 2 1
github.com/frosado/onecloudriver/internal/fs/upload_session.go:199.50,201.3 1 0
github.com/frosado/onecloudriver/internal/fs/upload_session.go:202.2,202.17 1 1
