mode: set
github.com/frosado/onecloudriver/internal/fs/cache.go:37.76,39.36 2 1
github.com/frosado/onecloudriver/internal/fs/cache.go:39.36,41.3 1 1
github.com/frosado/onecloudriver/internal/fs/cache.go:42.2,42.53 1 1
github.com/frosado/onecloudriver/internal/fs/cache.go:109.34,117.2 1 1
github.com/frosado/onecloudriver/internal/fs/cache.go:132.83,136.47 3 1
github.com/frosado/onecloudriver/internal/fs/cache.go:136.47,137.44 1 1
github.com/frosado/onecloudriver/internal/fs/cache.go:137.44,139.4 1 1
github.com/frosado/onecloudriver/internal/fs/cache.go:141.2,141.16 1 1
github.com/frosado/onecloudriver/internal/fs/cache.go:141.16,143.3 1 1
github.com/frosado/onecloudriver/internal/fs/cache.go:148.66,153.37 4 1
github.com/frosado/onecloudriver/internal/fs/cache.go:153.37,154.20 1 1
github.com/frosado/onecloudriver/internal/fs/cache.go:154.20,156.4 1 0
github.com/frosado/onecloudriver/internal/fs/cache.go:158.2,159.37 2 1
github.com/frosado/onecloudriver/internal/fs/cache.go:159.37,161.3 1 1
github.com/frosado/onecloudriver/internal/fs/cache.go:165.47,166.32 1 1
github.com/frosado/onecloudriver/internal/fs/cache.go:166.32,167.22 1 1
github.com/frosado/onecloudriver/internal/fs/cache.go:167.22,169.4 1 1
github.com/frosado/onecloudriver/internal/fs/cache.go:171.2,171.14 1 1
github.com/frosado/onecloudriver/internal/fs/cache.go:177.44,178.38 1 1
github.com/frosado/onecloudriver/internal/fs/cache.go:178.38,181.3 2 1
github.com/frosado/onecloudriver/internal/fs/cache.go:182.2,182.12 1 1
github.com/frosado/onecloudriver/internal/fs/cache.go:187.43,188.18 1 1
github.com/frosado/onecloudriver/internal/fs/cache.go:188.18,190.3 1 1
github.com/frosado/onecloudriver/internal/fs/cache.go:191.2,196.20 4 1
github.com/frosado/onecloudriver/internal/fs/cache.go:196.20,197.47 1 1
github.com/frosado/onecloudriver/internal/fs/cache.go:197.47,200.4 2 1
github.com/frosado/onecloudriver/internal/fs/cache.go:205.40,207.18 2 1
github.com/frosado/onecloudriver/internal/fs/cache.go:207.18,209.3 1 1
github.com/frosado/onecloudriver/internal/fs/cache.go:212.2,213.20 2 1
github.com/frosado/onecloudriver/internal/fs/cache.go:213.20,214.47 1 1
github.com/frosado/onecloudriver/internal/fs/cache.go:214.47,216.4 1 1
github.com/frosado/onecloudriver/internal/fs/cache.go:219.2,221.20 3 1
github.com/frosado/onecloudriver/internal/fs/cache.go:221.20,223.3 1 1
github.com/frosado/onecloudriver/internal/fs/cache.go:239.30,241.2 1 1
github.com/frosado/onecloudriver/internal/fs/cache.go:253.30,255.2 1 1
github.com/frosado/onecloudriver/internal/fs/cache.go:265.30,268.78 2 1
github.com/frosado/onecloudriver/internal/fs/cache.go:268.78,273.3 4 1
github.com/frosado/onecloudriver/internal/fs/cache.go:275.2,276.49 2 1
github.com/frosado/onecloudriver/internal/fs/cache.go:276.49,282.3 1 1
github.com/frosado/onecloudriver/internal/fs/cache.go:283.2,286.18 2 1
github.com/frosado/onecloudriver/internal/fs/cache.go:286.18,288.3 1 1
github.com/frosado/onecloudriver/internal/fs/cache.go:291.2,292.16 2 1
github.com/frosado/onecloudriver/internal/fs/cache.go:292.16,294.3 1 1
github.com/frosado/onecloudriver/internal/fs/cache.go:297.2,300.23 3 1
github.com/frosado/onecloudriver/internal/fs/cache.go:300.23,310.29 3 1
github.com/frosado/onecloudriver/internal/fs/cache.go:310.29,314.4 3 1
github.com/frosado/onecloudriver/internal/fs/cache.go:315.3,316.16 2 1
github.com/frosado/onecloudriver/internal/fs/cache.go:316.16,318.4 1 1
github.com/frosado/onecloudriver/internal/fs/cache.go:319.3,320.33 2 1
github.com/frosado/onecloudriver/internal/fs/cache.go:324.2,324.19 1 1
github.com/frosado/onecloudriver/internal/fs/cache.go:324.19,328.3 2 1
github.com/frosado/onecloudriver/internal/fs/cache.go:329.2,330.15 2 1
github.com/frosado/onecloudriver/internal/fs/cache.go:330.15,332.3 1 1
github.com/frosado/onecloudriver/internal/fs/cache.go:335.2,336.33 2 1
github.com/frosado/onecloudriver/internal/fs/cache.go:336.33,337.20 1 1
github.com/frosado/onecloudriver/internal/fs/cache.go:337.20,339.4 1 1
github.com/frosado/onecloudriver/internal/fs/cache.go:341.2,343.22 2 1
github.com/frosado/onecloudriver/internal/fs/cache.go:347.114,349.16 2 1
github.com/frosado/onecloudriver/internal/fs/cache.go:349.16,351.3 1 0
github.com/frosado/onecloudriver/internal/fs/cache.go:352.2,352.28 1 1
github.com/frosado/onecloudriver/internal/fs/cache.go:368.57,371.2 2 1
github.com/frosado/onecloudriver/internal/fs/cache.go:377.71,379.49 2 1
github.com/frosado/onecloudriver/internal/fs/cache.go:379.49,381.35 2 1
github.com/frosado/onecloudriver/internal/fs/cache.go:381.35,385.4 3 1
github.com/frosado/onecloudriver/internal/fs/cache.go:386.3,386.14 1 1
github.com/frosado/onecloudriver/internal/fs/cache.go:388.2,388.14 1 1
github.com/frosado/onecloudriver/internal/fs/cache.go:392.68,394.25 2 1
github.com/frosado/onecloudriver/internal/fs/cache.go:394.25,395.39 1 1
github.com/frosado/onecloudriver/internal/fs/cache.go:395.39,397.4 1 1
github.com/frosado/onecloudriver/internal/fs/cache.go:399.2,399.15 1 1
github.com/frosado/onecloudriver/internal/fs/cache.go:415.103,418.31 2 1
github.com/frosado/onecloudriver/internal/fs/cache.go:418.31,420.3 1 1
github.com/frosado/onecloudriver/internal/fs/cache.go:422.2,425.34 3 1
github.com/frosado/onecloudriver/internal/fs/cache.go:425.34,426.32 1 1
github.com/frosado/onecloudriver/internal/fs/cache.go:426.32,427.12 1 0
github.com/frosado/onecloudriver/internal/fs/cache.go:429.3,430.17 2 1
github.com/frosado/onecloudriver/internal/fs/cache.go:430.17,432.4 1 1
github.com/frosado/onecloudriver/internal/fs/cache.go:433.3,434.14 2 1
github.com/frosado/onecloudriver/internal/fs/cache.go:434.14,436.4 1 1
github.com/frosado/onecloudriver/internal/fs/cache.go:438.3,438.29 1 1
github.com/frosado/onecloudriver/internal/fs/cache.go:438.29,440.4 1 1
github.com/frosado/onecloudriver/internal/fs/cache.go:442.3,442.21 1 1
github.com/frosado/onecloudriver/internal/fs/cache.go:442.21,444.4 1 1
github.com/frosado/onecloudriver/internal/fs/cache.go:445.3,445.25 1 1
github.com/frosado/onecloudriver/internal/fs/cache.go:448.2,448.73 1 0
github.com/frosado/onecloudriver/internal/fs/cache.go:455.35,456.21 1 1
github.com/frosado/onecloudriver/internal/fs/cache.go:456.21,458.3 1 0
github.com/frosado/onecloudriver/internal/fs/cache.go:459.2,461.12 3 1
github.com/frosado/onecloudriver/internal/fs/cache.go:461.12,466.7 5 1
github.com/frosado/onecloudriver/internal/fs/cache.go:466.7,467.11 1 1
github.com/frosado/onecloudriver/internal/fs/cache.go:468.20,470.11 2 1
github.com/frosado/onecloudriver/internal/fs/cache.go:471.20,472.14 1 0
github.com/frosado/onecloudriver/internal/fs/cache.go:479.30,485.2 4 1
github.com/frosado/onecloudriver/internal/fs/cache.go:489.35,491.2 1 1
github.com/frosado/onecloudriver/internal/fs/cache.go:495.45,498.49 2 1
github.com/frosado/onecloudriver/internal/fs/cache.go:498.49,500.33 2 1
github.com/frosado/onecloudriver/internal/fs/cache.go:500.33,502.4 1 0
github.com/frosado/onecloudriver/internal/fs/cache.go:505.3,512.24 5 1
github.com/frosado/onecloudriver/internal/fs/cache.go:512.24,521.4 3 1
github.com/frosado/onecloudriver/internal/fs/cache.go:522.3,522.14 1 1
github.com/frosado/onecloudriver/internal/fs/cache.go:532.49,533.23 1 1
github.com/frosado/onecloudriver/internal/fs/cache.go:533.23,535.3 1 1
github.com/frosado/onecloudriver/internal/fs/cache.go:537.2,547.51 5 1
github.com/frosado/onecloudriver/internal/fs/cache.go:547.51,549.33 2 1
github.com/frosado/onecloudriver/internal/fs/cache.go:549.33,551.4 1 1
github.com/frosado/onecloudriver/internal/fs/cache.go:552.3,562.14 7 1
github.com/frosado/onecloudriver/internal/fs/cache.go:565.2,565.27 1 1
github.com/frosado/onecloudriver/internal/fs/cache.go:565.27,567.3 1 1
github.com/frosado/onecloudriver/internal/fs/cache.go:571.2,571.41 1 1
github.com/frosado/onecloudriver/internal/fs/cache.go:571.41,572.41 1 1
github.com/frosado/onecloudriver/internal/fs/cache.go:572.41,574.4 1 0
github.com/frosado/onecloudriver/internal/fs/cache.go:575.3,575.43 1 1
github.com/frosado/onecloudriver/internal/fs/cache.go:578.2,579.51 2 1
github.com/frosado/onecloudriver/internal/fs/cache.go:579.51,580.49 1 1
github.com/frosado/onecloudriver/internal/fs/cache.go:580.49,588.4 3 1
github.com/frosado/onecloudriver/internal/fs/cache.go:599.50,600.46 1 1
github.com/frosado/onecloudriver/internal/fs/cache.go:600.46,604.3 3 1
github.com/frosado/onecloudriver/internal/fs/cache.go:609.38,610.49 1 1
github.com/frosado/onecloudriver/internal/fs/cache.go:610.49,612.26 2 1
github.com/frosado/onecloudriver/internal/fs/cache.go:612.26,615.4 2 1
github.com/frosado/onecloudriver/internal/fs/cache.go:616.3,616.14 1 1
github.com/frosado/onecloudriver/internal/fs/cache.go:618.2,618.53 1 1
github.com/frosado/onecloudriver/internal/fs/cache.go:632.46,634.45 2 1
github.com/frosado/onecloudriver/internal/fs/cache.go:634.45,637.3 2 1
github.com/frosado/onecloudriver/internal/fs/cache.go:638.2,643.3 1 1
github.com/frosado/onecloudriver/internal/fs/cache.go:650.73,651.23 1 1
github.com/frosado/onecloudriver/internal/fs/cache.go:651.23,653.3 1 0
github.com/frosado/onecloudriver/internal/fs/cache.go:654.2,668.46 5 1
github.com/frosado/onecloudriver/internal/fs/cache.go:668.46,671.3 2 1
github.com/frosado/onecloudriver/internal/fs/cache.go:672.2,672.30 1 1
github.com/frosado/onecloudriver/internal/fs/cache.go:681.60,683.18 2 1
github.com/frosado/onecloudriver/internal/fs/cache.go:683.18,685.3 1 0
github.com/frosado/onecloudriver/internal/fs/cache.go:688.2,688.46 1 1
github.com/frosado/onecloudriver/internal/fs/cache.go:688.46,690.3 1 1
github.com/frosado/onecloudriver/internal/fs/cache.go:692.2,694.20 3 1
github.com/frosado/onecloudriver/internal/fs/cache.go:694.20,696.3 1 1
github.com/frosado/onecloudriver/internal/fs/cache.go:710.50,712.9 2 1
github.com/frosado/onecloudriver/internal/fs/cache.go:712.9,714.3 1 1
github.com/frosado/onecloudriver/internal/fs/cache.go:715.2,724.20 7 1
github.com/frosado/onecloudriver/internal/fs/cache.go:724.20,726.3 1 1
github.com/frosado/onecloudriver/internal/fs/cache.go:727.2,731.20 3 1
github.com/frosado/onecloudriver/internal/fs/cache.go:731.20,732.47 1 1
github.com/frosado/onecloudriver/internal/fs/cache.go:732.47,734.39 2 1
github.com/frosado/onecloudriver/internal/fs/cache.go:734.39,735.20 1 1
github.com/frosado/onecloudriver/internal/fs/cache.go:735.20,737.11 2 1
github.com/frosado/onecloudriver/internal/fs/cache.go:740.4,741.25 2 1
github.com/frosado/onecloudriver/internal/fs/cache.go:747.74,749.18 2 1
github.com/frosado/onecloudriver/internal/fs/cache.go:749.18,751.3 1 0
github.com/frosado/onecloudriver/internal/fs/cache.go:754.2,754.55 1 1
github.com/frosado/onecloudriver/internal/fs/cache.go:754.55,756.3 1 1
github.com/frosado/onecloudriver/internal/fs/cache.go:759.2,759.55 1 1
github.com/frosado/onecloudriver/internal/fs/cache.go:759.55,762.3 2 1
github.com/frosado/onecloudriver/internal/fs/cache.go:763.2,763.22 1 1
github.com/frosado/onecloudriver/internal/fs/cache.go:771.43,775.2 3 1
github.com/frosado/onecloudriver/internal/fs/cache.go:779.45,783.2 3 1
github.com/frosado/onecloudriver/internal/fs/cache.go:788.83,789.16 1 1
github.com/frosado/onecloudriver/internal/fs/cache.go:789.16,791.3 1 0
github.com/frosado/onecloudriver/internal/fs/cache.go:792.2,794.12 3 1
github.com/frosado/onecloudriver/internal/fs/cache.go:799.51,801.21 2 1
github.com/frosado/onecloudriver/internal/fs/cache.go:801.21,803.3 1 1
github.com/frosado/onecloudriver/internal/fs/cache.go:804.2,805.13 2 1
github.com/frosado/onecloudriver/internal/fs/cache.go:826.54,828.2 1 1
github.com/frosado/onecloudriver/internal/fs/cache.go:833.77,838.16 2 1
github.com/frosado/onecloudriver/internal/fs/cache.go:838.16,839.44 1 1
github.com/frosado/onecloudriver/internal/fs/cache.go:839.44,841.4 1 1
github.com/frosado/onecloudriver/internal/fs/cache.go:842.3,842.67 1 1
github.com/frosado/onecloudriver/internal/fs/cache.go:846.2,846.46 1 1
github.com/frosado/onecloudriver/internal/fs/cache.go:846.46,847.75 1 1
github.com/frosado/onecloudriver/internal/fs/cache.go:847.75,849.4 1 0
github.com/frosado/onecloudriver/internal/fs/cache.go:850.3,850.72 1 1
github.com/frosado/onecloudriver/internal/fs/cache.go:850.72,852.4 1 0
github.com/frosado/onecloudriver/internal/fs/cache.go:853.3,853.74 1 1
github.com/frosado/onecloudriver/internal/fs/cache.go:853.74,855.4 1 0
github.com/frosado/onecloudriver/internal/fs/cache.go:856.3,856.13 1 1
github.com/frosado/onecloudriver/internal/fs/cache.go:857.17,860.3 2 0
github.com/frosado/onecloudriver/internal/fs/cache.go:862.2,866.48 3 1
github.com/frosado/onecloudriver/internal/fs/cache.go:866.48,868.3 1 0
github.com/frosado/onecloudriver/internal/fs/cache.go:870.2,871.12 2 1
github.com/frosado/onecloudriver/internal/fs/cache.go:887.43,888.17 1 1
github.com/frosado/onecloudriver/internal/fs/cache.go:888.17,890.3 1 1
github.com/frosado/onecloudriver/internal/fs/cache.go:892.2,892.45 1 1
github.com/frosado/onecloudriver/internal/fs/cache.go:892.45,894.20 2 1
github.com/frosado/onecloudriver/internal/fs/cache.go:894.20,896.4 1 0
github.com/frosado/onecloudriver/internal/fs/cache.go:900.3,903.50 3 1
github.com/frosado/onecloudriver/internal/fs/cache.go:903.50,905.34 2 1
github.com/frosado/onecloudriver/internal/fs/cache.go:905.34,908.31 1 1
github.com/frosado/onecloudriver/internal/fs/cache.go:908.31,910.6 1 1
github.com/frosado/onecloudriver/internal/fs/cache.go:911.5,911.16 1 1
github.com/frosado/onecloudriver/internal/fs/cache.go:913.4,915.15 3 1
github.com/frosado/onecloudriver/internal/fs/cache.go:920.3,920.31 1 1
github.com/frosado/onecloudriver/internal/fs/cache.go:920.31,921.40 1 1
github.com/frosado/onecloudriver/internal/fs/cache.go:921.40,923.5 1 1
github.com/frosado/onecloudriver/internal/fs/cache.go:927.3,927.29 1 1
github.com/frosado/onecloudriver/internal/fs/cache.go:927.29,928.40 1 1
github.com/frosado/onecloudriver/internal/fs/cache.go:928.40,930.56 2 1
github.com/frosado/onecloudriver/internal/fs/cache.go:930.56,932.14 2 0
github.com/frosado/onecloudriver/internal/fs/cache.go:934.5,934.45 1 1
github.com/frosado/onecloudriver/internal/fs/cache.go:937.3,937.13 1 1
github.com/frosado/onecloudriver/internal/fs/cache.go:939.2,939.16 1 1
github.com/frosado/onecloudriver/internal/fs/cache.go:939.16,941.3 1 0
github.com/frosado/onecloudriver/internal/fs/cache.go:945.2,950.12 5 1
github.com/frosado/onecloudriver/internal/fs/cache.go:966.45,967.17 1 1
github.com/frosado/onecloudriver/internal/fs/cache.go:967.17,969.3 1 1
github.com/frosado/onecloudriver/internal/fs/cache.go:974.2,981.42 7 1
github.com/frosado/onecloudriver/internal/fs/cache.go:981.42,983.3 1 1
github.com/frosado/onecloudriver/internal/fs/cache.go:985.2,995.62 5 1
github.com/frosado/onecloudriver/internal/fs/cache.go:995.62,997.26 2 1
github.com/frosado/onecloudriver/internal/fs/cache.go:997.26,999.4 1 1
github.com/frosado/onecloudriver/internal/fs/cache.go:1000.3,1001.49 2 1
github.com/frosado/onecloudriver/internal/fs/cache.go:1001.49,1003.21 2 1
github.com/frosado/onecloudriver/internal/fs/cache.go:1003.21,1005.5 1 0
github.com/frosado/onecloudriver/internal/fs/cache.go:1006.4,1006.29 1 1
github.com/frosado/onecloudriver/internal/fs/cache.go:1006.29,1008.21 2 1
github.com/frosado/onecloudriver/internal/fs/cache.go:1008.21,1011.54 1 1
github.com/frosado/onecloudriver/internal/fs/cache.go:1011.54,1013.7 1 0
github.com/frosado/onecloudriver/internal/fs/cache.go:1014.6,1014.14 1 1
github.com/frosado/onecloudriver/internal/fs/cache.go:1019.5,1019.61 1 1
github.com/frosado/onecloudriver/internal/fs/cache.go:1019.61,1020.14 1 1
github.com/frosado/onecloudriver/internal/fs/cache.go:1022.5,1023.56 2 1
github.com/frosado/onecloudriver/internal/fs/cache.go:1023.56,1025.6 1 0
github.com/frosado/onecloudriver/internal/fs/cache.go:1026.5,1026.45 1 1
github.com/frosado/onecloudriver/internal/fs/cache.go:1028.4,1028.14 1 1
github.com/frosado/onecloudriver/internal/fs/cache.go:1029.18,1031.29 1 0
github.com/frosado/onecloudriver/internal/fs/cache.go:1031.29,1033.5 1 0
github.com/frosado/onecloudriver/internal/fs/cache.go:1034.4,1034.23 1 0
github.com/frosado/onecloudriver/internal/fs/cache.go:1034.23,1036.5 1 0
github.com/frosado/onecloudriver/internal/fs/cache.go:1041.2,1041.64 1 1
github.com/frosado/onecloudriver/internal/fs/cache.go:1041.64,1043.28 2 1
github.com/frosado/onecloudriver/internal/fs/cache.go:1043.28,1045.4 1 1
github.com/frosado/onecloudriver/internal/fs/cache.go:1046.3,1047.49 2 1
github.com/frosado/onecloudriver/internal/fs/cache.go:1047.49,1049.21 2 1
github.com/frosado/onecloudriver/internal/fs/cache.go:1049.21,1051.5 1 0
github.com/frosado/onecloudriver/internal/fs/cache.go:1052.4,1052.29 1 1
github.com/frosado/onecloudriver/internal/fs/cache.go:1052.29,1053.53 1 1
github.com/frosado/onecloudriver/internal/fs/cache.go:1053.53,1055.6 1 0
github.com/frosado/onecloudriver/internal/fs/cache.go:1057.4,1057.14 1 1
github.com/frosado/onecloudriver/internal/fs/cache.go:1058.18,1059.29 1 0
github.com/frosado/onecloudriver/internal/fs/cache.go:1059.29,1061.5 1 0
github.com/frosado/onecloudriver/internal/fs/cache.go:1062.4,1062.23 1 0
github.com/frosado/onecloudriver/internal/fs/cache.go:1062.23,1064.5 1 0
github.com/frosado/onecloudriver/internal/fs/cache.go:1068.2,1068.21 1 1
github.com/frosado/onecloudriver/internal/fs/cache.go:1068.21,1070.3 1 0
github.com/frosado/onecloudriver/internal/fs/cache.go:1071.2,1071.17 1 1
github.com/frosado/onecloudriver/internal/fs/cache.go:1075.50,1076.17 1 1
github.com/frosado/onecloudriver/internal/fs/cache.go:1076.17,1078.3 1 0
github.com/frosado/onecloudriver/internal/fs/cache.go:1080.2,1081.43 2 1
github.com/frosado/onecloudriver/internal/fs/cache.go:1081.43,1083.20 2 1
github.com/frosado/onecloudriver/internal/fs/cache.go:1083.20,1085.4 1 0
github.com/frosado/onecloudriver/internal/fs/cache.go:1087.3,1087.49 1 1
github.com/frosado/onecloudriver/internal/fs/cache.go:1087.49,1089.18 2 1
github.com/frosado/onecloudriver/internal/fs/cache.go:1089.18,1092.5 2 0
github.com/frosado/onecloudriver/internal/fs/cache.go:1094.4,1094.68 1 1
github.com/frosado/onecloudriver/internal/fs/cache.go:1094.68,1096.5 1 1
github.com/frosado/onecloudriver/internal/fs/cache.go:1097.4,1097.14 1 1
github.com/frosado/onecloudriver/internal/fs/cache.go:1100.2,1100.16 1 1
github.com/frosado/onecloudriver/internal/fs/cache.go:1100.16,1102.3 1 0
github.com/frosado/onecloudriver/internal/fs/cache.go:1104.2,1104.15 1 1
github.com/frosado/onecloudriver/internal/fs/cache.go:1104.15,1106.3 1 1
github.com/frosado/onecloudriver/internal/fs/cache.go:1107.2,1107.12 1 1
github.com/frosado/onecloudriver/internal/fs/cache.go:1114.44,1115.17 1 1
github.com/frosado/onecloudriver/internal/fs/cache.go:1115.17,1117.3 1 1
github.com/frosado/onecloudriver/internal/fs/cache.go:1119.2,1120.43 2 1
github.com/frosado/onecloudriver/internal/fs/cache.go:1120.43,1122.20 2 1
github.com/frosado/onecloudriver/internal/fs/cache.go:1122.20,1124.4 1 0
github.com/frosado/onecloudriver/internal/fs/cache.go:1125.3,1125.54 1 1
github.com/frosado/onecloudriver/internal/fs/cache.go:1125.54,1127.4 1 1
github.com/frosado/onecloudriver/internal/fs/cache.go:1128.3,1128.13 1 1
github.com/frosado/onecloudriver/internal/fs/cache.go:1130.2,1130.16 1 1
github.com/frosado/onecloudriver/internal/fs/cache.go:1130.16,1132.3 1 0
github.com/frosado/onecloudriver/internal/fs/cache.go:1133.2,1133.13 1 1
github.com/frosado/onecloudriver/internal/fs/cache.go:1140.48,1141.17 1 1
github.com/frosado/onecloudriver/internal/fs/cache.go:1141.17,1143.3 1 1
github.com/frosado/onecloudriver/internal/fs/cache.go:1145.2,1145.45 1 1
github.com/frosado/onecloudriver/internal/fs/cache.go:1145.45,1147.20 2 1
github.com/frosado/onecloudriver/internal/fs/cache.go:1147.20,1149.4 1 0
github.com/frosado/onecloudriver/internal/fs/cache.go:1150.3,1150.50 1 1
github.com/frosado/onecloudriver/internal/fs/cache.go:1152.2,1152.16 1 1
github.com/frosado/onecloudriver/internal/fs/cache.go:1152.16,1154.3 1 0
github.com/frosado/onecloudriver/internal/fs/cache.go:1161.44,1163.2 1 0
github.com/frosado/onecloudriver/internal/fs/cache.go:1172.64,1173.17 1 1
github.com/frosado/onecloudriver/internal/fs/cache.go:1173.17,1175.3 1 1
github.com/frosado/onecloudriver/internal/fs/cache.go:1176.2,1176.45 1 1
github.com/frosado/onecloudriver/internal/fs/cache.go:1176.45,1178.20 2 1
github.com/frosado/onecloudriver/internal/fs/cache.go:1178.20,1180.4 1 0
github.com/frosado/onecloudriver/internal/fs/cache.go:1181.3,1181.38 1 1
github.com/frosado/onecloudriver/internal/fs/cache.go:1183.2,1183.16 1 1
github.com/frosado/onecloudriver/internal/fs/cache.go:1183.16,1185.3 1 0
github.com/frosado/onecloudriver/internal/fs/cache.go:1191.61,1192.17 1 1
github.com/frosado/onecloudriver/internal/fs/cache.go:1192.17,1194.3 1 1
github.com/frosado/onecloudriver/internal/fs/cache.go:1195.2,1196.43 2 1
github.com/frosado/onecloudriver/internal/fs/cache.go:1196.43,1198.20 2 1
github.com/frosado/onecloudriver/internal/fs/cache.go:1198.20,1200.4 1 0
github.com/frosado/onecloudriver/internal/fs/cache.go:1201.3,1201.49 1 1
github.com/frosado/onecloudriver/internal/fs/cache.go:1201.49,1204.4 2 1
github.com/frosado/onecloudriver/internal/fs/cache.go:1206.2,1206.16 1 1
github.com/frosado/onecloudriver/internal/fs/cache.go:1206.16,1210.3 1 0
github.com/frosado/onecloudriver/internal/fs/cache.go:1211.2,1211.15 1 1
github.com/frosado/onecloudriver/internal/fs/cache.go:1217.53,1218.17 1 1
github.com/frosado/onecloudriver/internal/fs/cache.go:1218.17,1220.3 1 1
github.com/frosado/onecloudriver/internal/fs/cache.go:1221.2,1221.45 1 1
github.com/frosado/onecloudriver/internal/fs/cache.go:1221.45,1223.20 2 1
github.com/frosado/onecloudriver/internal/fs/cache.go:1223.20,1225.4 1 0
github.com/frosado/onecloudriver/internal/fs/cache.go:1226.3,1226.35 1 1
github.com/frosado/onecloudriver/internal/fs/cache.go:1228.2,1228.16 1 1
github.com/frosado/onecloudriver/internal/fs/cache.go:1228.16,1230.3 1 0
github.com/frosado/onecloudriver/internal/fs/cache.go:1236.39,1238.2 1 1
github.com/frosado/onecloudriver/internal/fs/cache.go:1241.41,1243.15 2 1
github.com/frosado/onecloudriver/internal/fs/cache.go:1243.15,1244.8 1 1
github.com/frosado/onecloudriver/internal/fs/cache.go:1244.8,1246.4 1 1
github.com/frosado/onecloudriver/internal/fs/cache.go:1246.9,1248.4 1 1
github.com/frosado/onecloudriver/internal/fs/cache.go:1255.36,1260.21 3 1
github.com/frosado/onecloudriver/internal/fs/cache.go:1260.21,1264.3 3 1
github.com/frosado/onecloudriver/internal/fs/cache.go:1267.2,1267.17 1 1
github.com/frosado/onecloudriver/internal/fs/cache.go:1267.17,1268.42 1 1
github.com/frosado/onecloudriver/internal/fs/cache.go:1268.42,1270.4 1 0
github.com/frosado/onecloudriver/internal/fs/cache.go:1271.3,1271.38 1 1
github.com/frosado/onecloudriver/internal/fs/cache.go:1271.38,1273.4 1 0
github.com/frosado/onecloudriver/internal/fs/cache.go:1274.3,1275.47 2 1
github.com/frosado/onecloudriver/internal/fs/cache.go:1277.2,1277.12 1 1
github.com/frosado/onecloudriver/internal/fs/cache.go:1284.52,1287.2 2 1
github.com/frosado/onecloudriver/internal/fs/cache.go:1290.46,1292.2 1 1
github.com/frosado/onecloudriver/internal/fs/cache.go:1296.43,1299.2 2 1
github.com/frosado/onecloudriver/internal/fs/cache.go:1302.39,1304.2 1 1
github.com/frosado/onecloudriver/internal/fs/content_cache.go:80.63,81.53 1 1
github.com/frosado/onecloudriver/internal/fs/content_cache.go:81.53,83.3 1 1
github.com/frosado/onecloudriver/internal/fs/content_cache.go:84.2,88.56 2 1
github.com/frosado/onecloudriver/internal/fs/content_cache.go:88.56,90.3 1 0
github.com/frosado/onecloudriver/internal/fs/content_cache.go:91.2,91.19 1 1
github.com/frosado/onecloudriver/internal/fs/content_cache.go:97.55,101.2 3 1
github.com/frosado/onecloudriver/internal/fs/content_cache.go:111.54,117.38 2 1
github.com/frosado/onecloudriver/internal/fs/content_cache.go:117.38,120.3 2 1
github.com/frosado/onecloudriver/internal/fs/content_cache.go:126.2,126.29 1 1
github.com/frosado/onecloudriver/internal/fs/content_cache.go:126.29,129.3 2 1
github.com/frosado/onecloudriver/internal/fs/content_cache.go:131.2,131.41 1 1
github.com/frosado/onecloudriver/internal/fs/content_cache.go:141.58,142.34 1 1
github.com/frosado/onecloudriver/internal/fs/content_cache.go:142.34,145.3 2 1
github.com/frosado/onecloudriver/internal/fs/content_cache.go:150.2,153.16 4 1
github.com/frosado/onecloudriver/internal/fs/content_cache.go:153.16,156.3 2 0
github.com/frosado/onecloudriver/internal/fs/content_cache.go:157.2,159.60 3 1
github.com/frosado/onecloudriver/internal/fs/content_cache.go:159.60,161.46 2 0
github.com/frosado/onecloudriver/internal/fs/content_cache.go:161.46,164.4 2 0
github.com/frosado/onecloudriver/internal/fs/content_cache.go:165.3,166.18 2 0
github.com/frosado/onecloudriver/internal/fs/content_cache.go:168.2,170.16 2 1
github.com/frosado/onecloudriver/internal/fs/content_cache.go:175.64,176.21 1 1
github.com/frosado/onecloudriver/internal/fs/content_cache.go:176.21,178.3 1 1
github.com/frosado/onecloudriver/internal/fs/content_cache.go:179.2,185.16 6 1
github.com/frosado/onecloudriver/internal/fs/content_cache.go:185.16,187.3 1 1
github.com/frosado/onecloudriver/internal/fs/content_cache.go:188.2,189.16 2 1
github.com/frosado/onecloudriver/internal/fs/content_cache.go:189.16,191.3 1 0
github.com/frosado/onecloudriver/internal/fs/content_cache.go:192.2,193.12 2 1
github.com/frosado/onecloudriver/internal/fs/content_cache.go:208.81,209.21 1 1
github.com/frosado/onecloudriver/internal/fs/content_cache.go:209.21,211.3 1 1
github.com/frosado/onecloudriver/internal/fs/content_cache.go:212.2,217.16 5 1
github.com/frosado/onecloudriver/internal/fs/content_cache.go:217.16,219.3 1 0
github.com/frosado/onecloudriver/internal/fs/content_cache.go:220.2,220.41 1 1
github.com/frosado/onecloudriver/internal/fs/content_cache.go:220.41,222.3 1 0
github.com/frosado/onecloudriver/internal/fs/content_cache.go:223.2,223.39 1 1
github.com/frosado/onecloudriver/internal/fs/content_cache.go:223.39,225.3 1 0
github.com/frosado/onecloudriver/internal/fs/content_cache.go:226.2,227.16 2 1
github.com/frosado/onecloudriver/internal/fs/content_cache.go:227.16,229.3 1 0
github.com/frosado/onecloudriver/internal/fs/content_cache.go:230.2,233.16 4 1
github.com/frosado/onecloudriver/internal/fs/content_cache.go:233.16,235.3 1 0
github.com/frosado/onecloudriver/internal/fs/content_cache.go:236.2,237.15 2 1
github.com/frosado/onecloudriver/internal/fs/content_cache.go:243.41,249.17 5 1
github.com/frosado/onecloudriver/internal/fs/content_cache.go:249.17,251.3 1 1
github.com/frosado/onecloudriver/internal/fs/content_cache.go:256.52,259.14 3 1
github.com/frosado/onecloudriver/internal/fs/content_cache.go:259.14,262.3 2 1
github.com/frosado/onecloudriver/internal/fs/content_cache.go:263.2,264.9 2 1
github.com/frosado/onecloudriver/internal/fs/content_cache.go:264.9,267.3 2 0
github.com/frosado/onecloudriver/internal/fs/content_cache.go:272.2,273.42 2 1
github.com/frosado/onecloudriver/internal/fs/content_cache.go:273.42,275.3 1 0
github.com/frosado/onecloudriver/internal/fs/content_cache.go:275.8,277.3 1 1
github.com/frosado/onecloudriver/internal/fs/content_cache.go:279.2,283.20 4 1
github.com/frosado/onecloudriver/internal/fs/content_cache.go:283.20,285.3 1 0
github.com/frosado/onecloudriver/internal/fs/content_cache.go:286.2,286.21 1 1
github.com/frosado/onecloudriver/internal/fs/content_cache.go:286.21,288.3 1 0
github.com/frosado/onecloudriver/internal/fs/content_cache.go:289.2,289.56 1 1
github.com/frosado/onecloudriver/internal/fs/content_cache.go:293.48,294.21 1 1
github.com/frosado/onecloudriver/internal/fs/content_cache.go:294.21,296.3 1 1
github.com/frosado/onecloudriver/internal/fs/content_cache.go:297.2,308.9 10 1
github.com/frosado/onecloudriver/internal/fs/content_cache.go:309.18,311.14 2 1
github.com/frosado/onecloudriver/internal/fs/content_cache.go:311.14,313.4 1 1
github.com/frosado/onecloudriver/internal/fs/content_cache.go:314.3,315.32 2 1
github.com/frosado/onecloudriver/internal/fs/content_cache.go:316.37,318.39 2 1
github.com/frosado/onecloudriver/internal/fs/content_cache.go:320.2,321.12 2 1
github.com/frosado/onecloudriver/internal/fs/content_cache.go:325.51,326.33 1 1
github.com/frosado/onecloudriver/internal/fs/content_cache.go:326.33,328.3 1 1
github.com/frosado/onecloudriver/internal/fs/content_cache.go:329.2,330.19 2 1
github.com/frosado/onecloudriver/internal/fs/content_cache.go:336.80,337.21 1 1
github.com/frosado/onecloudriver/internal/fs/content_cache.go:337.21,339.3 1 1
github.com/frosado/onecloudriver/internal/fs/content_cache.go:340.2,346.16 6 1
github.com/frosado/onecloudriver/internal/fs/content_cache.go:346.16,348.3 1 0
github.com/frosado/onecloudriver/internal/fs/content_cache.go:349.2,350.16 2 1
github.com/frosado/onecloudriver/internal/fs/content_cache.go:350.16,352.3 1 0
github.com/frosado/onecloudriver/internal/fs/content_cache.go:353.2,356.16 4 1
github.com/frosado/onecloudriver/internal/fs/content_cache.go:356.16,358.3 1 0
github.com/frosado/onecloudriver/internal/fs/content_cache.go:359.2,359.29 1 1
github.com/frosado/onecloudriver/internal/fs/content_cache.go:359.29,361.3 1 1
github.com/frosado/onecloudriver/internal/fs/content_cache.go:362.2,362.15 1 1
github.com/frosado/onecloudriver/internal/fs/content_cache.go:367.46,368.34 1 1
github.com/frosado/onecloudriver/internal/fs/content_cache.go:368.34,371.17 3 1
github.com/frosado/onecloudriver/internal/fs/content_cache.go:371.17,373.4 1 1
github.com/frosado/onecloudriver/internal/fs/content_cache.go:375.2,376.16 2 1
github.com/frosado/onecloudriver/internal/fs/content_cache.go:376.16,378.3 1 1
github.com/frosado/onecloudriver/internal/fs/content_cache.go:379.2,379.18 1 1
github.com/frosado/onecloudriver/internal/fs/content_cache.go:389.50,395.16 5 1
github.com/frosado/onecloudriver/internal/fs/content_cache.go:395.16,398.3 2 0
github.com/frosado/onecloudriver/internal/fs/content_cache.go:399.2,399.41 1 1
github.com/frosado/onecloudriver/internal/fs/content_cache.go:399.41,402.3 2 0
github.com/frosado/onecloudriver/internal/fs/content_cache.go:403.2,404.16 2 1
github.com/frosado/onecloudriver/internal/fs/content_cache.go:404.16,407.3 2 0
github.com/frosado/onecloudriver/internal/fs/content_cache.go:408.2,408.13 1 1
github.com/frosado/onecloudriver/internal/fs/content_cache.go:420.46,422.2 1 1
github.com/frosado/onecloudriver/internal/fs/content_cache.go:439.67,440.23 1 1
github.com/frosado/onecloudriver/internal/fs/content_cache.go:440.23,442.3 1 1
github.com/frosado/onecloudriver/internal/fs/content_cache.go:444.2,449.16 5 1
github.com/frosado/onecloudriver/internal/fs/content_cache.go:449.16,451.3 1 0
github.com/frosado/onecloudriver/internal/fs/content_cache.go:452.2,452.41 1 1
github.com/frosado/onecloudriver/internal/fs/content_cache.go:452.41,454.3 1 0
github.com/frosado/onecloudriver/internal/fs/content_cache.go:456.2,457.47 2 1
github.com/frosado/onecloudriver/internal/fs/content_cache.go:457.47,459.3 1 0
github.com/frosado/onecloudriver/internal/fs/content_cache.go:462.2,463.16 2 1
github.com/frosado/onecloudriver/internal/fs/content_cache.go:463.16,465.3 1 0
github.com/frosado/onecloudriver/internal/fs/content_cache.go:466.2,470.20 4 1
github.com/frosado/onecloudriver/internal/fs/content_cache.go:470.20,473.3 2 0
github.com/frosado/onecloudriver/internal/fs/content_cache.go:474.2,474.21 1 1
github.com/frosado/onecloudriver/internal/fs/content_cache.go:474.21,477.3 2 0
github.com/frosado/onecloudriver/internal/fs/content_cache.go:478.2,478.12 1 1
github.com/frosado/onecloudriver/internal/fs/content_cache.go:478.12,481.3 2 1
github.com/frosado/onecloudriver/internal/fs/content_cache.go:483.2,483.21 1 1
github.com/frosado/onecloudriver/internal/fs/content_cache.go:487.47,490.2 2 1
github.com/frosado/onecloudriver/internal/fs/content_cache.go:496.66,497.23 1 1
github.com/frosado/onecloudriver/internal/fs/content_cache.go:497.23,499.3 1 0
github.com/frosado/onecloudriver/internal/fs/content_cache.go:500.2,505.16 5 1
github.com/frosado/onecloudriver/internal/fs/content_cache.go:505.16,508.3 2 0
github.com/frosado/onecloudriver/internal/fs/content_cache.go:509.2,509.41 1 1
github.com/frosado/onecloudriver/internal/fs/content_cache.go:509.41,512.3 2 0
github.com/frosado/onecloudriver/internal/fs/content_cache.go:513.2,514.42 2 1
github.com/frosado/onecloudriver/internal/fs/content_cache.go:514.42,517.3 2 0
github.com/frosado/onecloudriver/internal/fs/content_cache.go:518.2,518.60 1 1
github.com/frosado/onecloudriver/internal/fs/content_cache.go:526.51,528.18 2 1
github.com/frosado/onecloudriver/internal/fs/content_cache.go:528.18,530.3 1 1
github.com/frosado/onecloudriver/internal/fs/content_cache.go:534.40,536.2 1 1
github.com/frosado/onecloudriver/internal/fs/content_cache.go:539.42,541.2 1 1
github.com/frosado/onecloudriver/internal/fs/content_cache.go:546.47,549.16 3 1
github.com/frosado/onecloudriver/internal/fs/content_cache.go:549.16,551.3 1 0
github.com/frosado/onecloudriver/internal/fs/content_cache.go:552.2,552.32 1 1
github.com/frosado/onecloudriver/internal/fs/content_cache.go:552.32,553.20 1 1
github.com/frosado/onecloudriver/internal/fs/content_cache.go:553.20,554.12 1 0
github.com/frosado/onecloudriver/internal/fs/content_cache.go:556.3,557.17 2 1
github.com/frosado/onecloudriver/internal/fs/content_cache.go:557.17,558.12 1 0
github.com/frosado/onecloudriver/internal/fs/content_cache.go:560.3,560.23 1 1
github.com/frosado/onecloudriver/internal/fs/content_cache.go:562.2,562.14 1 1
github.com/frosado/onecloudriver/internal/fs/content_cache.go:575.37,576.20 1 1
github.com/frosado/onecloudriver/internal/fs/content_cache.go:576.20,578.3 1 1
github.com/frosado/onecloudriver/internal/fs/content_cache.go:579.2,579.27 1 1
github.com/frosado/onecloudriver/internal/fs/content_cache.go:579.27,581.3 1 1
github.com/frosado/onecloudriver/internal/fs/content_cache.go:582.2,582.12 1 1
github.com/frosado/onecloudriver/internal/fs/content_cache.go:582.12,585.3 2 1
github.com/frosado/onecloudriver/internal/fs/content_cache.go:589.37,591.2 1 1
github.com/frosado/onecloudriver/internal/fs/content_cache.go:595.35,597.48 2 1
github.com/frosado/onecloudriver/internal/fs/content_cache.go:597.48,598.37 1 1
github.com/frosado/onecloudriver/internal/fs/content_cache.go:598.37,601.36 1 1
github.com/frosado/onecloudriver/internal/fs/content_cache.go:601.36,603.5 1 0
github.com/frosado/onecloudriver/internal/fs/content_cache.go:604.4,604.37 1 1
github.com/frosado/onecloudriver/internal/fs/content_cache.go:604.37,606.5 1 0
github.com/frosado/onecloudriver/internal/fs/content_cache.go:608.3,609.14 2 1
github.com/frosado/onecloudriver/internal/fs/content_cache.go:611.2,611.55 1 1
github.com/frosado/onecloudriver/internal/fs/content_eviction.go:28.30,28.47 1 1
github.com/frosado/onecloudriver/internal/fs/content_eviction.go:30.40,31.38 1 1
github.com/frosado/onecloudriver/internal/fs/content_eviction.go:31.38,33.3 1 1
github.com/frosado/onecloudriver/internal/fs/content_eviction.go:34.2,34.42 1 1
github.com/frosado/onecloudriver/internal/fs/content_eviction.go:37.35,41.2 3 1
github.com/frosado/onecloudriver/internal/fs/content_eviction.go:43.37,45.9 2 1
github.com/frosado/onecloudriver/internal/fs/content_eviction.go:45.9,47.3 1 0
github.com/frosado/onecloudriver/internal/fs/content_eviction.go:48.2,49.24 2 1
github.com/frosado/onecloudriver/internal/fs/content_eviction.go:52.31,60.2 7 1
github.com/frosado/onecloudriver/internal/fs/content_eviction.go:65.56,70.16 4 1
github.com/frosado/onecloudriver/internal/fs/content_eviction.go:70.16,72.3 1 0
github.com/frosado/onecloudriver/internal/fs/content_eviction.go:74.2,77.32 4 1
github.com/frosado/onecloudriver/internal/fs/content_eviction.go:77.32,78.20 1 1
github.com/frosado/onecloudriver/internal/fs/content_eviction.go:78.20,79.12 1 0
github.com/frosado/onecloudriver/internal/fs/content_eviction.go:81.3,82.17 2 1
github.com/frosado/onecloudriver/internal/fs/content_eviction.go:82.17,85.12 2 0
github.com/frosado/onecloudriver/internal/fs/content_eviction.go:88.3,98.23 5 1
github.com/frosado/onecloudriver/internal/fs/content_eviction.go:100.2,101.12 2 1
github.com/frosado/onecloudriver/internal/fs/content_eviction.go:107.79,108.27 1 1
github.com/frosado/onecloudriver/internal/fs/content_eviction.go:108.27,110.3 1 0
github.com/frosado/onecloudriver/internal/fs/content_eviction.go:112.2,113.13 2 1
github.com/frosado/onecloudriver/internal/fs/content_eviction.go:113.13,125.3 5 1
github.com/frosado/onecloudriver/internal/fs/content_eviction.go:127.2,131.22 5 1
github.com/frosado/onecloudriver/internal/fs/content_eviction.go:131.22,133.3 1 1
github.com/frosado/onecloudriver/internal/fs/content_eviction.go:133.8,135.3 1 0
github.com/frosado/onecloudriver/internal/fs/content_eviction.go:140.57,143.16 3 1
github.com/frosado/onecloudriver/internal/fs/content_eviction.go:143.16,145.3 1 0
github.com/frosado/onecloudriver/internal/fs/content_eviction.go:146.2,147.12 2 1
github.com/frosado/onecloudriver/internal/fs/content_eviction.go:152.82,153.27 1 1
github.com/frosado/onecloudriver/internal/fs/content_eviction.go:153.27,154.48 1 1
github.com/frosado/onecloudriver/internal/fs/content_eviction.go:154.48,156.4 1 1
github.com/frosado/onecloudriver/internal/fs/content_eviction.go:158.2,159.16 2 1
github.com/frosado/onecloudriver/internal/fs/content_eviction.go:159.16,161.3 1 0
github.com/frosado/onecloudriver/internal/fs/content_eviction.go:162.2,163.12 2 1
github.com/frosado/onecloudriver/internal/fs/content_eviction.go:168.63,170.13 2 1
github.com/frosado/onecloudriver/internal/fs/content_eviction.go:170.13,172.3 1 0
github.com/frosado/onecloudriver/internal/fs/content_eviction.go:173.2,173.22 1 1
github.com/frosado/onecloudriver/internal/fs/content_eviction.go:173.22,175.3 1 1
github.com/frosado/onecloudriver/internal/fs/content_eviction.go:176.2,176.30 1 1
github.com/frosado/onecloudriver/internal/fs/content_eviction.go:182.65,183.42 1 1
github.com/frosado/onecloudriver/internal/fs/content_eviction.go:183.42,185.3 1 1
github.com/frosado/onecloudriver/internal/fs/content_eviction.go:187.2,188.36 2 1
github.com/frosado/onecloudriver/internal/fs/content_eviction.go:188.36,190.10 2 1
github.com/frosado/onecloudriver/internal/fs/content_eviction.go:190.10,192.4 1 0
github.com/frosado/onecloudriver/internal/fs/content_eviction.go:193.3,193.38 1 1
github.com/frosado/onecloudriver/internal/fs/content_eviction.go:193.38,196.4 2 0
github.com/frosado/onecloudriver/internal/fs/content_eviction.go:197.3,197.14 1 1
github.com/frosado/onecloudriver/internal/fs/content_eviction.go:199.2,199.13 1 1
github.com/frosado/onecloudriver/internal/fs/content_eviction.go:205.38,209.83 3 1
github.com/frosado/onecloudriver/internal/fs/content_eviction.go:209.83,211.3 1 1
github.com/frosado/onecloudriver/internal/fs/content_eviction.go:213.2,214.64 2 1
github.com/frosado/onecloudriver/internal/fs/content_eviction.go:214.64,216.10 2 1
github.com/frosado/onecloudriver/internal/fs/content_eviction.go:216.10,217.12 1 0
github.com/frosado/onecloudriver/internal/fs/content_eviction.go:220.3,221.34 2 1
github.com/frosado/onecloudriver/internal/fs/content_eviction.go:221.34,222.12 1 0
github.com/frosado/onecloudriver/internal/fs/content_eviction.go:224.3,224.32 1 1
github.com/frosado/onecloudriver/internal/fs/content_eviction.go:224.32,226.12 2 1
github.com/frosado/onecloudriver/internal/fs/content_eviction.go:229.3,229.47 1 1
github.com/frosado/onecloudriver/internal/fs/content_eviction.go:229.47,230.26 1 0
github.com/frosado/onecloudriver/internal/fs/content_eviction.go:230.26,233.13 3 0
github.com/frosado/onecloudriver/internal/fs/content_eviction.go:235.4,238.12 3 0
github.com/frosado/onecloudriver/internal/fs/content_eviction.go:241.3,247.55 3 1
github.com/frosado/onecloudriver/internal/fs/content_eviction.go:250.2,250.33 1 1
github.com/frosado/onecloudriver/internal/fs/content_eviction.go:250.33,252.3 1 1
github.com/frosado/onecloudriver/internal/fs/content_eviction.go:254.2,257.47 1 1
github.com/frosado/onecloudriver/internal/fs/delta.go:70.51,72.2 1 1
github.com/frosado/onecloudriver/internal/fs/delta.go:80.14,88.2 1 1
github.com/frosado/onecloudriver/internal/fs/delta.go:92.72,94.12 2 1
github.com/frosado/onecloudriver/internal/fs/delta.go:94.12,98.3 3 1
github.com/frosado/onecloudriver/internal/fs/delta.go:108.64,110.16 2 1
github.com/frosado/onecloudriver/internal/fs/delta.go:110.16,114.3 1 0
github.com/frosado/onecloudriver/internal/fs/delta.go:115.2,116.54 2 1
github.com/frosado/onecloudriver/internal/fs/delta.go:116.54,118.3 1 0
github.com/frosado/onecloudriver/internal/fs/delta.go:119.2,120.21 2 1
github.com/frosado/onecloudriver/internal/fs/delta.go:127.56,129.2 1 0
github.com/frosado/onecloudriver/internal/fs/delta.go:132.28,133.9 1 1
github.com/frosado/onecloudriver/internal/fs/delta.go:134.18,134.18 0 0
github.com/frosado/onecloudriver/internal/fs/delta.go:136.10,137.18 1 1
github.com/frosado/onecloudriver/internal/fs/delta.go:139.2,140.38 2 1
github.com/frosado/onecloudriver/internal/fs/delta.go:145.76,148.6 2 1
github.com/frosado/onecloudriver/internal/fs/delta.go:148.6,149.10 1 1
github.com/frosado/onecloudriver/internal/fs/delta.go:150.19,151.10 1 0
github.com/frosado/onecloudriver/internal/fs/delta.go:152.21,153.10 1 0
github.com/frosado/onecloudriver/internal/fs/delta.go:154.11,154.11 0 1
github.com/frosado/onecloudriver/internal/fs/delta.go:157.3,158.17 2 1
github.com/frosado/onecloudriver/internal/fs/delta.go:158.17,167.65 4 1
github.com/frosado/onecloudriver/internal/fs/delta.go:167.65,169.5 1 1
github.com/frosado/onecloudriver/internal/fs/delta.go:172.4,172.11 1 1
github.com/frosado/onecloudriver/internal/fs/delta.go:173.20,174.11 1 0
github.com/frosado/onecloudriver/internal/fs/delta.go:175.22,176.11 1 0
github.com/frosado/onecloudriver/internal/fs/delta.go:177.39,177.39 0 1
github.com/frosado/onecloudriver/internal/fs/delta.go:179.4,179.12 1 1
github.com/frosado/onecloudriver/internal/fs/delta.go:183.3,183.31 1 1
github.com/frosado/onecloudriver/internal/fs/delta.go:183.31,186.4 2 1
github.com/frosado/onecloudriver/internal/fs/delta.go:187.3,192.55 3 1
github.com/frosado/onecloudriver/internal/fs/delta.go:192.55,194.4 1 0
github.com/frosado/onecloudriver/internal/fs/delta.go:195.3,198.10 2 1
github.com/frosado/onecloudriver/internal/fs/delta.go:199.19,200.10 1 0
github.com/frosado/onecloudriver/internal/fs/delta.go:201.21,202.10 1 1
github.com/frosado/onecloudriver/internal/fs/delta.go:203.31,203.31 0 1
github.com/frosado/onecloudriver/internal/fs/delta.go:217.89,224.6 3 1
github.com/frosado/onecloudriver/internal/fs/delta.go:224.6,226.17 2 1
github.com/frosado/onecloudriver/internal/fs/delta.go:226.17,228.27 1 1
github.com/frosado/onecloudriver/internal/fs/delta.go:228.27,230.5 1 0
github.com/frosado/onecloudriver/internal/fs/delta.go:231.4,231.27 1 1
github.com/frosado/onecloudriver/internal/fs/delta.go:236.3,243.12 4 1
github.com/frosado/onecloudriver/internal/fs/delta.go:243.12,248.34 1 1
github.com/frosado/onecloudriver/internal/fs/delta.go:248.34,249.60 1 0
github.com/frosado/onecloudriver/internal/fs/delta.go:249.60,254.6 1 0
github.com/frosado/onecloudriver/internal/fs/delta.go:256.4,257.31 2 1
github.com/frosado/onecloudriver/internal/fs/delta.go:259.3,259.18 1 1
github.com/frosado/onecloudriver/internal/fs/delta.go:271.101,274.23 2 1
github.com/frosado/onecloudriver/internal/fs/delta.go:274.23,275.33 1 1
github.com/frosado/onecloudriver/internal/fs/delta.go:275.33,277.4 1 1
github.com/frosado/onecloudriver/internal/fs/delta.go:281.2,282.25 2 1
github.com/frosado/onecloudriver/internal/fs/delta.go:282.25,283.35 1 1
github.com/frosado/onecloudriver/internal/fs/delta.go:283.35,285.4 1 1
github.com/frosado/onecloudriver/internal/fs/delta.go:291.2,292.25 2 1
github.com/frosado/onecloudriver/internal/fs/delta.go:292.25,293.35 1 0
github.com/frosado/onecloudriver/internal/fs/delta.go:293.35,295.4 1 0
github.com/frosado/onecloudriver/internal/fs/delta.go:297.2,297.40 1 1
github.com/frosado/onecloudriver/internal/fs/delta.go:304.75,306.9 2 1
github.com/frosado/onecloudriver/internal/fs/delta.go:307.18,308.15 1 1
github.com/frosado/onecloudriver/internal/fs/delta.go:309.38,310.14 1 1
github.com/frosado/onecloudriver/internal/fs/delta.go:311.10,317.15 3 0
github.com/frosado/onecloudriver/internal/fs/delta.go:325.73,326.45 1 1
github.com/frosado/onecloudriver/internal/fs/delta.go:326.45,328.3 1 1
github.com/frosado/onecloudriver/internal/fs/delta.go:329.2,330.9 2 1
github.com/frosado/onecloudriver/internal/fs/delta.go:330.9,332.3 1 0
github.com/frosado/onecloudriver/internal/fs/delta.go:333.2,333.54 1 1
github.com/frosado/onecloudriver/internal/fs/delta.go:349.85,353.64 1 1
github.com/frosado/onecloudriver/internal/fs/delta.go:353.64,356.3 2 1
github.com/frosado/onecloudriver/internal/fs/delta.go:357.2,357.56 1 1
github.com/frosado/onecloudriver/internal/fs/delta.go:357.56,359.3 1 1
github.com/frosado/onecloudriver/internal/fs/delta.go:360.2,360.30 1 1
github.com/frosado/onecloudriver/internal/fs/delta.go:360.30,362.3 1 1
github.com/frosado/onecloudriver/internal/fs/delta.go:365.2,365.63 1 1
github.com/frosado/onecloudriver/internal/fs/delta.go:365.63,366.26 1 1
github.com/frosado/onecloudriver/internal/fs/delta.go:366.26,368.50 2 1
github.com/frosado/onecloudriver/internal/fs/delta.go:368.50,370.5 1 1
github.com/frosado/onecloudriver/internal/fs/delta.go:373.2,373.30 1 1
github.com/frosado/onecloudriver/internal/fs/delta.go:373.30,375.3 1 1
github.com/frosado/onecloudriver/internal/fs/delta.go:376.2,376.17 1 1
github.com/frosado/onecloudriver/internal/fs/delta.go:387.62,391.25 4 1
github.com/frosado/onecloudriver/internal/fs/delta.go:391.25,393.3 1 1
github.com/frosado/onecloudriver/internal/fs/delta.go:395.2,406.87 3 1
github.com/frosado/onecloudriver/internal/fs/delta.go:406.87,407.66 1 1
github.com/frosado/onecloudriver/internal/fs/delta.go:407.66,413.4 5 1
github.com/frosado/onecloudriver/internal/fs/delta.go:414.3,414.13 1 1
github.com/frosado/onecloudriver/internal/fs/delta.go:418.2,418.57 1 1
github.com/frosado/onecloudriver/internal/fs/delta.go:418.57,421.3 2 1
github.com/frosado/onecloudriver/internal/fs/delta.go:423.2,426.26 2 1
github.com/frosado/onecloudriver/internal/fs/delta.go:426.26,427.62 1 1
github.com/frosado/onecloudriver/internal/fs/delta.go:427.62,430.4 2 1
github.com/frosado/onecloudriver/internal/fs/delta.go:431.3,433.51 3 1
github.com/frosado/onecloudriver/internal/fs/delta.go:433.51,435.4 1 1
github.com/frosado/onecloudriver/internal/fs/delta.go:436.3,436.13 1 1
github.com/frosado/onecloudriver/internal/fs/delta.go:440.2,440.18 1 1
github.com/frosado/onecloudriver/internal/fs/delta.go:440.18,443.50 2 1
github.com/frosado/onecloudriver/internal/fs/delta.go:443.50,447.4 3 0
github.com/frosado/onecloudriver/internal/fs/delta.go:449.3,452.13 4 1
github.com/frosado/onecloudriver/internal/fs/delta.go:456.2,457.58 2 1
github.com/frosado/onecloudriver/internal/fs/delta.go:457.58,467.26 6 1
github.com/frosado/onecloudriver/internal/fs/delta.go:467.26,469.4 1 1
github.com/frosado/onecloudriver/internal/fs/delta.go:470.3,470.17 1 1
github.com/frosado/onecloudriver/internal/fs/delta.go:475.2,475.67 1 1
github.com/frosado/onecloudriver/internal/fs/delta.go:475.67,480.25 1 1
github.com/frosado/onecloudriver/internal/fs/delta.go:480.25,483.4 2 1
github.com/frosado/onecloudriver/internal/fs/delta.go:484.3,484.57 1 1
github.com/frosado/onecloudriver/internal/fs/delta.go:484.57,487.4 2 1
github.com/frosado/onecloudriver/internal/fs/delta.go:489.3,491.33 3 1
github.com/frosado/onecloudriver/internal/fs/delta.go:491.33,493.4 1 1
github.com/frosado/onecloudriver/internal/fs/delta.go:494.3,496.30 2 1
github.com/frosado/onecloudriver/internal/fs/delta.go:496.30,502.25 6 1
github.com/frosado/onecloudriver/internal/fs/delta.go:502.25,504.5 1 1
github.com/frosado/onecloudriver/internal/fs/delta.go:505.4,512.46 3 1
github.com/frosado/onecloudriver/internal/fs/delta.go:512.46,514.5 1 1
github.com/frosado/onecloudriver/internal/fs/delta.go:514.10,514.59 1 1
github.com/frosado/onecloudriver/internal/fs/delta.go:514.59,516.5 1 0
github.com/frosado/onecloudriver/internal/fs/delta.go:520.2,520.12 1 1
github.com/frosado/onecloudriver/internal/fs/drive_item_node.go:47.102,59.2 11 1
github.com/frosado/onecloudriver/internal/fs/drive_item_node.go:64.84,65.22 1 1
github.com/frosado/onecloudriver/internal/fs/drive_item_node.go:65.22,67.3 1 1
github.com/frosado/onecloudriver/internal/fs/drive_item_node.go:68.2,68.74 1 1
github.com/frosado/onecloudriver/internal/fs/drive_item_node.go:72.113,73.22 1 1
github.com/frosado/onecloudriver/internal/fs/drive_item_node.go:73.22,75.3 1 1
github.com/frosado/onecloudriver/internal/fs/drive_item_node.go:76.2,76.63 1 1
github.com/frosado/onecloudriver/internal/fs/drive_item_node.go:80.125,81.22 1 1
github.com/frosado/onecloudriver/internal/fs/drive_item_node.go:81.22,83.3 1 1
github.com/frosado/onecloudriver/internal/fs/drive_item_node.go:84.2,84.68 1 0
github.com/frosado/onecloudriver/internal/fs/drive_item_node.go:88.79,89.22 1 1
github.com/frosado/onecloudriver/internal/fs/drive_item_node.go:89.22,91.3 1 1
github.com/frosado/onecloudriver/internal/fs/drive_item_node.go:92.2,92.54 1 1
github.com/frosado/onecloudriver/internal/fs/drive_item_node.go:96.80,97.22 1 1
github.com/frosado/onecloudriver/internal/fs/drive_item_node.go:97.22,99.3 1 1
github.com/frosado/onecloudriver/internal/fs/drive_item_node.go:100.2,100.55 1 1
github.com/frosado/onecloudriver/internal/fs/drive_item_node.go:104.138,105.22 1 1
github.com/frosado/onecloudriver/internal/fs/drive_item_node.go:105.22,107.3 1 1
github.com/frosado/onecloudriver/internal/fs/drive_item_node.go:108.2,108.82 1 1
github.com/frosado/onecloudriver/internal/fs/drive_item_node.go:112.46,114.2 1 1
github.com/frosado/onecloudriver/internal/fs/drive_item_node.go:119.163,120.22 1 1
github.com/frosado/onecloudriver/internal/fs/drive_item_node.go:120.22,122.3 1 1
github.com/frosado/onecloudriver/internal/fs/drive_item_node.go:123.2,123.76 1 0
github.com/frosado/onecloudriver/internal/fs/drive_item_node.go:129.104,130.21 1 1
github.com/frosado/onecloudriver/internal/fs/drive_item_node.go:130.21,132.3 1 1
github.com/frosado/onecloudriver/internal/fs/drive_item_node.go:134.2,139.16 4 1
github.com/frosado/onecloudriver/internal/fs/drive_item_node.go:139.16,142.3 2 0
github.com/frosado/onecloudriver/internal/fs/drive_item_node.go:148.2,148.33 1 1
github.com/frosado/onecloudriver/internal/fs/drive_item_node.go:148.33,149.21 1 1
github.com/frosado/onecloudriver/internal/fs/drive_item_node.go:149.21,150.30 1 1
github.com/frosado/onecloudriver/internal/fs/drive_item_node.go:150.30,151.35 1 1
github.com/frosado/onecloudriver/internal/fs/drive_item_node.go:151.35,153.54 2 1
github.com/frosado/onecloudriver/internal/fs/drive_item_node.go:153.54,155.7 1 0
github.com/frosado/onecloudriver/internal/fs/drive_item_node.go:156.6,156.57 1 1
github.com/frosado/onecloudriver/internal/fs/drive_item_node.go:156.57,158.7 1 0
github.com/frosado/onecloudriver/internal/fs/drive_item_node.go:160.10,162.56 2 1
github.com/frosado/onecloudriver/internal/fs/drive_item_node.go:162.56,164.6 1 0
github.com/frosado/onecloudriver/internal/fs/drive_item_node.go:167.3,167.37 1 1
github.com/frosado/onecloudriver/internal/fs/drive_item_node.go:171.2,171.47 1 1
github.com/frosado/onecloudriver/internal/fs/drive_item_node.go:171.47,173.54 2 0
github.com/frosado/onecloudriver/internal/fs/drive_item_node.go:173.54,176.4 2 0
github.com/frosado/onecloudriver/internal/fs/drive_item_node.go:180.2,180.32 1 1
github.com/frosado/onecloudriver/internal/fs/drive_item_node.go:180.32,181.40 1 1
github.com/frosado/onecloudriver/internal/fs/drive_item_node.go:181.40,184.4 2 0
github.com/frosado/onecloudriver/internal/fs/drive_item_node.go:185.3,188.19 4 1
github.com/frosado/onecloudriver/internal/fs/drive_item_node.go:191.2,191.36 1 1
github.com/frosado/onecloudriver/internal/fs/drive_item_node.go:195.123,197.16 2 1
github.com/frosado/onecloudriver/internal/fs/drive_item_node.go:197.16,200.3 2 0
github.com/frosado/onecloudriver/internal/fs/drive_item_node.go:201.2,201.54 1 1
github.com/frosado/onecloudriver/internal/fs/drive_item_node.go:206.115,208.16 2 1
github.com/frosado/onecloudriver/internal/fs/drive_item_node.go:208.16,211.3 2 0
github.com/frosado/onecloudriver/internal/fs/drive_item_node.go:214.2,216.16 3 1
github.com/frosado/onecloudriver/internal/fs/drive_item_node.go:216.16,219.3 2 0
github.com/frosado/onecloudriver/internal/fs/drive_item_node.go:220.2,220.45 1 1
github.com/frosado/onecloudriver/internal/fs/drive_item_node.go:220.45,222.3 1 1
github.com/frosado/onecloudriver/internal/fs/drive_item_node.go:223.2,226.47 3 1
github.com/frosado/onecloudriver/internal/fs/drive_item_node.go:226.47,228.3 1 0
github.com/frosado/onecloudriver/internal/fs/drive_item_node.go:229.2,229.28 1 1
github.com/frosado/onecloudriver/internal/fs/drive_item_node.go:233.84,237.2 3 1
github.com/frosado/onecloudriver/internal/fs/drive_item_node.go:250.91,251.27 1 1
github.com/frosado/onecloudriver/internal/fs/drive_item_node.go:251.27,253.3 1 1
github.com/frosado/onecloudriver/internal/fs/drive_item_node.go:261.2,261.28 1 1
github.com/frosado/onecloudriver/internal/fs/drive_item_node.go:261.28,263.57 2 1
github.com/frosado/onecloudriver/internal/fs/drive_item_node.go:263.57,265.4 1 1
github.com/frosado/onecloudriver/internal/fs/drive_item_node.go:266.3,266.11 1 1
github.com/frosado/onecloudriver/internal/fs/drive_item_node.go:270.2,271.10 2 1
github.com/frosado/onecloudriver/internal/fs/drive_item_node.go:278.122,280.40 1 1
github.com/frosado/onecloudriver/internal/fs/drive_item_node.go:280.40,281.22 1 1
github.com/frosado/onecloudriver/internal/fs/drive_item_node.go:281.22,283.4 1 1
github.com/frosado/onecloudriver/internal/fs/drive_item_node.go:283.9,285.4 1 1
github.com/frosado/onecloudriver/internal/fs/drive_item_node.go:289.2,289.42 1 1
github.com/frosado/onecloudriver/internal/fs/drive_item_node.go:289.42,293.3 3 1
github.com/frosado/onecloudriver/internal/fs/drive_item_node.go:296.2,296.40 1 1
github.com/frosado/onecloudriver/internal/fs/drive_item_node.go:296.40,298.17 2 1
github.com/frosado/onecloudriver/internal/fs/drive_item_node.go:298.17,301.4 2 0
github.com/frosado/onecloudriver/internal/fs/drive_item_node.go:302.3,302.27 1 1
github.com/frosado/onecloudriver/internal/fs/drive_item_node.go:302.27,304.4 1 0
github.com/frosado/onecloudriver/internal/fs/drive_item_node.go:305.3,305.50 1 1
github.com/frosado/onecloudriver/internal/fs/drive_item_node.go:305.50,308.4 2 0
github.com/frosado/onecloudriver/internal/fs/drive_item_node.go:309.3,312.19 4 1
github.com/frosado/onecloudriver/internal/fs/drive_item_node.go:315.2,326.10 11 1
github.com/frosado/onecloudriver/internal/fs/drive_item_node.go:332.58,334.2 1 1
github.com/frosado/onecloudriver/internal/fs/drive_item_node.go:339.61,342.35 3 1
github.com/frosado/onecloudriver/internal/fs/drive_item_node.go:342.35,344.3 1 1
github.com/frosado/onecloudriver/internal/fs/drive_item_node.go:345.2,346.20 2 1
github.com/frosado/onecloudriver/internal/fs/drive_item_node.go:346.20,348.3 1 1
github.com/frosado/onecloudriver/internal/fs/drive_item_node.go:349.2,350.9 2 1
github.com/frosado/onecloudriver/internal/fs/drive_item_node.go:350.9,352.3 1 0
github.com/frosado/onecloudriver/internal/fs/drive_item_node.go:353.2,353.41 1 1
github.com/frosado/onecloudriver/internal/fs/drive_item_node.go:360.52,361.9 1 1
github.com/frosado/onecloudriver/internal/fs/drive_item_node.go:362.23,363.18 1 1
github.com/frosado/onecloudriver/internal/fs/drive_item_node.go:364.23,365.18 1 1
github.com/frosado/onecloudriver/internal/fs/drive_item_node.go:366.10,367.41 1 1
github.com/frosado/onecloudriver/internal/fs/drive_item_node.go:372.87,375.12 3 1
github.com/frosado/onecloudriver/internal/fs/drive_item_node.go:375.12,379.3 3 1
github.com/frosado/onecloudriver/internal/fs/drive_item_node.go:380.2,382.57 3 1
github.com/frosado/onecloudriver/internal/fs/drive_item_node.go:382.57,385.3 2 1
github.com/frosado/onecloudriver/internal/fs/drive_item_node.go:386.2,386.10 1 1
github.com/frosado/onecloudriver/internal/fs/drive_item_node.go:399.86,413.2 12 1
github.com/frosado/onecloudriver/internal/fs/drive_item_node.go:421.104,423.2 1 1
github.com/frosado/onecloudriver/internal/fs/eviction.go:42.86,44.2 1 1
github.com/frosado/onecloudriver/internal/fs/eviction.go:49.38,50.39 1 1
github.com/frosado/onecloudriver/internal/fs/eviction.go:50.39,52.3 1 0
github.com/frosado/onecloudriver/internal/fs/eviction.go:53.2,53.21 1 1
github.com/frosado/onecloudriver/internal/fs/eviction.go:53.21,55.3 1 1
github.com/frosado/onecloudriver/internal/fs/eviction.go:56.2,58.12 3 1
github.com/frosado/onecloudriver/internal/fs/eviction.go:58.12,62.7 4 1
github.com/frosado/onecloudriver/internal/fs/eviction.go:62.7,63.11 1 1
github.com/frosado/onecloudriver/internal/fs/eviction.go:64.20,65.11 1 1
github.com/frosado/onecloudriver/internal/fs/eviction.go:66.20,68.23 1 1
github.com/frosado/onecloudriver/internal/fs/eviction.go:75.37,76.21 1 1
github.com/frosado/onecloudriver/internal/fs/eviction.go:76.21,78.3 1 1
github.com/frosado/onecloudriver/internal/fs/eviction.go:79.2,81.16 3 1
github.com/frosado/onecloudriver/internal/fs/eviction.go:87.55,91.2 3 1
github.com/frosado/onecloudriver/internal/fs/eviction.go:95.37,97.2 1 0
github.com/frosado/onecloudriver/internal/fs/eviction.go:100.39,102.2 1 0
github.com/frosado/onecloudriver/internal/fs/eviction.go:107.54,108.26 1 1
github.com/frosado/onecloudriver/internal/fs/eviction.go:108.26,110.3 1 1
github.com/frosado/onecloudriver/internal/fs/eviction.go:111.2,111.12 1 1
github.com/frosado/onecloudriver/internal/fs/eviction.go:111.12,114.3 2 1
github.com/frosado/onecloudriver/internal/fs/eviction.go:115.2,115.13 1 1
github.com/frosado/onecloudriver/internal/fs/fs_ops.go:26.41,27.36 1 1
github.com/frosado/onecloudriver/internal/fs/fs_ops.go:27.36,29.3 1 1
github.com/frosado/onecloudriver/internal/fs/fs_ops.go:30.2,30.36 1 1
github.com/frosado/onecloudriver/internal/fs/fs_ops.go:30.36,32.3 1 1
github.com/frosado/onecloudriver/internal/fs/fs_ops.go:33.2,33.36 1 1
github.com/frosado/onecloudriver/internal/fs/fs_ops.go:33.36,35.3 1 1
github.com/frosado/onecloudriver/internal/fs/fs_ops.go:36.2,36.36 1 1
github.com/frosado/onecloudriver/internal/fs/fs_ops.go:36.36,38.3 1 1
github.com/frosado/onecloudriver/internal/fs/fs_ops.go:39.2,39.38 1 1
github.com/frosado/onecloudriver/internal/fs/fs_ops.go:39.38,41.3 1 1
github.com/frosado/onecloudriver/internal/fs/fs_ops.go:42.2,42.44 1 1
github.com/frosado/onecloudriver/internal/fs/fs_ops.go:42.44,44.3 1 1
github.com/frosado/onecloudriver/internal/fs/fs_ops.go:45.2,45.52 1 1
github.com/frosado/onecloudriver/internal/fs/fs_ops.go:63.66,68.2 1 1
github.com/frosado/onecloudriver/internal/fs/fs_ops.go:85.110,87.16 2 1
github.com/frosado/onecloudriver/internal/fs/fs_ops.go:87.16,88.26 1 1
github.com/frosado/onecloudriver/internal/fs/fs_ops.go:88.26,90.89 2 1
github.com/frosado/onecloudriver/internal/fs/fs_ops.go:90.89,93.47 3 1
github.com/frosado/onecloudriver/internal/fs/fs_ops.go:93.47,94.58 1 1
github.com/frosado/onecloudriver/internal/fs/fs_ops.go:94.58,98.7 3 1
github.com/frosado/onecloudriver/internal/fs/fs_ops.go:100.5,100.28 1 1
github.com/frosado/onecloudriver/internal/fs/fs_ops.go:108.4,108.75 1 0
github.com/frosado/onecloudriver/internal/fs/fs_ops.go:108.75,112.5 2 0
github.com/frosado/onecloudriver/internal/fs/fs_ops.go:113.4,113.19 1 0
github.com/frosado/onecloudriver/internal/fs/fs_ops.go:115.3,115.18 1 0
github.com/frosado/onecloudriver/internal/fs/fs_ops.go:117.2,117.30 1 1
github.com/frosado/onecloudriver/internal/fs/fs_ops.go:117.30,119.3 1 0
github.com/frosado/onecloudriver/internal/fs/fs_ops.go:120.2,120.19 1 1
github.com/frosado/onecloudriver/internal/fs/fs_ops.go:125.132,127.16 2 1
github.com/frosado/onecloudriver/internal/fs/fs_ops.go:127.16,130.3 2 0
github.com/frosado/onecloudriver/internal/fs/fs_ops.go:132.2,133.36 2 1
github.com/frosado/onecloudriver/internal/fs/fs_ops.go:133.36,138.3 1 1
github.com/frosado/onecloudriver/internal/fs/fs_ops.go:139.2,139.40 1 1
github.com/frosado/onecloudriver/internal/fs/fs_ops.go:151.117,153.16 2 1
github.com/frosado/onecloudriver/internal/fs/fs_ops.go:153.16,156.3 2 0
github.com/frosado/onecloudriver/internal/fs/fs_ops.go:158.2,159.13 2 1
github.com/frosado/onecloudriver/internal/fs/fs_ops.go:159.13,161.3 1 1
github.com/frosado/onecloudriver/internal/fs/fs_ops.go:162.2,162.45 1 1
github.com/frosado/onecloudriver/internal/fs/fs_ops.go:168.135,169.28 1 1
github.com/frosado/onecloudriver/internal/fs/fs_ops.go:169.28,171.3 1 1
github.com/frosado/onecloudriver/internal/fs/fs_ops.go:173.2,174.24 2 1
github.com/frosado/onecloudriver/internal/fs/fs_ops.go:174.24,176.3 1 1
github.com/frosado/onecloudriver/internal/fs/fs_ops.go:176.8,178.3 1 1
github.com/frosado/onecloudriver/internal/fs/fs_ops.go:180.2,181.16 2 1
github.com/frosado/onecloudriver/internal/fs/fs_ops.go:181.16,184.3 2 1
github.com/frosado/onecloudriver/internal/fs/fs_ops.go:186.2,189.22 4 1
github.com/frosado/onecloudriver/internal/fs/fs_ops.go:193.109,195.20 2 1
github.com/frosado/onecloudriver/internal/fs/fs_ops.go:195.20,197.3 1 0
github.com/frosado/onecloudriver/internal/fs/fs_ops.go:198.2,200.20 2 1
github.com/frosado/onecloudriver/internal/fs/fs_ops.go:200.20,202.3 1 0
github.com/frosado/onecloudriver/internal/fs/fs_ops.go:203.2,203.25 1 1
github.com/frosado/onecloudriver/internal/fs/fs_ops.go:203.25,205.3 1 1
github.com/frosado/onecloudriver/internal/fs/fs_ops.go:212.2,212.74 1 1
github.com/frosado/onecloudriver/internal/fs/fs_ops.go:212.74,214.3 1 0
github.com/frosado/onecloudriver/internal/fs/fs_ops.go:216.2,217.10 2 1
github.com/frosado/onecloudriver/internal/fs/fs_ops.go:224.95,225.23 1 1
github.com/frosado/onecloudriver/internal/fs/fs_ops.go:225.23,227.3 1 1
github.com/frosado/onecloudriver/internal/fs/fs_ops.go:228.2,228.97 1 1
github.com/frosado/onecloudriver/internal/fs/fs_ops.go:228.97,231.3 2 0
github.com/frosado/onecloudriver/internal/fs/fs_ops.go:232.2,232.10 1 1
github.com/frosado/onecloudriver/internal/fs/fs_ops.go:236.110,238.20 2 1
github.com/frosado/onecloudriver/internal/fs/fs_ops.go:238.20,240.3 1 0
github.com/frosado/onecloudriver/internal/fs/fs_ops.go:241.2,244.72 2 1
github.com/frosado/onecloudriver/internal/fs/fs_ops.go:244.72,246.3 1 0
github.com/frosado/onecloudriver/internal/fs/fs_ops.go:248.2,249.58 2 1
github.com/frosado/onecloudriver/internal/fs/fs_ops.go:249.58,251.3 1 1
github.com/frosado/onecloudriver/internal/fs/fs_ops.go:252.2,252.10 1 1
github.com/frosado/onecloudriver/internal/fs/fs_ops.go:256.146,257.31 1 1
github.com/frosado/onecloudriver/internal/fs/fs_ops.go:257.31,259.3 1 1
github.com/frosado/onecloudriver/internal/fs/fs_ops.go:261.2,262.20 2 1
github.com/frosado/onecloudriver/internal/fs/fs_ops.go:262.20,264.3 1 1
github.com/frosado/onecloudriver/internal/fs/fs_ops.go:265.2,271.27 2 1
github.com/frosado/onecloudriver/internal/fs/fs_ops.go:271.27,272.29 1 1
github.com/frosado/onecloudriver/internal/fs/fs_ops.go:272.29,274.4 1 1
github.com/frosado/onecloudriver/internal/fs/fs_ops.go:276.3,281.11 6 1
github.com/frosado/onecloudriver/internal/fs/fs_ops.go:285.2,286.16 2 1
github.com/frosado/onecloudriver/internal/fs/fs_ops.go:286.16,289.3 2 0
github.com/frosado/onecloudriver/internal/fs/fs_ops.go:292.2,292.29 1 1
github.com/frosado/onecloudriver/internal/fs/fs_ops.go:292.29,294.17 2 1
github.com/frosado/onecloudriver/internal/fs/fs_ops.go:294.17,297.4 2 0
github.com/frosado/onecloudriver/internal/fs/fs_ops.go:301.2,306.10 5 1
github.com/frosado/onecloudriver/internal/fs/fs_ops.go:317.149,319.20 2 1
github.com/frosado/onecloudriver/internal/fs/fs_ops.go:319.20,321.3 1 1
github.com/frosado/onecloudriver/internal/fs/fs_ops.go:322.2,324.105 3 0
github.com/frosado/onecloudriver/internal/fs/fs_ops.go:328.158,330.16 2 0
github.com/frosado/onecloudriver/internal/fs/fs_ops.go:330.16,332.3 1 0
github.com/frosado/onecloudriver/internal/fs/fs_ops.go:333.2,334.101 2 0
github.com/frosado/onecloudriver/internal/fs/fs_ops.go:338.199,340.16 2 0
github.com/frosado/onecloudriver/internal/fs/fs_ops.go:340.16,342.3 1 0
github.com/frosado/onecloudriver/internal/fs/fs_ops.go:343.2,344.35 2 0
github.com/frosado/onecloudriver/internal/fs/fs_ops.go:348.88,350.2 1 1
github.com/frosado/onecloudriver/internal/fs/fs_ops.go:353.89,355.2 1 1
github.com/frosado/onecloudriver/internal/fs/fs_ops.go:358.143,360.23 2 1
github.com/frosado/onecloudriver/internal/fs/fs_ops.go:360.23,362.3 1 0
github.com/frosado/onecloudriver/internal/fs/fs_ops.go:363.2,363.90 1 1
github.com/frosado/onecloudriver/internal/fs/fs_ops.go:367.171,368.28 1 1
github.com/frosado/onecloudriver/internal/fs/fs_ops.go:368.28,370.3 1 1
github.com/frosado/onecloudriver/internal/fs/fs_ops.go:372.2,373.16 2 1
github.com/frosado/onecloudriver/internal/fs/fs_ops.go:373.16,375.3 1 1
github.com/frosado/onecloudriver/internal/fs/fs_ops.go:378.2,378.51 1 1
github.com/frosado/onecloudriver/internal/fs/fs_ops.go:378.51,379.62 1 1
github.com/frosado/onecloudriver/internal/fs/fs_ops.go:379.62,381.4 1 0
github.com/frosado/onecloudriver/internal/fs/fs_ops.go:382.3,382.63 1 1
github.com/frosado/onecloudriver/internal/fs/fs_ops.go:382.63,384.4 1 0
github.com/frosado/onecloudriver/internal/fs/fs_ops.go:385.3,392.22 7 1
github.com/frosado/onecloudriver/internal/fs/fs_ops.go:396.2,399.64 3 1
github.com/frosado/onecloudriver/internal/fs/fs_ops.go:399.64,401.3 1 0
github.com/frosado/onecloudriver/internal/fs/fs_ops.go:403.2,405.21 3 1
github.com/frosado/onecloudriver/internal/fs/inode.go:62.32,64.2 1 1
github.com/frosado/onecloudriver/internal/fs/inode.go:67.26,69.40 2 1
github.com/frosado/onecloudriver/internal/fs/inode.go:69.40,72.3 1 0
github.com/frosado/onecloudriver/internal/fs/inode.go:73.2,73.46 1 1
github.com/frosado/onecloudriver/internal/fs/inode.go:90.54,91.17 1 1
github.com/frosado/onecloudriver/internal/fs/inode.go:91.17,93.3 1 1
github.com/frosado/onecloudriver/internal/fs/inode.go:94.2,96.3 1 1
github.com/frosado/onecloudriver/internal/fs/inode.go:102.68,107.31 2 1
github.com/frosado/onecloudriver/internal/fs/inode.go:107.31,109.3 1 1
github.com/frosado/onecloudriver/internal/fs/inode.go:110.2,110.19 1 1
github.com/frosado/onecloudriver/internal/fs/inode.go:110.19,112.3 1 1
github.com/frosado/onecloudriver/internal/fs/inode.go:113.2,116.3 1 1
github.com/frosado/onecloudriver/internal/fs/inode.go:120.35,124.2 3 1
github.com/frosado/onecloudriver/internal/fs/inode.go:127.39,131.2 3 1
github.com/frosado/onecloudriver/internal/fs/inode.go:134.29,138.2 3 1
github.com/frosado/onecloudriver/internal/fs/inode.go:141.31,145.2 3 1
github.com/frosado/onecloudriver/internal/fs/inode.go:148.30,152.2 3 1
github.com/frosado/onecloudriver/internal/fs/inode.go:157.31,161.21 4 1
github.com/frosado/onecloudriver/internal/fs/inode.go:161.21,163.3 1 1
github.com/frosado/onecloudriver/internal/fs/inode.go:164.2,164.15 1 1
github.com/frosado/onecloudriver/internal/fs/inode.go:164.15,166.3 1 1
github.com/frosado/onecloudriver/internal/fs/inode.go:167.2,167.31 1 1
github.com/frosado/onecloudriver/internal/fs/inode.go:171.35,175.2 3 1
github.com/frosado/onecloudriver/internal/fs/inode.go:178.34,182.2 3 1
github.com/frosado/onecloudriver/internal/fs/inode.go:185.31,186.15 1 1
github.com/frosado/onecloudriver/internal/fs/inode.go:186.15,188.3 1 1
github.com/frosado/onecloudriver/internal/fs/inode.go:189.2,191.25 3 1
github.com/frosado/onecloudriver/internal/fs/inode.go:196.32,197.15 1 1
github.com/frosado/onecloudriver/internal/fs/inode.go:197.15,201.3 3 1
github.com/frosado/onecloudriver/internal/fs/inode.go:202.2,202.10 1 1
github.com/frosado/onecloudriver/internal/fs/inode.go:206.35,209.31 3 1
github.com/frosado/onecloudriver/internal/fs/inode.go:209.31,211.3 1 1
github.com/frosado/onecloudriver/internal/fs/inode.go:212.2,212.30 1 1
github.com/frosado/onecloudriver/internal/fs/inode.go:216.31,218.42 2 1
github.com/frosado/onecloudriver/internal/fs/inode.go:218.42,220.3 1 1
github.com/frosado/onecloudriver/internal/fs/inode.go:221.2,221.13 1 1
github.com/frosado/onecloudriver/internal/fs/inode.go:225.37,229.2 3 1
github.com/frosado/onecloudriver/internal/fs/inode.go:237.36,241.68 3 1
github.com/frosado/onecloudriver/internal/fs/inode.go:241.68,243.3 1 1
github.com/frosado/onecloudriver/internal/fs/inode.go:246.2,246.28 1 1
github.com/frosado/onecloudriver/internal/fs/inode.go:252.42,256.2 3 1
github.com/frosado/onecloudriver/internal/fs/inode.go:261.43,274.2 6 1
github.com/frosado/onecloudriver/internal/fs/inode.go:279.46,283.2 3 1
github.com/frosado/onecloudriver/internal/fs/inode.go:286.48,290.2 3 1
github.com/frosado/onecloudriver/internal/fs/inode.go:293.46,297.2 3 1
github.com/frosado/onecloudriver/internal/fs/inode.go:301.38,306.2 4 1
github.com/frosado/onecloudriver/internal/fs/inode.go:310.39,314.2 3 1
github.com/frosado/onecloudriver/internal/fs/inode.go:318.33,322.2 3 1
github.com/frosado/onecloudriver/internal/fs/inode.go:325.33,329.2 3 1
github.com/frosado/onecloudriver/internal/fs/inode.go:332.37,336.2 3 1
github.com/frosado/onecloudriver/internal/fs/inode.go:340.49,342.2 1 1
github.com/frosado/onecloudriver/internal/fs/inode.go:346.38,361.2 2 1
github.com/frosado/onecloudriver/internal/fs/inode.go:366.33,380.2 4 1
github.com/frosado/onecloudriver/internal/fs/inode.go:384.62,385.21 1 1
github.com/frosado/onecloudriver/internal/fs/inode.go:385.21,389.3 3 1
github.com/frosado/onecloudriver/internal/fs/inode.go:389.8,393.3 3 1
github.com/frosado/onecloudriver/internal/fs/inode.go:394.2,397.25 3 1
github.com/frosado/onecloudriver/internal/fs/inode.go:397.25,401.3 3 1
github.com/frosado/onecloudriver/internal/fs/inode.go:401.8,407.3 5 1
github.com/frosado/onecloudriver/internal/fs/inode.go:408.2,411.37 4 1
github.com/frosado/onecloudriver/internal/fs/inode.go:415.48,417.51 2 1
github.com/frosado/onecloudriver/internal/fs/inode.go:417.51,419.3 1 1
github.com/frosado/onecloudriver/internal/fs/inode.go:420.2,429.8 1 1
github.com/frosado/onecloudriver/internal/fs/mount.go:87.97,103.22 3 1
github.com/frosado/onecloudriver/internal/fs/mount.go:103.22,104.31 1 1
github.com/frosado/onecloudriver/internal/fs/mount.go:104.31,106.4 1 1
github.com/frosado/onecloudriver/internal/fs/mount.go:107.3,107.29 1 1
github.com/frosado/onecloudriver/internal/fs/mount.go:107.29,109.4 1 1
github.com/frosado/onecloudriver/internal/fs/mount.go:110.3,110.36 1 1
github.com/frosado/onecloudriver/internal/fs/mount.go:110.36,112.4 1 1
github.com/frosado/onecloudriver/internal/fs/mount.go:113.3,113.33 1 1
github.com/frosado/onecloudriver/internal/fs/mount.go:113.33,115.4 1 1
github.com/frosado/onecloudriver/internal/fs/mount.go:116.3,116.34 1 1
github.com/frosado/onecloudriver/internal/fs/mount.go:116.34,118.4 1 1
github.com/frosado/onecloudriver/internal/fs/mount.go:119.3,119.39 1 1
github.com/frosado/onecloudriver/internal/fs/mount.go:119.39,121.4 1 1
github.com/frosado/onecloudriver/internal/fs/mount.go:122.3,122.37 1 1
github.com/frosado/onecloudriver/internal/fs/mount.go:122.37,124.4 1 1
github.com/frosado/onecloudriver/internal/fs/mount.go:125.3,125.33 1 1
github.com/frosado/onecloudriver/internal/fs/mount.go:125.33,127.4 1 1
github.com/frosado/onecloudriver/internal/fs/mount.go:128.3,128.32 1 1
github.com/frosado/onecloudriver/internal/fs/mount.go:128.32,130.4 1 1
github.com/frosado/onecloudriver/internal/fs/mount.go:131.3,131.36 1 1
github.com/frosado/onecloudriver/internal/fs/mount.go:131.36,133.4 1 1
github.com/frosado/onecloudriver/internal/fs/mount.go:136.2,136.12 1 1
github.com/frosado/onecloudriver/internal/fs/mount.go:169.101,170.16 1 1
github.com/frosado/onecloudriver/internal/fs/mount.go:170.16,172.3 1 1
github.com/frosado/onecloudriver/internal/fs/mount.go:173.2,173.29 1 1
github.com/frosado/onecloudriver/internal/fs/mount.go:173.29,175.3 1 1
github.com/frosado/onecloudriver/internal/fs/mount.go:177.2,187.21 4 1
github.com/frosado/onecloudriver/internal/fs/mount.go:187.21,189.10 1 1
github.com/frosado/onecloudriver/internal/fs/mount.go:190.21,191.20 1 1
github.com/frosado/onecloudriver/internal/fs/mount.go:192.11,192.11 0 1
github.com/frosado/onecloudriver/internal/fs/mount.go:196.3,200.23 3 1
github.com/frosado/onecloudriver/internal/fs/mount.go:200.23,201.12 1 1
github.com/frosado/onecloudriver/internal/fs/mount.go:203.3,209.17 3 1
github.com/frosado/onecloudriver/internal/fs/mount.go:209.17,214.12 2 1
github.com/frosado/onecloudriver/internal/fs/mount.go:218.3,218.25 1 1
github.com/frosado/onecloudriver/internal/fs/mount.go:218.25,221.40 1 1
github.com/frosado/onecloudriver/internal/fs/mount.go:221.40,222.27 1 1
github.com/frosado/onecloudriver/internal/fs/mount.go:222.27,224.6 1 1
github.com/frosado/onecloudriver/internal/fs/mount.go:229.2,229.12 1 1
github.com/frosado/onecloudriver/internal/fs/mount.go:234.95,237.16 2 1
github.com/frosado/onecloudriver/internal/fs/mount.go:237.16,239.26 1 1
github.com/frosado/onecloudriver/internal/fs/mount.go:239.26,242.4 2 0
github.com/frosado/onecloudriver/internal/fs/mount.go:243.3,243.62 1 1
github.com/frosado/onecloudriver/internal/fs/mount.go:245.2,251.16 3 1
github.com/frosado/onecloudriver/internal/fs/mount.go:251.16,252.26 1 1
github.com/frosado/onecloudriver/internal/fs/mount.go:252.26,255.4 2 1
github.com/frosado/onecloudriver/internal/fs/mount.go:257.3,269.4 1 1
github.com/frosado/onecloudriver/internal/fs/mount.go:272.2,272.12 1 1
github.com/frosado/onecloudriver/internal/fs/mount.go:277.97,279.50 1 0
github.com/frosado/onecloudriver/internal/fs/mount.go:279.50,281.3 1 0
github.com/frosado/onecloudriver/internal/fs/mount.go:281.8,281.26 1 0
github.com/frosado/onecloudriver/internal/fs/mount.go:281.26,283.3 1 0
github.com/frosado/onecloudriver/internal/fs/mount.go:286.2,287.28 2 0
github.com/frosado/onecloudriver/internal/fs/mount.go:287.28,289.3 1 0
github.com/frosado/onecloudriver/internal/fs/mount.go:290.2,292.29 2 0
github.com/frosado/onecloudriver/internal/fs/mount.go:292.29,294.3 1 0
github.com/frosado/onecloudriver/internal/fs/mount.go:298.2,298.80 1 0
github.com/frosado/onecloudriver/internal/fs/mount.go:298.80,300.3 1 0
github.com/frosado/onecloudriver/internal/fs/mount.go:302.2,303.16 2 0
github.com/frosado/onecloudriver/internal/fs/mount.go:303.16,305.3 1 0
github.com/frosado/onecloudriver/internal/fs/mount.go:308.2,319.58 7 0
github.com/frosado/onecloudriver/internal/fs/mount.go:319.58,321.3 1 0
github.com/frosado/onecloudriver/internal/fs/mount.go:323.2,323.15 1 0
github.com/frosado/onecloudriver/internal/fs/mount.go:323.15,324.44 1 0
github.com/frosado/onecloudriver/internal/fs/mount.go:324.44,326.4 1 0
github.com/frosado/onecloudriver/internal/fs/mount.go:330.2,334.24 3 0
github.com/frosado/onecloudriver/internal/fs/mount.go:334.24,336.3 1 0
github.com/frosado/onecloudriver/internal/fs/mount.go:337.2,349.28 6 0
github.com/frosado/onecloudriver/internal/fs/mount.go:349.28,350.41 1 0
github.com/frosado/onecloudriver/internal/fs/mount.go:350.41,350.75 1 0
github.com/frosado/onecloudriver/internal/fs/mount.go:351.3,351.43 1 0
github.com/frosado/onecloudriver/internal/fs/mount.go:351.43,351.79 1 0
github.com/frosado/onecloudriver/internal/fs/mount.go:352.3,352.46 1 0
github.com/frosado/onecloudriver/internal/fs/mount.go:352.46,352.85 1 0
github.com/frosado/onecloudriver/internal/fs/mount.go:353.3,353.42 1 0
github.com/frosado/onecloudriver/internal/fs/mount.go:353.42,353.82 1 0
github.com/frosado/onecloudriver/internal/fs/mount.go:354.3,354.55 1 0
github.com/frosado/onecloudriver/internal/fs/mount.go:354.55,354.90 1 0
github.com/frosado/onecloudriver/internal/fs/mount.go:355.3,355.48 1 0
github.com/frosado/onecloudriver/internal/fs/mount.go:355.48,355.83 1 0
github.com/frosado/onecloudriver/internal/fs/mount.go:356.3,356.48 1 0
github.com/frosado/onecloudriver/internal/fs/mount.go:356.48,356.93 2 0
github.com/frosado/onecloudriver/internal/fs/mount.go:357.3,357.45 1 0
github.com/frosado/onecloudriver/internal/fs/mount.go:357.45,357.90 2 0
github.com/frosado/onecloudriver/internal/fs/mount.go:358.3,358.47 1 0
github.com/frosado/onecloudriver/internal/fs/mount.go:358.47,358.89 2 0
github.com/frosado/onecloudriver/internal/fs/mount.go:359.3,359.48 1 0
github.com/frosado/onecloudriver/internal/fs/mount.go:359.48,359.90 2 0
github.com/frosado/onecloudriver/internal/fs/mount.go:360.3,360.70 1 0
github.com/frosado/onecloudriver/internal/fs/mount.go:360.70,362.4 1 0
github.com/frosado/onecloudriver/internal/fs/mount.go:369.2,369.29 1 0
github.com/frosado/onecloudriver/internal/fs/mount.go:369.29,370.13 1 0
github.com/frosado/onecloudriver/internal/fs/mount.go:370.13,376.85 3 0
github.com/frosado/onecloudriver/internal/fs/mount.go:376.85,377.45 1 0
github.com/frosado/onecloudriver/internal/fs/mount.go:377.45,379.6 1 0
github.com/frosado/onecloudriver/internal/fs/mount.go:380.5,380.74 1 0
github.com/frosado/onecloudriver/internal/fs/mount.go:383.4,383.88 1 0
github.com/frosado/onecloudriver/internal/fs/mount.go:383.88,386.5 1 0
github.com/frosado/onecloudriver/internal/fs/mount.go:386.10,389.5 1 0
github.com/frosado/onecloudriver/internal/fs/mount.go:393.2,405.16 4 0
github.com/frosado/onecloudriver/internal/fs/mount.go:405.16,409.3 3 0
github.com/frosado/onecloudriver/internal/fs/mount.go:411.2,417.12 5 0
github.com/frosado/onecloudriver/internal/fs/mount.go:417.12,428.53 6 0
github.com/frosado/onecloudriver/internal/fs/mount.go:428.53,430.4 1 0
github.com/frosado/onecloudriver/internal/fs/mount.go:431.3,431.51 1 0
github.com/frosado/onecloudriver/internal/fs/mount.go:431.51,433.4 1 0
github.com/frosado/onecloudriver/internal/fs/mount.go:435.3,436.42 2 0
github.com/frosado/onecloudriver/internal/fs/mount.go:436.42,439.4 2 0
github.com/frosado/onecloudriver/internal/fs/mount.go:439.9,441.84 2 0
github.com/frosado/onecloudriver/internal/fs/mount.go:441.84,443.5 1 0
github.com/frosado/onecloudriver/internal/fs/mount.go:443.10,446.5 2 0
github.com/frosado/onecloudriver/internal/fs/mount.go:449.3,451.44 2 0
github.com/frosado/onecloudriver/internal/fs/mount.go:451.44,453.4 1 0
github.com/frosado/onecloudriver/internal/fs/mount.go:455.3,455.16 1 0
github.com/frosado/onecloudriver/internal/fs/mount.go:455.16,457.4 1 0
github.com/frosado/onecloudriver/internal/fs/mount.go:459.3,460.13 2 0
github.com/frosado/onecloudriver/internal/fs/mount.go:463.2,465.114 2 0
github.com/frosado/onecloudriver/internal/fs/root.go:30.15,40.2 1 1
github.com/frosado/onecloudriver/internal/fs/root.go:52.99,66.2 12 1
github.com/frosado/onecloudriver/internal/fs/root.go:70.83,88.2 10 1
github.com/frosado/onecloudriver/internal/fs/root.go:91.81,93.2 1 1
github.com/frosado/onecloudriver/internal/fs/root.go:96.110,98.2 1 1
github.com/frosado/onecloudriver/internal/fs/root.go:101.101,103.2 1 1
github.com/frosado/onecloudriver/internal/fs/root.go:117.37,118.16 1 1
github.com/frosado/onecloudriver/internal/fs/root.go:118.16,120.3 1 1
github.com/frosado/onecloudriver/internal/fs/root.go:123.2,127.73 2 1
github.com/frosado/onecloudriver/internal/fs/root.go:127.73,129.3 1 1
github.com/frosado/onecloudriver/internal/fs/root.go:133.2,139.4 1 1
github.com/frosado/onecloudriver/internal/fs/root.go:139.4,140.29 1 1
github.com/frosado/onecloudriver/internal/fs/root.go:140.29,142.4 1 1
github.com/frosado/onecloudriver/internal/fs/root.go:144.2,144.14 1 1
github.com/frosado/onecloudriver/internal/fs/root.go:148.122,150.2 1 0
github.com/frosado/onecloudriver/internal/fs/root.go:153.76,155.2 1 1
github.com/frosado/onecloudriver/internal/fs/root.go:158.77,160.2 1 1
github.com/frosado/onecloudriver/internal/fs/root.go:163.135,165.2 1 0
github.com/frosado/onecloudriver/internal/fs/root.go:168.160,170.2 1 0
github.com/frosado/onecloudriver/internal/fs/root.go:173.43,175.2 1 1
github.com/frosado/onecloudriver/internal/fs/root.go:179.52,180.23 1 1
github.com/frosado/onecloudriver/internal/fs/root.go:181.22,182.25 1 1
github.com/frosado/onecloudriver/internal/fs/root.go:183.19,184.16 1 1
github.com/frosado/onecloudriver/internal/fs/root.go:185.10,186.12 1 1
github.com/frosado/onecloudriver/internal/fs/root.go:193.140,194.42 1 1
github.com/frosado/onecloudriver/internal/fs/root.go:194.42,196.3 1 1
github.com/frosado/onecloudriver/internal/fs/root.go:197.2,197.61 1 1
github.com/frosado/onecloudriver/internal/fs/upload_manager.go:86.18,87.29 1 1
github.com/frosado/onecloudriver/internal/fs/upload_manager.go:87.29,89.3 1 1
github.com/frosado/onecloudriver/internal/fs/upload_manager.go:90.2,90.27 1 1
github.com/frosado/onecloudriver/internal/fs/upload_manager.go:90.27,92.3 1 1
github.com/frosado/onecloudriver/internal/fs/upload_manager.go:94.2,110.11 3 1
github.com/frosado/onecloudriver/internal/fs/upload_manager.go:114.34,117.2 2 1
github.com/frosado/onecloudriver/internal/fs/upload_manager.go:121.33,124.2 2 1
github.com/frosado/onecloudriver/internal/fs/upload_manager.go:134.70,138.16 2 1
github.com/frosado/onecloudriver/internal/fs/upload_manager.go:138.16,141.38 1 1
github.com/frosado/onecloudriver/internal/fs/upload_manager.go:141.38,143.4 1 0
github.com/frosado/onecloudriver/internal/fs/upload_manager.go:144.3,144.15 1 1
github.com/frosado/onecloudriver/internal/fs/upload_manager.go:146.2,146.15 1 1
github.com/frosado/onecloudriver/internal/fs/upload_manager.go:146.15,149.3 1 1
github.com/frosado/onecloudriver/internal/fs/upload_manager.go:151.2,152.16 2 1
github.com/frosado/onecloudriver/internal/fs/upload_manager.go:152.16,154.45 2 0
github.com/frosado/onecloudriver/internal/fs/upload_manager.go:154.45,156.4 1 0
github.com/frosado/onecloudriver/internal/fs/upload_manager.go:157.3,157.15 1 0
github.com/frosado/onecloudriver/internal/fs/upload_manager.go:160.2,161.13 2 1
github.com/frosado/onecloudriver/internal/fs/upload_manager.go:166.50,168.2 1 1
github.com/frosado/onecloudriver/internal/fs/upload_manager.go:173.59,178.2 4 0
github.com/frosado/onecloudriver/internal/fs/upload_manager.go:189.73,193.13 4 1
github.com/frosado/onecloudriver/internal/fs/upload_manager.go:193.13,195.3 1 1
github.com/frosado/onecloudriver/internal/fs/upload_manager.go:197.2,199.23 3 1
github.com/frosado/onecloudriver/internal/fs/upload_manager.go:199.23,201.3 1 1
github.com/frosado/onecloudriver/internal/fs/upload_manager.go:202.2,205.32 2 1
github.com/frosado/onecloudriver/internal/fs/upload_manager.go:213.39,221.6 5 1
github.com/frosado/onecloudriver/internal/fs/upload_manager.go:221.6,222.10 1 1
github.com/frosado/onecloudriver/internal/fs/upload_manager.go:223.20,225.10 2 1
github.com/frosado/onecloudriver/internal/fs/upload_manager.go:227.30,229.30 1 1
github.com/frosado/onecloudriver/internal/fs/upload_manager.go:231.39,233.30 1 1
github.com/frosado/onecloudriver/internal/fs/upload_manager.go:235.19,238.24 1 0
github.com/frosado/onecloudriver/internal/fs/upload_manager.go:245.65,250.52 3 1
github.com/frosado/onecloudriver/internal/fs/upload_manager.go:250.52,254.3 3 1
github.com/frosado/onecloudriver/internal/fs/upload_manager.go:256.2,259.40 2 1
github.com/frosado/onecloudriver/internal/fs/upload_manager.go:266.76,268.16 2 1
github.com/frosado/onecloudriver/internal/fs/upload_manager.go:268.16,272.3 2 0
github.com/frosado/onecloudriver/internal/fs/upload_manager.go:273.2,273.43 1 1
github.com/frosado/onecloudriver/internal/fs/upload_manager.go:278.44,282.33 3 1
github.com/frosado/onecloudriver/internal/fs/upload_manager.go:282.33,284.3 1 1
github.com/frosado/onecloudriver/internal/fs/upload_manager.go:285.2,287.35 2 1
github.com/frosado/onecloudriver/internal/fs/upload_manager.go:287.35,288.29 1 1
github.com/frosado/onecloudriver/internal/fs/upload_manager.go:289.22,290.32 1 1
github.com/frosado/onecloudriver/internal/fs/upload_manager.go:292.22,294.51 1 1
github.com/frosado/onecloudriver/internal/fs/upload_manager.go:294.51,295.13 1 0
github.com/frosado/onecloudriver/internal/fs/upload_manager.go:298.4,299.29 2 1
github.com/frosado/onecloudriver/internal/fs/upload_manager.go:299.29,313.5 4 1
github.com/frosado/onecloudriver/internal/fs/upload_manager.go:313.10,313.46 1 1
github.com/frosado/onecloudriver/internal/fs/upload_manager.go:313.46,321.5 2 1
github.com/frosado/onecloudriver/internal/fs/upload_manager.go:321.10,329.5 3 1
github.com/frosado/onecloudriver/internal/fs/upload_manager.go:331.23,332.32 1 1
github.com/frosado/onecloudriver/internal/fs/upload_manager.go:340.67,342.37 2 1
github.com/frosado/onecloudriver/internal/fs/upload_manager.go:342.37,345.3 2 1
github.com/frosado/onecloudriver/internal/fs/upload_manager.go:346.2,349.30 3 1
github.com/frosado/onecloudriver/internal/fs/upload_manager.go:354.44,355.32 1 1
github.com/frosado/onecloudriver/internal/fs/upload_manager.go:355.32,357.3 1 1
github.com/frosado/onecloudriver/internal/fs/upload_manager.go:358.2,358.30 1 1
github.com/frosado/onecloudriver/internal/fs/upload_manager.go:363.41,364.30 1 1
github.com/frosado/onecloudriver/internal/fs/upload_manager.go:364.30,366.3 1 1
github.com/frosado/onecloudriver/internal/fs/upload_manager.go:367.2,367.28 1 1
github.com/frosado/onecloudriver/internal/fs/upload_manager.go:372.64,374.54 2 1
github.com/frosado/onecloudriver/internal/fs/upload_manager.go:374.54,376.26 2 1
github.com/frosado/onecloudriver/internal/fs/upload_manager.go:376.26,378.4 1 1
github.com/frosado/onecloudriver/internal/fs/upload_manager.go:380.2,380.10 1 1
github.com/frosado/onecloudriver/internal/fs/upload_manager.go:389.64,405.14 9 1
github.com/frosado/onecloudriver/internal/fs/upload_manager.go:405.14,406.51 1 1
github.com/frosado/onecloudriver/internal/fs/upload_manager.go:406.51,410.4 3 1
github.com/frosado/onecloudriver/internal/fs/upload_manager.go:413.2,414.16 2 1
github.com/frosado/onecloudriver/internal/fs/upload_manager.go:414.16,419.3 4 1
github.com/frosado/onecloudriver/internal/fs/upload_manager.go:422.2,422.16 1 1
github.com/frosado/onecloudriver/internal/fs/upload_manager.go:422.16,426.54 2 1
github.com/frosado/onecloudriver/internal/fs/upload_manager.go:426.54,433.4 6 1
github.com/frosado/onecloudriver/internal/fs/upload_manager.go:434.3,434.39 1 1
github.com/frosado/onecloudriver/internal/fs/upload_manager.go:435.8,437.51 1 1
github.com/frosado/onecloudriver/internal/fs/upload_manager.go:437.51,443.4 5 0
github.com/frosado/onecloudriver/internal/fs/upload_manager.go:446.2,464.46 7 1
github.com/frosado/onecloudriver/internal/fs/upload_manager.go:464.46,465.104 1 1
github.com/frosado/onecloudriver/internal/fs/upload_manager.go:465.104,471.4 1 0
github.com/frosado/onecloudriver/internal/fs/upload_manager.go:471.9,477.4 1 1
github.com/frosado/onecloudriver/internal/fs/upload_manager.go:480.2,481.21 2 1
github.com/frosado/onecloudriver/internal/fs/upload_manager.go:486.41,490.2 3 1
github.com/frosado/onecloudriver/internal/fs/upload_manager.go:494.63,496.2 1 1
github.com/frosado/onecloudriver/internal/fs/upload_manager.go:503.193,505.16 2 1
github.com/frosado/onecloudriver/internal/fs/upload_manager.go:505.16,507.3 1 0
github.com/frosado/onecloudriver/internal/fs/upload_manager.go:508.2,511.16 3 1
github.com/frosado/onecloudriver/internal/fs/upload_manager.go:511.16,513.3 1 1
github.com/frosado/onecloudriver/internal/fs/upload_manager.go:517.2,517.61 1 1
github.com/frosado/onecloudriver/internal/fs/upload_manager.go:517.61,519.3 1 1
github.com/frosado/onecloudriver/internal/fs/upload_manager.go:521.2,521.24 1 1
github.com/frosado/onecloudriver/internal/fs/upload_manager.go:528.172,531.110 2 1
github.com/frosado/onecloudriver/internal/fs/upload_manager.go:531.110,536.3 1 0
github.com/frosado/onecloudriver/internal/fs/upload_manager.go:536.8,541.3 1 1
github.com/frosado/onecloudriver/internal/fs/upload_manager.go:543.2,544.16 2 1
github.com/frosado/onecloudriver/internal/fs/upload_manager.go:544.16,546.3 1 0
github.com/frosado/onecloudriver/internal/fs/upload_manager.go:547.2,550.16 3 1
github.com/frosado/onecloudriver/internal/fs/upload_manager.go:550.16,552.3 1 0
github.com/frosado/onecloudriver/internal/fs/upload_manager.go:553.2,553.24 1 1
github.com/frosado/onecloudriver/internal/fs/upload_manager.go:560.173,561.14 1 1
github.com/frosado/onecloudriver/internal/fs/upload_manager.go:561.14,562.26 1 1
github.com/frosado/onecloudriver/internal/fs/upload_manager.go:562.26,564.4 1 1
github.com/frosado/onecloudriver/internal/fs/upload_manager.go:565.3,565.91 1 0
github.com/frosado/onecloudriver/internal/fs/upload_manager.go:568.2,569.25 2 1
github.com/frosado/onecloudriver/internal/fs/upload_manager.go:569.25,571.3 1 1
github.com/frosado/onecloudriver/internal/fs/upload_manager.go:572.2,572.99 1 0
github.com/frosado/onecloudriver/internal/fs/upload_manager.go:578.38,579.31 1 1
github.com/frosado/onecloudriver/internal/fs/upload_manager.go:579.31,580.35 1 1
github.com/frosado/onecloudriver/internal/fs/upload_manager.go:580.35,582.4 1 1
github.com/frosado/onecloudriver/internal/fs/upload_manager.go:588.53,589.42 1 1
github.com/frosado/onecloudriver/internal/fs/upload_manager.go:589.42,591.3 1 1
github.com/frosado/onecloudriver/internal/fs/upload_manager.go:592.2,592.31 1 0
github.com/frosado/onecloudriver/internal/fs/upload_manager.go:598.52,601.46 3 1
github.com/frosado/onecloudriver/internal/fs/upload_manager.go:601.46,604.3 2 1
github.com/frosado/onecloudriver/internal/fs/upload_manager.go:605.2,605.68 1 1
github.com/frosado/onecloudriver/internal/fs/upload_manager.go:612.140,613.29 1 1
github.com/frosado/onecloudriver/internal/fs/upload_manager.go:613.29,614.108 1 1
github.com/frosado/onecloudriver/internal/fs/upload_manager.go:614.108,616.4 1 0
github.com/frosado/onecloudriver/internal/fs/upload_manager.go:618.2,618.33 1 1
github.com/frosado/onecloudriver/internal/fs/upload_manager.go:618.33,619.122 1 0
github.com/frosado/onecloudriver/internal/fs/upload_manager.go:619.122,621.4 1 0
github.com/frosado/onecloudriver/internal/fs/upload_manager.go:623.2,623.12 1 1
github.com/frosado/onecloudriver/internal/fs/upload_manager.go:631.44,633.21 2 1
github.com/frosado/onecloudriver/internal/fs/upload_manager.go:633.21,635.3 1 1
github.com/frosado/onecloudriver/internal/fs/upload_manager.go:636.2,636.16 1 1
github.com/frosado/onecloudriver/internal/fs/upload_manager.go:640.51,645.13 4 1
github.com/frosado/onecloudriver/internal/fs/upload_manager.go:645.13,647.3 1 0
github.com/frosado/onecloudriver/internal/fs/upload_manager.go:649.2,650.20 2 1
github.com/frosado/onecloudriver/internal/fs/upload_manager.go:650.20,653.3 1 1
github.com/frosado/onecloudriver/internal/fs/upload_manager.go:656.2,656.39 1 1
github.com/frosado/onecloudriver/internal/fs/upload_manager.go:662.54,664.19 2 1
github.com/frosado/onecloudriver/internal/fs/upload_manager.go:664.19,666.3 1 1
github.com/frosado/onecloudriver/internal/fs/upload_manager.go:668.2,670.28 2 0
github.com/frosado/onecloudriver/internal/fs/upload_manager.go:670.28,672.17 2 0
github.com/frosado/onecloudriver/internal/fs/upload_manager.go:672.17,675.12 3 0
github.com/frosado/onecloudriver/internal/fs/upload_manager.go:679.3,680.30 2 0
github.com/frosado/onecloudriver/internal/fs/upload_manager.go:680.30,686.4 5 0
github.com/frosado/onecloudriver/internal/fs/upload_manager.go:686.9,690.4 2 0
github.com/frosado/onecloudriver/internal/fs/upload_manager.go:702.50,703.26 1 1
github.com/frosado/onecloudriver/internal/fs/upload_manager.go:703.26,705.3 1 1
github.com/frosado/onecloudriver/internal/fs/upload_manager.go:706.2,708.15 3 1
github.com/frosado/onecloudriver/internal/fs/upload_session.go:65.49,69.2 3 1
github.com/frosado/onecloudriver/internal/fs/upload_session.go:72.65,75.16 3 1
github.com/frosado/onecloudriver/internal/fs/upload_session.go:75.16,77.3 1 1
github.com/frosado/onecloudriver/internal/fs/upload_session.go:78.2,78.16 1 1
github.com/frosado/onecloudriver/internal/fs/upload_session.go:82.45,86.2 3 1
github.com/frosado/onecloudriver/internal/fs/upload_session.go:90.47,94.2 3 1
github.com/frosado/onecloudriver/internal/fs/upload_session.go:97.53,101.2 3 1
github.com/frosado/onecloudriver/internal/fs/upload_session.go:104.54,108.2 3 1
github.com/frosado/onecloudriver/internal/fs/upload_session.go:113.87,114.20 1 1
github.com/frosado/onecloudriver/internal/fs/upload_session.go:114.20,116.3 1 1
github.com/frosado/onecloudriver/internal/fs/upload_session.go:117.2,123.8 1 1
github.com/frosado/onecloudriver/internal/fs/upload_session.go:130.108,131.24 1 1
github.com/frosado/onecloudriver/internal/fs/upload_session.go:131.24,133.3 1 1
github.com/frosado/onecloudriver/internal/fs/upload_session.go:134.2,134.15 1 1
github.com/frosado/onecloudriver/internal/fs/upload_session.go:134.15,136.3 1 1
github.com/frosado/onecloudriver/internal/fs/upload_session.go:137.2,144.8 1 1
github.com/frosado/onecloudriver/internal/fs/upload_session.go:155.66,162.16 6 1
github.com/frosado/onecloudriver/internal/fs/upload_session.go:162.16,164.17 2 1
github.com/frosado/onecloudriver/internal/fs/upload_session.go:164.17,166.4 1 0
github.com/frosado/onecloudriver/internal/fs/upload_session.go:167.3,167.22 1 1
github.com/frosado/onecloudriver/internal/fs/upload_session.go:169.2,169.55 1 1
github.com/frosado/onecloudriver/internal/fs/upload_session.go:174.44,180.16 5 1
github.com/frosado/onecloudriver/internal/fs/upload_session.go:180.16,182.3 1 1
github.com/frosado/onecloudriver/internal/fs/upload_session.go:183.2,183.63 1 1
github.com/frosado/onecloudriver/internal/fs/upload_session.go:183.63,185.3 1 0
github.com/frosado/onecloudriver/internal/fs/upload_session.go:189.51,194.2 4 1
github.com/frosado/onecloudriver/internal/fs/upload_session.go:197.64,199.50 2 1
github.com/frosado/onecloudriver/internal/fs/upload_session.go:199.50,201.3 1 0
github.com/frosado/onecloudriver/internal/fs/upload_session.go:202.2,202.17 1 1
